Archive member included because of file (symbol)

../lib/libbwio.a(bwio.o)      kernel.o (bwsetfifo)
/u/wbcowan/gnuarm-4.0.2/lib/gcc/arm-elf/4.0.2/libgcc.a(_udivsi3.o)
                              ../lib/libbwio.a(bwio.o) (__udivsi3)
/u/wbcowan/gnuarm-4.0.2/lib/gcc/arm-elf/4.0.2/libgcc.a(_umodsi3.o)
                              ../lib/libbwio.a(bwio.o) (__umodsi3)
/u/wbcowan/gnuarm-4.0.2/lib/gcc/arm-elf/4.0.2/libgcc.a(_dvmd_tls.o)
                              /u/wbcowan/gnuarm-4.0.2/lib/gcc/arm-elf/4.0.2/libgcc.a(_udivsi3.o) (__div0)

Memory Configuration

Name             Origin             Length             Attributes
ram              0x0000000000000000 0x0000000002000000
rom              0x0000000060000000 0x0000000000800000
*default*        0x0000000000000000 0xffffffffffffffff

Linker script and memory map


data            0x0000000000000000        0x0
                0x0000000000000000                _DataStart = .
 *(.data)
                0x0000000000000000                _DataEnd = .

bss             0x0000000000000000        0x0
                0x0000000000000000                _BssStart = .
 *(.bss)
                0x0000000000000000                _BssEnd = .

text            0x0000000000000000     0x1eb0
 *(.text)
 .text          0x0000000000000000      0xf44 kernel.o
                0x000000000000006c                MyParentTid
                0x0000000000000094                Pass
                0x0000000000000000                Create
                0x00000000000003d8                schedule
                0x00000000000000bc                user
                0x0000000000000044                MyTid
                0x0000000000000890                activate
                0x00000000000000a8                Exit
                0x00000000000009d4                handle
                0x0000000000000cdc                main
                0x00000000000007ec                getTaskDes
                0x000000000000013c                first
                0x0000000000000268                initialize
                0x0000000000000684                pq_delete
                0x0000000000000494                pq_insert
                0x000000000000057c                pq_movetoend
 .text          0x0000000000000f44      0xc54 ../lib/libbwio.a(bwio.o)
                0x00000000000012bc                bwputr
                0x0000000000001828                bwi2a
                0x0000000000000f44                bwsetfifo
                0x0000000000001118                bwputc
                0x0000000000001578                bwa2d
                0x000000000000100c                bwsetspeed
                0x00000000000011dc                c2x
                0x0000000000001620                bwa2i
                0x00000000000014c0                bwgetc
                0x00000000000016e4                bwui2a
                0x000000000000188c                bwformat
                0x00000000000013b8                bwputw
                0x0000000000001b60                bwprintf
                0x000000000000123c                bwputx
                0x000000000000133c                bwputstr
 .text          0x0000000000001b98      0x110 /u/wbcowan/gnuarm-4.0.2/lib/gcc/arm-elf/4.0.2/libgcc.a(_udivsi3.o)
                0x0000000000001b98                __udivsi3
                0x0000000000001c90                __aeabi_uidivmod
 .text          0x0000000000001ca8       0xcc /u/wbcowan/gnuarm-4.0.2/lib/gcc/arm-elf/4.0.2/libgcc.a(_umodsi3.o)
                0x0000000000001ca8                __umodsi3
 .text          0x0000000000001d74        0x4 /u/wbcowan/gnuarm-4.0.2/lib/gcc/arm-elf/4.0.2/libgcc.a(_dvmd_tls.o)
                0x0000000000001d74                __aeabi_ldiv0
                0x0000000000001d74                __div0
                0x0000000000001d74                __aeabi_idiv0
 *(.got)
 .got           0x0000000000001d78        0x8 kernel.o
 *(.got.plt)
 .got.plt       0x0000000000001d80        0xc kernel.o
                0x0000000000001d80                _GLOBAL_OFFSET_TABLE_
 *(.rodata)
 .rodata        0x0000000000001d8c      0x124 kernel.o
 *(.glue_7)
 *(.glue_7t)

.rel.dyn
LOAD kernel.o
LOAD ../lib/libbwio.a
LOAD ../lib/libtaskDescriptor.a
LOAD /u/wbcowan/gnuarm-4.0.2/lib/gcc/arm-elf/4.0.2/libgcc.a
OUTPUT(kernel.elf elf32-littlearm)

.comment        0x0000000000000000       0x24
 .comment       0x0000000000000000       0x12 kernel.o
 .comment       0x0000000000000012       0x12 ../lib/libbwio.a(bwio.o)

.debug_line     0x0000000000000000      0x14f
 .debug_line    0x0000000000000000       0x86 /u/wbcowan/gnuarm-4.0.2/lib/gcc/arm-elf/4.0.2/libgcc.a(_udivsi3.o)
 .debug_line    0x0000000000000086       0x6f /u/wbcowan/gnuarm-4.0.2/lib/gcc/arm-elf/4.0.2/libgcc.a(_umodsi3.o)
 .debug_line    0x00000000000000f5       0x5a /u/wbcowan/gnuarm-4.0.2/lib/gcc/arm-elf/4.0.2/libgcc.a(_dvmd_tls.o)

.debug_info     0x0000000000000000      0x153
 .debug_info    0x0000000000000000       0x71 /u/wbcowan/gnuarm-4.0.2/lib/gcc/arm-elf/4.0.2/libgcc.a(_udivsi3.o)
 .debug_info    0x0000000000000071       0x71 /u/wbcowan/gnuarm-4.0.2/lib/gcc/arm-elf/4.0.2/libgcc.a(_umodsi3.o)
 .debug_info    0x00000000000000e2       0x71 /u/wbcowan/gnuarm-4.0.2/lib/gcc/arm-elf/4.0.2/libgcc.a(_dvmd_tls.o)

.debug_abbrev   0x0000000000000000       0x3c
 .debug_abbrev  0x0000000000000000       0x14 /u/wbcowan/gnuarm-4.0.2/lib/gcc/arm-elf/4.0.2/libgcc.a(_udivsi3.o)
 .debug_abbrev  0x0000000000000014       0x14 /u/wbcowan/gnuarm-4.0.2/lib/gcc/arm-elf/4.0.2/libgcc.a(_umodsi3.o)
 .debug_abbrev  0x0000000000000028       0x14 /u/wbcowan/gnuarm-4.0.2/lib/gcc/arm-elf/4.0.2/libgcc.a(_dvmd_tls.o)

.debug_aranges  0x0000000000000000       0x60
 .debug_aranges
                0x0000000000000000       0x20 /u/wbcowan/gnuarm-4.0.2/lib/gcc/arm-elf/4.0.2/libgcc.a(_udivsi3.o)
 .debug_aranges
                0x0000000000000020       0x20 /u/wbcowan/gnuarm-4.0.2/lib/gcc/arm-elf/4.0.2/libgcc.a(_umodsi3.o)
 .debug_aranges
                0x0000000000000040       0x20 /u/wbcowan/gnuarm-4.0.2/lib/gcc/arm-elf/4.0.2/libgcc.a(_dvmd_tls.o)
