Archive member included because of file (symbol)

/u/wbcowan/gnuarm-4.0.2/lib/gcc/arm-elf/4.0.2/libgcc.a(_udivsi3.o)
                              wrapper.o (__udivsi3)
/u/wbcowan/gnuarm-4.0.2/lib/gcc/arm-elf/4.0.2/libgcc.a(_divsi3.o)
                              train.o (__divsi3)
/u/wbcowan/gnuarm-4.0.2/lib/gcc/arm-elf/4.0.2/libgcc.a(_umodsi3.o)
                              wrapper.o (__umodsi3)
/u/wbcowan/gnuarm-4.0.2/lib/gcc/arm-elf/4.0.2/libgcc.a(_modsi3.o)
                              train.o (__modsi3)
/u/wbcowan/gnuarm-4.0.2/lib/gcc/arm-elf/4.0.2/libgcc.a(_dvmd_tls.o)
                              /u/wbcowan/gnuarm-4.0.2/lib/gcc/arm-elf/4.0.2/libgcc.a(_udivsi3.o) (__div0)

Memory Configuration

Name             Origin             Length             Attributes
ram              0x0000000000000000 0x0000000002000000
rom              0x0000000060000000 0x0000000000800000
*default*        0x0000000000000000 0xffffffffffffffff

Linker script and memory map


data            0x0000000000000000        0x0
                0x0000000000000000                _DataStart = .
 *(.data)
                0x0000000000000000                _DataEnd = .

bss             0x0000000000000000        0x0
                0x0000000000000000                _BssStart = .
 *(.bss)
                0x0000000000000000                _BssEnd = .

text            0x0000000000000000     0xe900
 *(.text)
 .text          0x0000000000000000      0x6c4 kernel.o
                0x0000000000000000                main
 .text          0x00000000000006c4      0x330 ClockServer.o
                0x00000000000007b4                clockNotifier
                0x00000000000006c4                add_wtid
                0x00000000000007f8                clockServer
 .text          0x00000000000009f4      0x1d4 helper.o
                0x00000000000009f4                myMemCpy
                0x0000000000000af4                reverse
                0x0000000000000ba4                memcpy
                0x0000000000000a98                myStrcmp
                0x0000000000000b30                myItoa
                0x0000000000000a18                myAtoi
 .text          0x0000000000000bc8      0x68c kernelFunction.o
                0x0000000000000f9c                handle_block
                0x0000000000000bc8                handle
                0x0000000000000cf4                handle_msg_passing
 .text          0x0000000000001254      0x12c nameServer.o
                0x0000000000001254                nameServer
 .text          0x0000000000001380      0x194 taskDescriptor.o
                0x0000000000001380                schedule
                0x00000000000014e4                getTaskDes
                0x0000000000001458                pq_delete
                0x00000000000013c4                pq_insert
                0x0000000000001400                pq_movetoend
 .text          0x0000000000001514      0x11c userFunction.o
                0x0000000000001518                user
                0x0000000000001514                idle
                0x0000000000001578                first
 .text          0x0000000000001630      0x534 contextSwitch.o
                0x0000000000001630                activate
                0x00000000000018b0                initialize
 .text          0x0000000000001b64      0x938 command.o
                0x0000000000001bd0                parse_digit3
                0x00000000000021e0                parse_command
                0x0000000000001f3c                parse_arg3
                0x0000000000001c58                parse_arg1
                0x0000000000001b64                parse_digit1
                0x0000000000001b80                parse_digit2
                0x0000000000001cf4                parse_arg2
                0x0000000000002060                parse_arg4
 .text          0x000000000000249c      0x310 syscall.o
                0x000000000000249c                Send
                0x000000000000269c                MyParentTid
                0x00000000000026cc                Pass
                0x0000000000002610                Create
                0x0000000000002704                AwaitEvent
                0x0000000000002530                Receive
                0x00000000000025a0                Reply
                0x000000000000266c                MyTid
                0x000000000000277c                KExit
                0x00000000000026e8                Exit
                0x000000000000274c                IdlePct
 .text          0x00000000000027ac      0x8f0 wrapper.o
                0x0000000000002b80                putw
                0x0000000000002848                Getc
                0x00000000000028c8                Putc
                0x0000000000002b2c                putstr
                0x0000000000002dc0                i2a
                0x0000000000002ddc                format
                0x0000000000002800                WhoIs
                0x0000000000003018                setspeed
                0x0000000000002fdc                setfifo
                0x0000000000002a6c                myc2x
                0x0000000000002a8c                putx
                0x00000000000029f8                DelayUntil
                0x0000000000002ce4                ui2a
                0x0000000000002c8c                a2i
                0x0000000000002c4c                a2d
                0x0000000000002f50                Printf
                0x00000000000027ac                RegisterAs
                0x00000000000029a4                Delay
                0x0000000000002a50                Insert
                0x0000000000002950                Time
                0x0000000000002adc                putr
 .text          0x000000000000309c      0xc2c ioServer.o
                0x0000000000003ac0                Courier1
                0x0000000000003a54                COM2PutNotifier
                0x0000000000003300                COM1PutServer
                0x0000000000003bc4                Courier2
                0x000000000000374c                COM2PutServer
                0x000000000000398c                COM1PutNotifier
                0x000000000000309c                COM1GetServer
                0x00000000000034e8                COM2GetServer
                0x00000000000039f8                COM2GetNotifier
                0x0000000000003934                COM1GetNotifier
 .text          0x0000000000003cc8      0xb9c train.o
                0x0000000000003f00                timer
                0x0000000000004018                sensorData
                0x0000000000003cc8                init
                0x00000000000042ec                trainCommunication
 .text          0x0000000000004864     0x777c track_data.o
                0x00000000000084ac                init_trackb
                0x0000000000004888                init_tracka
 .text          0x000000000000bfe0     0x12fc coordinator.o
                0x000000000000c1a0                train_location_display_timer
                0x000000000000c464                Coordinator
                0x000000000000c1e8                train_location_display
                0x000000000000bfe0                trainController1
 .text          0x000000000000d2dc      0xaf8 graph.o
                0x000000000000d324                findPathDist
                0x000000000000d58c                Dijkstra
                0x000000000000d3c8                find_nxt_node
                0x000000000000d2dc                minDist
                0x000000000000d4c8                find_dist_to_next_sensor
                0x000000000000d8a8                getSwitchPath
                0x000000000000d550                find_track_node
 .text          0x000000000000ddd4      0x110 /u/wbcowan/gnuarm-4.0.2/lib/gcc/arm-elf/4.0.2/libgcc.a(_udivsi3.o)
                0x000000000000ddd4                __udivsi3
                0x000000000000decc                __aeabi_uidivmod
 .text          0x000000000000dee4      0x140 /u/wbcowan/gnuarm-4.0.2/lib/gcc/arm-elf/4.0.2/libgcc.a(_divsi3.o)
                0x000000000000dee4                __divsi3
                0x000000000000e00c                __aeabi_idivmod
 .text          0x000000000000e024       0xcc /u/wbcowan/gnuarm-4.0.2/lib/gcc/arm-elf/4.0.2/libgcc.a(_umodsi3.o)
                0x000000000000e024                __umodsi3
 .text          0x000000000000e0f0       0xe4 /u/wbcowan/gnuarm-4.0.2/lib/gcc/arm-elf/4.0.2/libgcc.a(_modsi3.o)
                0x000000000000e0f0                __modsi3
 .text          0x000000000000e1d4        0x4 /u/wbcowan/gnuarm-4.0.2/lib/gcc/arm-elf/4.0.2/libgcc.a(_dvmd_tls.o)
                0x000000000000e1d4                __aeabi_ldiv0
                0x000000000000e1d4                __div0
                0x000000000000e1d4                __aeabi_idiv0
 *(.got)
 .got           0x000000000000e1d8       0x5c ClockServer.o
 *(.got.plt)
 .got.plt       0x000000000000e234        0xc ClockServer.o
                0x000000000000e234                _GLOBAL_OFFSET_TABLE_
 *(.rodata)
 *(.rodata.str1.4)
 .rodata.str1.4
                0x000000000000e240        0xc ClockServer.o
 .rodata.str1.4
                0x000000000000e24c       0x55 wrapper.o
                                         0x64 (size before relaxing)
 .rodata.str1.4
                0x000000000000e2a1        0x0 ioServer.o
                                         0x58 (size before relaxing)
 *fill*         0x000000000000e2a1        0x3 00
 .rodata.str1.4
                0x000000000000e2a4      0x2a7 train.o
                                        0x2b0 (size before relaxing)
 *fill*         0x000000000000e54b        0x1 00
 .rodata.str1.4
                0x000000000000e54c      0x2ad track_data.o
                                        0x2b0 (size before relaxing)
 *fill*         0x000000000000e7f9        0x3 00
 .rodata.str1.4
                0x000000000000e7fc      0x102 coordinator.o
                                        0x15c (size before relaxing)
 *(.glue_7)
 *fill*         0x000000000000e8fe        0x2 00
 *(.glue_7t)

.rel.dyn
LOAD kernel.o
LOAD ClockServer.o
LOAD helper.o
LOAD kernelFunction.o
LOAD nameServer.o
LOAD taskDescriptor.o
LOAD userFunction.o
LOAD contextSwitch.o
LOAD command.o
LOAD syscall.o
LOAD wrapper.o
LOAD ioServer.o
LOAD train.o
LOAD track_data.o
LOAD coordinator.o
LOAD graph.o
LOAD /u/wbcowan/gnuarm-4.0.2/lib/gcc/arm-elf/4.0.2/libgcc.a
OUTPUT(kernel.elf elf32-littlearm)

.comment        0x0000000000000000      0x120
 .comment       0x0000000000000000       0x12 kernel.o
 .comment       0x0000000000000012       0x12 ClockServer.o
 .comment       0x0000000000000024       0x12 helper.o
 .comment       0x0000000000000036       0x12 kernelFunction.o
 .comment       0x0000000000000048       0x12 nameServer.o
 .comment       0x000000000000005a       0x12 taskDescriptor.o
 .comment       0x000000000000006c       0x12 userFunction.o
 .comment       0x000000000000007e       0x12 contextSwitch.o
 .comment       0x0000000000000090       0x12 command.o
 .comment       0x00000000000000a2       0x12 syscall.o
 .comment       0x00000000000000b4       0x12 wrapper.o
 .comment       0x00000000000000c6       0x12 ioServer.o
 .comment       0x00000000000000d8       0x12 train.o
 .comment       0x00000000000000ea       0x12 track_data.o
 .comment       0x00000000000000fc       0x12 coordinator.o
 .comment       0x000000000000010e       0x12 graph.o

.debug_line     0x0000000000000000      0x256
 .debug_line    0x0000000000000000       0x86 /u/wbcowan/gnuarm-4.0.2/lib/gcc/arm-elf/4.0.2/libgcc.a(_udivsi3.o)
 .debug_line    0x0000000000000086       0x92 /u/wbcowan/gnuarm-4.0.2/lib/gcc/arm-elf/4.0.2/libgcc.a(_divsi3.o)
 .debug_line    0x0000000000000118       0x6f /u/wbcowan/gnuarm-4.0.2/lib/gcc/arm-elf/4.0.2/libgcc.a(_umodsi3.o)
 .debug_line    0x0000000000000187       0x75 /u/wbcowan/gnuarm-4.0.2/lib/gcc/arm-elf/4.0.2/libgcc.a(_modsi3.o)
 .debug_line    0x00000000000001fc       0x5a /u/wbcowan/gnuarm-4.0.2/lib/gcc/arm-elf/4.0.2/libgcc.a(_dvmd_tls.o)

.debug_info     0x0000000000000000      0x235
 .debug_info    0x0000000000000000       0x71 /u/wbcowan/gnuarm-4.0.2/lib/gcc/arm-elf/4.0.2/libgcc.a(_udivsi3.o)
 .debug_info    0x0000000000000071       0x71 /u/wbcowan/gnuarm-4.0.2/lib/gcc/arm-elf/4.0.2/libgcc.a(_divsi3.o)
 .debug_info    0x00000000000000e2       0x71 /u/wbcowan/gnuarm-4.0.2/lib/gcc/arm-elf/4.0.2/libgcc.a(_umodsi3.o)
 .debug_info    0x0000000000000153       0x71 /u/wbcowan/gnuarm-4.0.2/lib/gcc/arm-elf/4.0.2/libgcc.a(_modsi3.o)
 .debug_info    0x00000000000001c4       0x71 /u/wbcowan/gnuarm-4.0.2/lib/gcc/arm-elf/4.0.2/libgcc.a(_dvmd_tls.o)

.debug_abbrev   0x0000000000000000       0x64
 .debug_abbrev  0x0000000000000000       0x14 /u/wbcowan/gnuarm-4.0.2/lib/gcc/arm-elf/4.0.2/libgcc.a(_udivsi3.o)
 .debug_abbrev  0x0000000000000014       0x14 /u/wbcowan/gnuarm-4.0.2/lib/gcc/arm-elf/4.0.2/libgcc.a(_divsi3.o)
 .debug_abbrev  0x0000000000000028       0x14 /u/wbcowan/gnuarm-4.0.2/lib/gcc/arm-elf/4.0.2/libgcc.a(_umodsi3.o)
 .debug_abbrev  0x000000000000003c       0x14 /u/wbcowan/gnuarm-4.0.2/lib/gcc/arm-elf/4.0.2/libgcc.a(_modsi3.o)
 .debug_abbrev  0x0000000000000050       0x14 /u/wbcowan/gnuarm-4.0.2/lib/gcc/arm-elf/4.0.2/libgcc.a(_dvmd_tls.o)

.debug_aranges  0x0000000000000000       0xa0
 .debug_aranges
                0x0000000000000000       0x20 /u/wbcowan/gnuarm-4.0.2/lib/gcc/arm-elf/4.0.2/libgcc.a(_udivsi3.o)
 .debug_aranges
                0x0000000000000020       0x20 /u/wbcowan/gnuarm-4.0.2/lib/gcc/arm-elf/4.0.2/libgcc.a(_divsi3.o)
 .debug_aranges
                0x0000000000000040       0x20 /u/wbcowan/gnuarm-4.0.2/lib/gcc/arm-elf/4.0.2/libgcc.a(_umodsi3.o)
 .debug_aranges
                0x0000000000000060       0x20 /u/wbcowan/gnuarm-4.0.2/lib/gcc/arm-elf/4.0.2/libgcc.a(_modsi3.o)
 .debug_aranges
                0x0000000000000080       0x20 /u/wbcowan/gnuarm-4.0.2/lib/gcc/arm-elf/4.0.2/libgcc.a(_dvmd_tls.o)
