Archive member included because of file (symbol)

/u/wbcowan/gnuarm-4.0.2/lib/gcc/arm-elf/4.0.2/libgcc.a(_udivsi3.o)
                              wrapper.o (__udivsi3)
/u/wbcowan/gnuarm-4.0.2/lib/gcc/arm-elf/4.0.2/libgcc.a(_divsi3.o)
                              train.o (__divsi3)
/u/wbcowan/gnuarm-4.0.2/lib/gcc/arm-elf/4.0.2/libgcc.a(_umodsi3.o)
                              wrapper.o (__umodsi3)
/u/wbcowan/gnuarm-4.0.2/lib/gcc/arm-elf/4.0.2/libgcc.a(_modsi3.o)
                              train.o (__modsi3)
/u/wbcowan/gnuarm-4.0.2/lib/gcc/arm-elf/4.0.2/libgcc.a(_dvmd_tls.o)
                              /u/wbcowan/gnuarm-4.0.2/lib/gcc/arm-elf/4.0.2/libgcc.a(_udivsi3.o) (__div0)

Memory Configuration

Name             Origin             Length             Attributes
ram              0x0000000000000000 0x0000000002000000
rom              0x0000000060000000 0x0000000000800000
*default*        0x0000000000000000 0xffffffffffffffff

Linker script and memory map


data            0x0000000000000000        0x0
                0x0000000000000000                _DataStart = .
 *(.data)
                0x0000000000000000                _DataEnd = .

bss             0x0000000000000000        0x0
                0x0000000000000000                _BssStart = .
 *(.bss)
                0x0000000000000000                _BssEnd = .

text            0x0000000000000000    0x15ab8
 *(.text)
 .text          0x0000000000000000      0x6c4 kernel.o
                0x0000000000000000                main
 .text          0x00000000000006c4      0x330 ClockServer.o
                0x00000000000007b4                clockNotifier
                0x00000000000006c4                add_wtid
                0x00000000000007f8                clockServer
 .text          0x00000000000009f4      0x1d4 helper.o
                0x00000000000009f4                myMemCpy
                0x0000000000000af4                reverse
                0x0000000000000ba4                memcpy
                0x0000000000000a98                myStrcmp
                0x0000000000000b30                myItoa
                0x0000000000000a18                myAtoi
 .text          0x0000000000000bc8      0x68c kernelFunction.o
                0x0000000000000f9c                handle_block
                0x0000000000000bc8                handle
                0x0000000000000cf4                handle_msg_passing
 .text          0x0000000000001254      0x12c nameServer.o
                0x0000000000001254                nameServer
 .text          0x0000000000001380      0x194 taskDescriptor.o
                0x0000000000001380                schedule
                0x00000000000014e4                getTaskDes
                0x0000000000001458                pq_delete
                0x00000000000013c4                pq_insert
                0x0000000000001400                pq_movetoend
 .text          0x0000000000001514      0x11c userFunction.o
                0x0000000000001518                user
                0x0000000000001514                idle
                0x0000000000001578                first
 .text          0x0000000000001630      0x534 contextSwitch.o
                0x0000000000001630                activate
                0x00000000000018b0                initialize
 .text          0x0000000000001b64      0x8c8 command.o
                0x0000000000001bd0                parse_digit3
                0x00000000000021e0                parse_command
                0x0000000000001f3c                parse_arg3
                0x0000000000001c58                parse_arg1
                0x0000000000001b64                parse_digit1
                0x0000000000001b80                parse_digit2
                0x0000000000001cf4                parse_arg2
                0x0000000000002060                parse_arg4
 .text          0x000000000000242c      0x310 syscall.o
                0x000000000000242c                Send
                0x000000000000262c                MyParentTid
                0x000000000000265c                Pass
                0x00000000000025a0                Create
                0x0000000000002694                AwaitEvent
                0x00000000000024c0                Receive
                0x0000000000002530                Reply
                0x00000000000025fc                MyTid
                0x000000000000270c                KExit
                0x0000000000002678                Exit
                0x00000000000026dc                IdlePct
 .text          0x000000000000273c      0x8f0 wrapper.o
                0x0000000000002b10                putw
                0x00000000000027d8                Getc
                0x0000000000002858                Putc
                0x0000000000002abc                putstr
                0x0000000000002d50                i2a
                0x0000000000002d6c                format
                0x0000000000002790                WhoIs
                0x0000000000002fa8                setspeed
                0x0000000000002f6c                setfifo
                0x00000000000029fc                myc2x
                0x0000000000002a1c                putx
                0x0000000000002988                DelayUntil
                0x0000000000002c74                ui2a
                0x0000000000002c1c                a2i
                0x0000000000002bdc                a2d
                0x0000000000002ee0                Printf
                0x000000000000273c                RegisterAs
                0x0000000000002934                Delay
                0x00000000000029e0                Insert
                0x00000000000028e0                Time
                0x0000000000002a6c                putr
 .text          0x000000000000302c      0xc2c ioServer.o
                0x0000000000003a50                Courier1
                0x00000000000039e4                COM2PutNotifier
                0x0000000000003290                COM1PutServer
                0x0000000000003b54                Courier2
                0x00000000000036dc                COM2PutServer
                0x000000000000391c                COM1PutNotifier
                0x000000000000302c                COM1GetServer
                0x0000000000003478                COM2GetServer
                0x0000000000003988                COM2GetNotifier
                0x00000000000038c4                COM1GetNotifier
 .text          0x0000000000003c58     0x10b8 train.o
                0x0000000000003f78                timer
                0x0000000000004168                sensorData
                0x0000000000003c58                init
                0x000000000000469c                trainCommunication
 .text          0x0000000000004d10      0xc54 bwio.o
                0x0000000000005088                bwputr
                0x00000000000055f4                bwi2a
                0x0000000000004d10                bwsetfifo
                0x0000000000004ee4                bwputc
                0x0000000000005344                bwa2d
                0x0000000000004dd8                bwsetspeed
                0x0000000000004fa8                c2x
                0x00000000000053ec                bwa2i
                0x000000000000528c                bwgetc
                0x00000000000054b0                bwui2a
                0x0000000000005658                bwformat
                0x0000000000005184                bwputw
                0x000000000000592c                bwprintf
                0x0000000000005008                bwputx
                0x0000000000005108                bwputstr
 .text          0x0000000000005964     0xe940 track_data.o
                0x000000000000c95c                init_trackb
                0x00000000000059d0                init_tracka
                0x0000000000014128                nameEqual
 .text          0x00000000000142a4      0xcf4 coordinator.o
                0x00000000000145bc                train_location_display_timer
                0x00000000000142a4                findPathDist
                0x0000000000014780                Coordinator
                0x0000000000014604                train_location_display
                0x0000000000014520                trainController
                0x0000000000014348                find_nxt_node
                0x0000000000014448                find_dist_to_next_sensor
                0x00000000000144d0                find_track_node
 .text          0x0000000000014f98      0x110 /u/wbcowan/gnuarm-4.0.2/lib/gcc/arm-elf/4.0.2/libgcc.a(_udivsi3.o)
                0x0000000000014f98                __udivsi3
                0x0000000000015090                __aeabi_uidivmod
 .text          0x00000000000150a8      0x140 /u/wbcowan/gnuarm-4.0.2/lib/gcc/arm-elf/4.0.2/libgcc.a(_divsi3.o)
                0x00000000000150a8                __divsi3
                0x00000000000151d0                __aeabi_idivmod
 .text          0x00000000000151e8       0xcc /u/wbcowan/gnuarm-4.0.2/lib/gcc/arm-elf/4.0.2/libgcc.a(_umodsi3.o)
                0x00000000000151e8                __umodsi3
 .text          0x00000000000152b4       0xe4 /u/wbcowan/gnuarm-4.0.2/lib/gcc/arm-elf/4.0.2/libgcc.a(_modsi3.o)
                0x00000000000152b4                __modsi3
 .text          0x0000000000015398        0x4 /u/wbcowan/gnuarm-4.0.2/lib/gcc/arm-elf/4.0.2/libgcc.a(_dvmd_tls.o)
                0x0000000000015398                __aeabi_ldiv0
                0x0000000000015398                __div0
                0x0000000000015398                __aeabi_idiv0
 *(.got)
 .got           0x000000000001539c       0x5c ClockServer.o
 *(.got.plt)
 .got.plt       0x00000000000153f8        0xc ClockServer.o
                0x00000000000153f8                _GLOBAL_OFFSET_TABLE_
 *(.rodata)
 .rodata        0x0000000000015404      0x284 train.o
 .rodata        0x0000000000015688      0x2b0 track_data.o
 *(.rodata.str1.4)
 .rodata.str1.4
                0x0000000000015938        0xc ClockServer.o
 .rodata.str1.4
                0x0000000000015944       0x55 wrapper.o
                                         0x64 (size before relaxing)
 .rodata.str1.4
                0x0000000000015999        0x0 ioServer.o
                                         0x58 (size before relaxing)
 *fill*         0x0000000000015999        0x3 00
 .rodata.str1.4
                0x000000000001599c      0x11a coordinator.o
                                        0x11c (size before relaxing)
 *(.glue_7)
 *fill*         0x0000000000015ab6        0x2 00
 *(.glue_7t)

.rel.dyn
LOAD kernel.o
LOAD ClockServer.o
LOAD helper.o
LOAD kernelFunction.o
LOAD nameServer.o
LOAD taskDescriptor.o
LOAD userFunction.o
LOAD contextSwitch.o
LOAD command.o
LOAD syscall.o
LOAD wrapper.o
LOAD ioServer.o
LOAD train.o
LOAD bwio.o
LOAD track_data.o
LOAD coordinator.o
LOAD /u/wbcowan/gnuarm-4.0.2/lib/gcc/arm-elf/4.0.2/libgcc.a
OUTPUT(kernel.elf elf32-littlearm)

.comment        0x0000000000000000      0x120
 .comment       0x0000000000000000       0x12 kernel.o
 .comment       0x0000000000000012       0x12 ClockServer.o
 .comment       0x0000000000000024       0x12 helper.o
 .comment       0x0000000000000036       0x12 kernelFunction.o
 .comment       0x0000000000000048       0x12 nameServer.o
 .comment       0x000000000000005a       0x12 taskDescriptor.o
 .comment       0x000000000000006c       0x12 userFunction.o
 .comment       0x000000000000007e       0x12 contextSwitch.o
 .comment       0x0000000000000090       0x12 command.o
 .comment       0x00000000000000a2       0x12 syscall.o
 .comment       0x00000000000000b4       0x12 wrapper.o
 .comment       0x00000000000000c6       0x12 ioServer.o
 .comment       0x00000000000000d8       0x12 train.o
 .comment       0x00000000000000ea       0x12 bwio.o
 .comment       0x00000000000000fc       0x12 track_data.o
 .comment       0x000000000000010e       0x12 coordinator.o

.debug_line     0x0000000000000000      0x256
 .debug_line    0x0000000000000000       0x86 /u/wbcowan/gnuarm-4.0.2/lib/gcc/arm-elf/4.0.2/libgcc.a(_udivsi3.o)
 .debug_line    0x0000000000000086       0x92 /u/wbcowan/gnuarm-4.0.2/lib/gcc/arm-elf/4.0.2/libgcc.a(_divsi3.o)
 .debug_line    0x0000000000000118       0x6f /u/wbcowan/gnuarm-4.0.2/lib/gcc/arm-elf/4.0.2/libgcc.a(_umodsi3.o)
 .debug_line    0x0000000000000187       0x75 /u/wbcowan/gnuarm-4.0.2/lib/gcc/arm-elf/4.0.2/libgcc.a(_modsi3.o)
 .debug_line    0x00000000000001fc       0x5a /u/wbcowan/gnuarm-4.0.2/lib/gcc/arm-elf/4.0.2/libgcc.a(_dvmd_tls.o)

.debug_info     0x0000000000000000      0x235
 .debug_info    0x0000000000000000       0x71 /u/wbcowan/gnuarm-4.0.2/lib/gcc/arm-elf/4.0.2/libgcc.a(_udivsi3.o)
 .debug_info    0x0000000000000071       0x71 /u/wbcowan/gnuarm-4.0.2/lib/gcc/arm-elf/4.0.2/libgcc.a(_divsi3.o)
 .debug_info    0x00000000000000e2       0x71 /u/wbcowan/gnuarm-4.0.2/lib/gcc/arm-elf/4.0.2/libgcc.a(_umodsi3.o)
 .debug_info    0x0000000000000153       0x71 /u/wbcowan/gnuarm-4.0.2/lib/gcc/arm-elf/4.0.2/libgcc.a(_modsi3.o)
 .debug_info    0x00000000000001c4       0x71 /u/wbcowan/gnuarm-4.0.2/lib/gcc/arm-elf/4.0.2/libgcc.a(_dvmd_tls.o)

.debug_abbrev   0x0000000000000000       0x64
 .debug_abbrev  0x0000000000000000       0x14 /u/wbcowan/gnuarm-4.0.2/lib/gcc/arm-elf/4.0.2/libgcc.a(_udivsi3.o)
 .debug_abbrev  0x0000000000000014       0x14 /u/wbcowan/gnuarm-4.0.2/lib/gcc/arm-elf/4.0.2/libgcc.a(_divsi3.o)
 .debug_abbrev  0x0000000000000028       0x14 /u/wbcowan/gnuarm-4.0.2/lib/gcc/arm-elf/4.0.2/libgcc.a(_umodsi3.o)
 .debug_abbrev  0x000000000000003c       0x14 /u/wbcowan/gnuarm-4.0.2/lib/gcc/arm-elf/4.0.2/libgcc.a(_modsi3.o)
 .debug_abbrev  0x0000000000000050       0x14 /u/wbcowan/gnuarm-4.0.2/lib/gcc/arm-elf/4.0.2/libgcc.a(_dvmd_tls.o)

.debug_aranges  0x0000000000000000       0xa0
 .debug_aranges
                0x0000000000000000       0x20 /u/wbcowan/gnuarm-4.0.2/lib/gcc/arm-elf/4.0.2/libgcc.a(_udivsi3.o)
 .debug_aranges
                0x0000000000000020       0x20 /u/wbcowan/gnuarm-4.0.2/lib/gcc/arm-elf/4.0.2/libgcc.a(_divsi3.o)
 .debug_aranges
                0x0000000000000040       0x20 /u/wbcowan/gnuarm-4.0.2/lib/gcc/arm-elf/4.0.2/libgcc.a(_umodsi3.o)
 .debug_aranges
                0x0000000000000060       0x20 /u/wbcowan/gnuarm-4.0.2/lib/gcc/arm-elf/4.0.2/libgcc.a(_modsi3.o)
 .debug_aranges
                0x0000000000000080       0x20 /u/wbcowan/gnuarm-4.0.2/lib/gcc/arm-elf/4.0.2/libgcc.a(_dvmd_tls.o)
