Archive member included because of file (symbol)

/u/wbcowan/gnuarm-4.0.2/lib/gcc/arm-elf/4.0.2/libgcc.a(_udivsi3.o)
                              wrapper.o (__udivsi3)
/u/wbcowan/gnuarm-4.0.2/lib/gcc/arm-elf/4.0.2/libgcc.a(_divsi3.o)
                              train.o (__divsi3)
/u/wbcowan/gnuarm-4.0.2/lib/gcc/arm-elf/4.0.2/libgcc.a(_umodsi3.o)
                              wrapper.o (__umodsi3)
/u/wbcowan/gnuarm-4.0.2/lib/gcc/arm-elf/4.0.2/libgcc.a(_modsi3.o)
                              train.o (__modsi3)
/u/wbcowan/gnuarm-4.0.2/lib/gcc/arm-elf/4.0.2/libgcc.a(_dvmd_tls.o)
                              /u/wbcowan/gnuarm-4.0.2/lib/gcc/arm-elf/4.0.2/libgcc.a(_udivsi3.o) (__div0)

Memory Configuration

Name             Origin             Length             Attributes
ram              0x0000000000000000 0x0000000002000000
rom              0x0000000060000000 0x0000000000800000
*default*        0x0000000000000000 0xffffffffffffffff

Linker script and memory map


data            0x0000000000000000        0x0
                0x0000000000000000                _DataStart = .
 *(.data)
                0x0000000000000000                _DataEnd = .

bss             0x0000000000000000        0x0
                0x0000000000000000                _BssStart = .
 *(.bss)
                0x0000000000000000                _BssEnd = .

text            0x0000000000000000     0xcd80
 *(.text)
 .text          0x0000000000000000      0x6a0 kernel.o
                0x0000000000000000                main
 .text          0x00000000000006a0      0x330 ClockServer.o
                0x0000000000000790                clockNotifier
                0x00000000000006a0                add_wtid
                0x00000000000007d4                clockServer
 .text          0x00000000000009d0      0x1d4 helper.o
                0x00000000000009d0                myMemCpy
                0x0000000000000ad0                reverse
                0x0000000000000b80                memcpy
                0x0000000000000a74                myStrcmp
                0x0000000000000b0c                myItoa
                0x00000000000009f4                myAtoi
 .text          0x0000000000000ba4      0x678 kernelFunction.o
                0x0000000000000f6c                handle_block
                0x0000000000000ba4                handle
                0x0000000000000cc4                handle_msg_passing
 .text          0x000000000000121c      0x12c nameServer.o
                0x000000000000121c                nameServer
 .text          0x0000000000001348      0x194 taskDescriptor.o
                0x0000000000001348                schedule
                0x00000000000014ac                getTaskDes
                0x0000000000001420                pq_delete
                0x000000000000138c                pq_insert
                0x00000000000013c8                pq_movetoend
 .text          0x00000000000014dc      0x11c userFunction.o
                0x00000000000014e0                user
                0x00000000000014dc                idle
                0x0000000000001540                first
 .text          0x00000000000015f8      0x4e4 contextSwitch.o
                0x00000000000015f8                activate
                0x000000000000185c                initialize
 .text          0x0000000000001adc      0x80c command.o
                0x0000000000001b48                parse_digit3
                0x0000000000002154                parse_command
                0x0000000000001eb4                parse_arg3
                0x0000000000001bd0                parse_arg1
                0x0000000000001adc                parse_digit1
                0x0000000000001af8                parse_digit2
                0x0000000000001c6c                parse_arg2
                0x0000000000001fd8                parse_arg4
 .text          0x00000000000022e8      0x310 syscall.o
                0x00000000000022e8                Send
                0x00000000000024e8                MyParentTid
                0x0000000000002518                Pass
                0x000000000000245c                Create
                0x0000000000002550                AwaitEvent
                0x000000000000237c                Receive
                0x00000000000023ec                Reply
                0x00000000000024b8                MyTid
                0x00000000000025c8                KExit
                0x0000000000002534                Exit
                0x0000000000002598                IdlePct
 .text          0x00000000000025f8      0x8f0 wrapper.o
                0x00000000000029cc                putw
                0x0000000000002694                Getc
                0x0000000000002714                Putc
                0x0000000000002978                putstr
                0x0000000000002c0c                i2a
                0x0000000000002c28                format
                0x000000000000264c                WhoIs
                0x0000000000002e64                setspeed
                0x0000000000002e28                setfifo
                0x00000000000028b8                myc2x
                0x00000000000028d8                putx
                0x0000000000002844                DelayUntil
                0x0000000000002b30                ui2a
                0x0000000000002ad8                a2i
                0x0000000000002a98                a2d
                0x0000000000002d9c                Printf
                0x00000000000025f8                RegisterAs
                0x00000000000027f0                Delay
                0x000000000000289c                Insert
                0x000000000000279c                Time
                0x0000000000002928                putr
 .text          0x0000000000002ee8      0xbf4 ioServer.o
                0x00000000000038d4                Courier1
                0x0000000000003868                COM2PutNotifier
                0x0000000000003134                COM1PutServer
                0x00000000000039d8                Courier2
                0x0000000000003564                COM2PutServer
                0x00000000000037a0                COM1PutNotifier
                0x0000000000002ee8                COM1GetServer
                0x0000000000003318                COM2GetServer
                0x000000000000380c                COM2GetNotifier
                0x0000000000003748                COM1GetNotifier
 .text          0x0000000000003adc      0xdac train.o
                0x0000000000003adc                findPathDist
                0x0000000000003fcc                timer
                0x0000000000003b74                handleSP
                0x00000000000040e4                sensorData
                0x0000000000003d94                init
                0x00000000000043e4                trainCommunication
 .text          0x0000000000004888      0xc54 bwio.o
                0x0000000000004c00                bwputr
                0x000000000000516c                bwi2a
                0x0000000000004888                bwsetfifo
                0x0000000000004a5c                bwputc
                0x0000000000004ebc                bwa2d
                0x0000000000004950                bwsetspeed
                0x0000000000004b20                c2x
                0x0000000000004f64                bwa2i
                0x0000000000004e04                bwgetc
                0x0000000000005028                bwui2a
                0x00000000000051d0                bwformat
                0x0000000000004cfc                bwputw
                0x00000000000054a4                bwprintf
                0x0000000000004b80                bwputx
                0x0000000000004c80                bwputstr
 .text          0x00000000000054dc     0x6ea8 track_data.o
                0x0000000000008d38                init_trackb
                0x0000000000005500                init_tracka
                0x000000000000c2dc                nameEqual
 .text          0x000000000000c384      0x110 /u/wbcowan/gnuarm-4.0.2/lib/gcc/arm-elf/4.0.2/libgcc.a(_udivsi3.o)
                0x000000000000c384                __udivsi3
                0x000000000000c47c                __aeabi_uidivmod
 .text          0x000000000000c494      0x140 /u/wbcowan/gnuarm-4.0.2/lib/gcc/arm-elf/4.0.2/libgcc.a(_divsi3.o)
                0x000000000000c494                __divsi3
                0x000000000000c5bc                __aeabi_idivmod
 .text          0x000000000000c5d4       0xcc /u/wbcowan/gnuarm-4.0.2/lib/gcc/arm-elf/4.0.2/libgcc.a(_umodsi3.o)
                0x000000000000c5d4                __umodsi3
 .text          0x000000000000c6a0       0xe4 /u/wbcowan/gnuarm-4.0.2/lib/gcc/arm-elf/4.0.2/libgcc.a(_modsi3.o)
                0x000000000000c6a0                __modsi3
 .text          0x000000000000c784        0x4 /u/wbcowan/gnuarm-4.0.2/lib/gcc/arm-elf/4.0.2/libgcc.a(_dvmd_tls.o)
                0x000000000000c784                __aeabi_ldiv0
                0x000000000000c784                __div0
                0x000000000000c784                __aeabi_idiv0
 *(.got)
 .got           0x000000000000c788       0x50 ClockServer.o
 *(.got.plt)
 .got.plt       0x000000000000c7d8        0xc ClockServer.o
                0x000000000000c7d8                _GLOBAL_OFFSET_TABLE_
 *(.rodata)
 *(.rodata.str1.4)
 .rodata.str1.4
                0x000000000000c7e4        0xc ClockServer.o
 .rodata.str1.4
                0x000000000000c7f0       0x55 wrapper.o
                                         0x64 (size before relaxing)
 .rodata.str1.4
                0x000000000000c845        0x0 ioServer.o
                                         0x58 (size before relaxing)
 *fill*         0x000000000000c845        0x3 00
 .rodata.str1.4
                0x000000000000c848      0x287 train.o
                                        0x28c (size before relaxing)
 *fill*         0x000000000000cacf        0x1 00
 .rodata.str1.4
                0x000000000000cad0      0x2ad track_data.o
                                        0x2b0 (size before relaxing)
 *(.glue_7)
 *fill*         0x000000000000cd7d        0x3 00
 *(.glue_7t)

.rel.dyn
LOAD kernel.o
LOAD ClockServer.o
LOAD helper.o
LOAD kernelFunction.o
LOAD nameServer.o
LOAD taskDescriptor.o
LOAD userFunction.o
LOAD contextSwitch.o
LOAD command.o
LOAD syscall.o
LOAD wrapper.o
LOAD ioServer.o
LOAD train.o
LOAD bwio.o
LOAD track_data.o
LOAD /u/wbcowan/gnuarm-4.0.2/lib/gcc/arm-elf/4.0.2/libgcc.a
OUTPUT(kernel.elf elf32-littlearm)

.comment        0x0000000000000000      0x10e
 .comment       0x0000000000000000       0x12 kernel.o
 .comment       0x0000000000000012       0x12 ClockServer.o
 .comment       0x0000000000000024       0x12 helper.o
 .comment       0x0000000000000036       0x12 kernelFunction.o
 .comment       0x0000000000000048       0x12 nameServer.o
 .comment       0x000000000000005a       0x12 taskDescriptor.o
 .comment       0x000000000000006c       0x12 userFunction.o
 .comment       0x000000000000007e       0x12 contextSwitch.o
 .comment       0x0000000000000090       0x12 command.o
 .comment       0x00000000000000a2       0x12 syscall.o
 .comment       0x00000000000000b4       0x12 wrapper.o
 .comment       0x00000000000000c6       0x12 ioServer.o
 .comment       0x00000000000000d8       0x12 train.o
 .comment       0x00000000000000ea       0x12 bwio.o
 .comment       0x00000000000000fc       0x12 track_data.o

.debug_line     0x0000000000000000      0x256
 .debug_line    0x0000000000000000       0x86 /u/wbcowan/gnuarm-4.0.2/lib/gcc/arm-elf/4.0.2/libgcc.a(_udivsi3.o)
 .debug_line    0x0000000000000086       0x92 /u/wbcowan/gnuarm-4.0.2/lib/gcc/arm-elf/4.0.2/libgcc.a(_divsi3.o)
 .debug_line    0x0000000000000118       0x6f /u/wbcowan/gnuarm-4.0.2/lib/gcc/arm-elf/4.0.2/libgcc.a(_umodsi3.o)
 .debug_line    0x0000000000000187       0x75 /u/wbcowan/gnuarm-4.0.2/lib/gcc/arm-elf/4.0.2/libgcc.a(_modsi3.o)
 .debug_line    0x00000000000001fc       0x5a /u/wbcowan/gnuarm-4.0.2/lib/gcc/arm-elf/4.0.2/libgcc.a(_dvmd_tls.o)

.debug_info     0x0000000000000000      0x235
 .debug_info    0x0000000000000000       0x71 /u/wbcowan/gnuarm-4.0.2/lib/gcc/arm-elf/4.0.2/libgcc.a(_udivsi3.o)
 .debug_info    0x0000000000000071       0x71 /u/wbcowan/gnuarm-4.0.2/lib/gcc/arm-elf/4.0.2/libgcc.a(_divsi3.o)
 .debug_info    0x00000000000000e2       0x71 /u/wbcowan/gnuarm-4.0.2/lib/gcc/arm-elf/4.0.2/libgcc.a(_umodsi3.o)
 .debug_info    0x0000000000000153       0x71 /u/wbcowan/gnuarm-4.0.2/lib/gcc/arm-elf/4.0.2/libgcc.a(_modsi3.o)
 .debug_info    0x00000000000001c4       0x71 /u/wbcowan/gnuarm-4.0.2/lib/gcc/arm-elf/4.0.2/libgcc.a(_dvmd_tls.o)

.debug_abbrev   0x0000000000000000       0x64
 .debug_abbrev  0x0000000000000000       0x14 /u/wbcowan/gnuarm-4.0.2/lib/gcc/arm-elf/4.0.2/libgcc.a(_udivsi3.o)
 .debug_abbrev  0x0000000000000014       0x14 /u/wbcowan/gnuarm-4.0.2/lib/gcc/arm-elf/4.0.2/libgcc.a(_divsi3.o)
 .debug_abbrev  0x0000000000000028       0x14 /u/wbcowan/gnuarm-4.0.2/lib/gcc/arm-elf/4.0.2/libgcc.a(_umodsi3.o)
 .debug_abbrev  0x000000000000003c       0x14 /u/wbcowan/gnuarm-4.0.2/lib/gcc/arm-elf/4.0.2/libgcc.a(_modsi3.o)
 .debug_abbrev  0x0000000000000050       0x14 /u/wbcowan/gnuarm-4.0.2/lib/gcc/arm-elf/4.0.2/libgcc.a(_dvmd_tls.o)

.debug_aranges  0x0000000000000000       0xa0
 .debug_aranges
                0x0000000000000000       0x20 /u/wbcowan/gnuarm-4.0.2/lib/gcc/arm-elf/4.0.2/libgcc.a(_udivsi3.o)
 .debug_aranges
                0x0000000000000020       0x20 /u/wbcowan/gnuarm-4.0.2/lib/gcc/arm-elf/4.0.2/libgcc.a(_divsi3.o)
 .debug_aranges
                0x0000000000000040       0x20 /u/wbcowan/gnuarm-4.0.2/lib/gcc/arm-elf/4.0.2/libgcc.a(_umodsi3.o)
 .debug_aranges
                0x0000000000000060       0x20 /u/wbcowan/gnuarm-4.0.2/lib/gcc/arm-elf/4.0.2/libgcc.a(_modsi3.o)
 .debug_aranges
                0x0000000000000080       0x20 /u/wbcowan/gnuarm-4.0.2/lib/gcc/arm-elf/4.0.2/libgcc.a(_dvmd_tls.o)
