Archive member included because of file (symbol)

../lib/libbwio.a(bwio.o)      kernel.o (bwsetfifo)
/u/wbcowan/gnuarm-4.0.2/lib/gcc/arm-elf/4.0.2/libgcc.a(_udivsi3.o)
                              ../lib/libbwio.a(bwio.o) (__udivsi3)
/u/wbcowan/gnuarm-4.0.2/lib/gcc/arm-elf/4.0.2/libgcc.a(_umodsi3.o)
                              ../lib/libbwio.a(bwio.o) (__umodsi3)
/u/wbcowan/gnuarm-4.0.2/lib/gcc/arm-elf/4.0.2/libgcc.a(_dvmd_tls.o)
                              /u/wbcowan/gnuarm-4.0.2/lib/gcc/arm-elf/4.0.2/libgcc.a(_udivsi3.o) (__div0)

Memory Configuration

Name             Origin             Length             Attributes
ram              0x0000000000000000 0x0000000002000000
rom              0x0000000060000000 0x0000000000800000
*default*        0x0000000000000000 0xffffffffffffffff

Linker script and memory map


data            0x0000000000000000        0x0
                0x0000000000000000                _DataStart = .
 *(.data)
                0x0000000000000000                _DataEnd = .

bss             0x0000000000000000        0x0
                0x0000000000000000                _BssStart = .
 *(.bss)
                0x0000000000000000                _BssEnd = .

text            0x0000000000000000     0x2a70
 *(.text)
 .text          0x0000000000000000     0x1af8 kernel.o
                0x0000000000000000                Send
                0x0000000000000200                MyParentTid
                0x0000000000000230                Pass
                0x0000000000000e34                memcpy
                0x0000000000000174                Create
                0x00000000000004d8                schedule
                0x0000000000000094                Receive
                0x0000000000000104                Reply
                0x0000000000000268                user
                0x00000000000001d0                MyTid
                0x0000000000000990                activate
                0x000000000000024c                Exit
                0x0000000000000c5c                handle
                0x00000000000002ec                send_task
                0x000000000000038c                receive_and_reply_task
                0x00000000000016c4                main
                0x00000000000008ec                getTaskDes
                0x0000000000000440                first
                0x0000000000000ec0                handle_msg_passing
                0x0000000000000ae4                initialize
                0x0000000000000784                pq_delete
                0x0000000000000594                pq_insert
                0x000000000000067c                pq_movetoend
 .text          0x0000000000001af8      0xc54 ../lib/libbwio.a(bwio.o)
                0x0000000000001e70                bwputr
                0x00000000000023dc                bwi2a
                0x0000000000001af8                bwsetfifo
                0x0000000000001ccc                bwputc
                0x000000000000212c                bwa2d
                0x0000000000001bc0                bwsetspeed
                0x0000000000001d90                c2x
                0x00000000000021d4                bwa2i
                0x0000000000002074                bwgetc
                0x0000000000002298                bwui2a
                0x0000000000002440                bwformat
                0x0000000000001f6c                bwputw
                0x0000000000002714                bwprintf
                0x0000000000001df0                bwputx
                0x0000000000001ef0                bwputstr
 .text          0x000000000000274c      0x110 /u/wbcowan/gnuarm-4.0.2/lib/gcc/arm-elf/4.0.2/libgcc.a(_udivsi3.o)
                0x000000000000274c                __udivsi3
                0x0000000000002844                __aeabi_uidivmod
 .text          0x000000000000285c       0xcc /u/wbcowan/gnuarm-4.0.2/lib/gcc/arm-elf/4.0.2/libgcc.a(_umodsi3.o)
                0x000000000000285c                __umodsi3
 .text          0x0000000000002928        0x4 /u/wbcowan/gnuarm-4.0.2/lib/gcc/arm-elf/4.0.2/libgcc.a(_dvmd_tls.o)
                0x0000000000002928                __aeabi_ldiv0
                0x0000000000002928                __div0
                0x0000000000002928                __aeabi_idiv0
 *(.got)
 .got           0x000000000000292c        0xc kernel.o
 *(.got.plt)
 .got.plt       0x0000000000002938        0xc kernel.o
                0x0000000000002938                _GLOBAL_OFFSET_TABLE_
 *(.rodata)
 .rodata        0x0000000000002944      0x12c kernel.o
 *(.glue_7)
 *(.glue_7t)

.rel.dyn
LOAD kernel.o
LOAD ../lib/libbwio.a
LOAD ../lib/libtaskDescriptor.a
LOAD /u/wbcowan/gnuarm-4.0.2/lib/gcc/arm-elf/4.0.2/libgcc.a
OUTPUT(kernel.elf elf32-littlearm)

.comment        0x0000000000000000       0x24
 .comment       0x0000000000000000       0x12 kernel.o
 .comment       0x0000000000000012       0x12 ../lib/libbwio.a(bwio.o)

.debug_line     0x0000000000000000      0x14f
 .debug_line    0x0000000000000000       0x86 /u/wbcowan/gnuarm-4.0.2/lib/gcc/arm-elf/4.0.2/libgcc.a(_udivsi3.o)
 .debug_line    0x0000000000000086       0x6f /u/wbcowan/gnuarm-4.0.2/lib/gcc/arm-elf/4.0.2/libgcc.a(_umodsi3.o)
 .debug_line    0x00000000000000f5       0x5a /u/wbcowan/gnuarm-4.0.2/lib/gcc/arm-elf/4.0.2/libgcc.a(_dvmd_tls.o)

.debug_info     0x0000000000000000      0x153
 .debug_info    0x0000000000000000       0x71 /u/wbcowan/gnuarm-4.0.2/lib/gcc/arm-elf/4.0.2/libgcc.a(_udivsi3.o)
 .debug_info    0x0000000000000071       0x71 /u/wbcowan/gnuarm-4.0.2/lib/gcc/arm-elf/4.0.2/libgcc.a(_umodsi3.o)
 .debug_info    0x00000000000000e2       0x71 /u/wbcowan/gnuarm-4.0.2/lib/gcc/arm-elf/4.0.2/libgcc.a(_dvmd_tls.o)

.debug_abbrev   0x0000000000000000       0x3c
 .debug_abbrev  0x0000000000000000       0x14 /u/wbcowan/gnuarm-4.0.2/lib/gcc/arm-elf/4.0.2/libgcc.a(_udivsi3.o)
 .debug_abbrev  0x0000000000000014       0x14 /u/wbcowan/gnuarm-4.0.2/lib/gcc/arm-elf/4.0.2/libgcc.a(_umodsi3.o)
 .debug_abbrev  0x0000000000000028       0x14 /u/wbcowan/gnuarm-4.0.2/lib/gcc/arm-elf/4.0.2/libgcc.a(_dvmd_tls.o)

.debug_aranges  0x0000000000000000       0x60
 .debug_aranges
                0x0000000000000000       0x20 /u/wbcowan/gnuarm-4.0.2/lib/gcc/arm-elf/4.0.2/libgcc.a(_udivsi3.o)
 .debug_aranges
                0x0000000000000020       0x20 /u/wbcowan/gnuarm-4.0.2/lib/gcc/arm-elf/4.0.2/libgcc.a(_umodsi3.o)
 .debug_aranges
                0x0000000000000040       0x20 /u/wbcowan/gnuarm-4.0.2/lib/gcc/arm-elf/4.0.2/libgcc.a(_dvmd_tls.o)
