Archive member included because of file (symbol)

../lib/libbwio.a(bwio.o)      kernel.o (bwsetfifo)
/u/wbcowan/gnuarm-4.0.2/lib/gcc/arm-elf/4.0.2/libgcc.a(_udivsi3.o)
                              ../lib/libbwio.a(bwio.o) (__udivsi3)
/u/wbcowan/gnuarm-4.0.2/lib/gcc/arm-elf/4.0.2/libgcc.a(_umodsi3.o)
                              ../lib/libbwio.a(bwio.o) (__umodsi3)
/u/wbcowan/gnuarm-4.0.2/lib/gcc/arm-elf/4.0.2/libgcc.a(_dvmd_tls.o)
                              /u/wbcowan/gnuarm-4.0.2/lib/gcc/arm-elf/4.0.2/libgcc.a(_udivsi3.o) (__div0)

Memory Configuration

Name             Origin             Length             Attributes
ram              0x0000000000000000 0x0000000002000000
rom              0x0000000060000000 0x0000000000800000
*default*        0x0000000000000000 0xffffffffffffffff

Linker script and memory map


data            0x0000000000000000        0x0
                0x0000000000000000                _DataStart = .
 *(.data)
                0x0000000000000000                _DataEnd = .

bss             0x0000000000000000        0x0
                0x0000000000000000                _BssStart = .
 *(.bss)
                0x0000000000000000                _BssEnd = .

text            0x0000000000000000     0x4038
 *(.text)
 .text          0x0000000000000000     0x30a4 kernel.o
                0x0000000000000434                Send
                0x0000000000000000                myMemCpy
                0x0000000000000e34                clockNotifier
                0x0000000000000248                reverse
                0x0000000000000c74                add_wtid
                0x00000000000028bc                handle_block
                0x0000000000000634                MyParentTid
                0x0000000000000664                Pass
                0x000000000000202c                memcpy
                0x0000000000000ea4                clockServer
                0x000000000000076c                WhoIs
                0x00000000000005a8                Create
                0x0000000000000830                AwaitEvent
                0x00000000000014f8                schedule
                0x00000000000004c8                Receive
                0x0000000000000538                Reply
                0x0000000000001154                user
                0x0000000000000604                MyTid
                0x00000000000001c8                myStrcmp
                0x00000000000019c4                activate
                0x0000000000000680                Exit
                0x00000000000011d8                idle
                0x0000000000001e4c                handle
                0x0000000000000878                nameServer
                0x00000000000011e8                client
                0x0000000000000bf4                DelayUntil
                0x0000000000000300                myItoa
                0x0000000000002b78                main
                0x0000000000000084                myAtoi
                0x0000000000001920                getTaskDes
                0x000000000000069c                RegisterAs
                0x0000000000000b74                Delay
                0x00000000000012cc                first
                0x0000000000000af8                Time
                0x00000000000020b8                handle_msg_passing
                0x0000000000001c54                initialize
                0x00000000000017a4                pq_delete
                0x00000000000015b4                pq_insert
                0x000000000000169c                pq_movetoend
 .text          0x00000000000030a4      0xc54 ../lib/libbwio.a(bwio.o)
                0x000000000000341c                bwputr
                0x0000000000003988                bwi2a
                0x00000000000030a4                bwsetfifo
                0x0000000000003278                bwputc
                0x00000000000036d8                bwa2d
                0x000000000000316c                bwsetspeed
                0x000000000000333c                c2x
                0x0000000000003780                bwa2i
                0x0000000000003620                bwgetc
                0x0000000000003844                bwui2a
                0x00000000000039ec                bwformat
                0x0000000000003518                bwputw
                0x0000000000003cc0                bwprintf
                0x000000000000339c                bwputx
                0x000000000000349c                bwputstr
 .text          0x0000000000003cf8      0x110 /u/wbcowan/gnuarm-4.0.2/lib/gcc/arm-elf/4.0.2/libgcc.a(_udivsi3.o)
                0x0000000000003cf8                __udivsi3
                0x0000000000003df0                __aeabi_uidivmod
 .text          0x0000000000003e08       0xcc /u/wbcowan/gnuarm-4.0.2/lib/gcc/arm-elf/4.0.2/libgcc.a(_umodsi3.o)
                0x0000000000003e08                __umodsi3
 .text          0x0000000000003ed4        0x4 /u/wbcowan/gnuarm-4.0.2/lib/gcc/arm-elf/4.0.2/libgcc.a(_dvmd_tls.o)
                0x0000000000003ed4                __aeabi_ldiv0
                0x0000000000003ed4                __div0
                0x0000000000003ed4                __aeabi_idiv0
 *(.got)
 .got           0x0000000000003ed8       0x18 kernel.o
 *(.got.plt)
 .got.plt       0x0000000000003ef0        0xc kernel.o
                0x0000000000003ef0                _GLOBAL_OFFSET_TABLE_
 *(.rodata)
 .rodata        0x0000000000003efc      0x13c kernel.o
 *(.rodata.str1.4)
 *(.glue_7)
 *(.glue_7t)

.rel.dyn
LOAD kernel.o
LOAD ../lib/libbwio.a
LOAD /u/wbcowan/gnuarm-4.0.2/lib/gcc/arm-elf/4.0.2/libgcc.a
OUTPUT(kernel.elf elf32-littlearm)

.comment        0x0000000000000000       0x24
 .comment       0x0000000000000000       0x12 kernel.o
 .comment       0x0000000000000012       0x12 ../lib/libbwio.a(bwio.o)

.debug_line     0x0000000000000000      0x14f
 .debug_line    0x0000000000000000       0x86 /u/wbcowan/gnuarm-4.0.2/lib/gcc/arm-elf/4.0.2/libgcc.a(_udivsi3.o)
 .debug_line    0x0000000000000086       0x6f /u/wbcowan/gnuarm-4.0.2/lib/gcc/arm-elf/4.0.2/libgcc.a(_umodsi3.o)
 .debug_line    0x00000000000000f5       0x5a /u/wbcowan/gnuarm-4.0.2/lib/gcc/arm-elf/4.0.2/libgcc.a(_dvmd_tls.o)

.debug_info     0x0000000000000000      0x153
 .debug_info    0x0000000000000000       0x71 /u/wbcowan/gnuarm-4.0.2/lib/gcc/arm-elf/4.0.2/libgcc.a(_udivsi3.o)
 .debug_info    0x0000000000000071       0x71 /u/wbcowan/gnuarm-4.0.2/lib/gcc/arm-elf/4.0.2/libgcc.a(_umodsi3.o)
 .debug_info    0x00000000000000e2       0x71 /u/wbcowan/gnuarm-4.0.2/lib/gcc/arm-elf/4.0.2/libgcc.a(_dvmd_tls.o)

.debug_abbrev   0x0000000000000000       0x3c
 .debug_abbrev  0x0000000000000000       0x14 /u/wbcowan/gnuarm-4.0.2/lib/gcc/arm-elf/4.0.2/libgcc.a(_udivsi3.o)
 .debug_abbrev  0x0000000000000014       0x14 /u/wbcowan/gnuarm-4.0.2/lib/gcc/arm-elf/4.0.2/libgcc.a(_umodsi3.o)
 .debug_abbrev  0x0000000000000028       0x14 /u/wbcowan/gnuarm-4.0.2/lib/gcc/arm-elf/4.0.2/libgcc.a(_dvmd_tls.o)

.debug_aranges  0x0000000000000000       0x60
 .debug_aranges
                0x0000000000000000       0x20 /u/wbcowan/gnuarm-4.0.2/lib/gcc/arm-elf/4.0.2/libgcc.a(_udivsi3.o)
 .debug_aranges
                0x0000000000000020       0x20 /u/wbcowan/gnuarm-4.0.2/lib/gcc/arm-elf/4.0.2/libgcc.a(_umodsi3.o)
 .debug_aranges
                0x0000000000000040       0x20 /u/wbcowan/gnuarm-4.0.2/lib/gcc/arm-elf/4.0.2/libgcc.a(_dvmd_tls.o)
