Archive member included because of file (symbol)

/u/wbcowan/gnuarm-4.0.2/lib/gcc/arm-elf/4.0.2/libgcc.a(_udivsi3.o)
                              kernel.o (__udivsi3)
/u/wbcowan/gnuarm-4.0.2/lib/gcc/arm-elf/4.0.2/libgcc.a(_umodsi3.o)
                              kernel.o (__umodsi3)
/u/wbcowan/gnuarm-4.0.2/lib/gcc/arm-elf/4.0.2/libgcc.a(_dvmd_tls.o)
                              /u/wbcowan/gnuarm-4.0.2/lib/gcc/arm-elf/4.0.2/libgcc.a(_udivsi3.o) (__div0)

Memory Configuration

Name             Origin             Length             Attributes
ram              0x0000000000000000 0x0000000002000000
rom              0x0000000060000000 0x0000000000800000
*default*        0x0000000000000000 0xffffffffffffffff

Linker script and memory map


data            0x0000000000000000        0x0
                0x0000000000000000                _DataStart = .
 *(.data)
                0x0000000000000000                _DataEnd = .

bss             0x0000000000000000        0x0
                0x0000000000000000                _BssStart = .
 *(.bss)
                0x0000000000000000                _BssEnd = .

text            0x0000000000000000     0x3a88
 *(.text)
 .text          0x0000000000000000      0x764 kernel.o
                0x0000000000000000                main
 .text          0x0000000000000764      0x314 ClockServer.o
                0x0000000000000854                clockNotifier
                0x0000000000000764                add_wtid
                0x00000000000008b0                clockServer
 .text          0x0000000000000a78      0x1d4 helper.o
                0x0000000000000a78                myMemCpy
                0x0000000000000b78                reverse
                0x0000000000000c28                memcpy
                0x0000000000000b1c                myStrcmp
                0x0000000000000bb4                myItoa
                0x0000000000000a9c                myAtoi
 .text          0x0000000000000c4c      0x56c kernelFunction.o
                0x0000000000000ffc                handle_block
                0x0000000000000c4c                handle
                0x0000000000000d60                handle_msg_passing
 .text          0x00000000000011b8      0x1bc nameServer.o
                0x00000000000011b8                nameServer
 .text          0x0000000000001374      0x194 taskDescriptor.o
                0x0000000000001374                schedule
                0x00000000000014d8                getTaskDes
                0x000000000000144c                pq_delete
                0x00000000000013b8                pq_insert
                0x00000000000013f4                pq_movetoend
 .text          0x0000000000001508       0xdc userFunction.o
                0x000000000000151c                user
                0x0000000000001508                idle
                0x0000000000001540                first
 .text          0x00000000000015e4      0x47c contextSwitch.o
                0x00000000000015e4                activate
                0x0000000000001820                initialize
 .text          0x0000000000001a60      0x2b0 syscall.o
                0x0000000000001a60                Send
                0x0000000000001c60                MyParentTid
                0x0000000000001c90                Pass
                0x0000000000001bd4                Create
                0x0000000000001cc8                AwaitEvent
                0x0000000000001af4                Receive
                0x0000000000001b64                Reply
                0x0000000000001c30                MyTid
                0x0000000000001cac                Exit
 .text          0x0000000000001d10      0xc54 bwio.o
                0x0000000000002088                bwputr
                0x00000000000025f4                bwi2a
                0x0000000000001d10                bwsetfifo
                0x0000000000001ee4                bwputc
                0x0000000000002344                bwa2d
                0x0000000000001dd8                bwsetspeed
                0x0000000000001fa8                c2x
                0x00000000000023ec                bwa2i
                0x000000000000228c                bwgetc
                0x00000000000024b0                bwui2a
                0x0000000000002658                bwformat
                0x0000000000002184                bwputw
                0x000000000000292c                bwprintf
                0x0000000000002008                bwputx
                0x0000000000002108                bwputstr
 .text          0x0000000000002964      0x324 wrapper.o
                0x0000000000002a80                Getc
                0x0000000000002b00                Putc
                0x00000000000029f8                WhoIs
                0x0000000000002c30                DelayUntil
                0x0000000000002964                RegisterAs
                0x0000000000002bdc                Delay
                0x0000000000002b88                Time
 .text          0x0000000000002c88      0xae4 ioServer.o
                0x0000000000003694                COM2PutNotifier
                0x0000000000002f80                COM1PutServer
                0x000000000000347c                COM2PutServer
                0x0000000000002c88                COM1GetServer
                0x0000000000003184                COM2GetServer
 .text          0x000000000000376c      0x110 /u/wbcowan/gnuarm-4.0.2/lib/gcc/arm-elf/4.0.2/libgcc.a(_udivsi3.o)
                0x000000000000376c                __udivsi3
                0x0000000000003864                __aeabi_uidivmod
 .text          0x000000000000387c       0xcc /u/wbcowan/gnuarm-4.0.2/lib/gcc/arm-elf/4.0.2/libgcc.a(_umodsi3.o)
                0x000000000000387c                __umodsi3
 .text          0x0000000000003948        0x4 /u/wbcowan/gnuarm-4.0.2/lib/gcc/arm-elf/4.0.2/libgcc.a(_dvmd_tls.o)
                0x0000000000003948                __aeabi_ldiv0
                0x0000000000003948                __div0
                0x0000000000003948                __aeabi_idiv0
 *(.got)
 .got           0x000000000000394c       0x20 kernel.o
 *(.got.plt)
 .got.plt       0x000000000000396c        0xc kernel.o
                0x000000000000396c                _GLOBAL_OFFSET_TABLE_
 *(.rodata)
 .rodata        0x0000000000003978       0x18 kernel.o
 .rodata        0x0000000000003990       0x40 ioServer.o
 *(.rodata.str1.4)
 .rodata.str1.4
                0x00000000000039d0        0xc ClockServer.o
 .rodata.str1.4
                0x00000000000039dc       0x37 nameServer.o
                                         0x38 (size before relaxing)
 *fill*         0x0000000000003a13        0x1 00
 .rodata.str1.4
                0x0000000000003a14       0x72 wrapper.o
                                         0x80 (size before relaxing)
 *(.glue_7)
 *fill*         0x0000000000003a86        0x2 00
 *(.glue_7t)

.rel.dyn
LOAD kernel.o
LOAD ClockServer.o
LOAD helper.o
LOAD kernelFunction.o
LOAD nameServer.o
LOAD taskDescriptor.o
LOAD userFunction.o
LOAD contextSwitch.o
LOAD syscall.o
LOAD bwio.o
LOAD wrapper.o
LOAD ioServer.o
LOAD /u/wbcowan/gnuarm-4.0.2/lib/gcc/arm-elf/4.0.2/libgcc.a
OUTPUT(kernel.elf elf32-littlearm)

.comment        0x0000000000000000       0xd8
 .comment       0x0000000000000000       0x12 kernel.o
 .comment       0x0000000000000012       0x12 ClockServer.o
 .comment       0x0000000000000024       0x12 helper.o
 .comment       0x0000000000000036       0x12 kernelFunction.o
 .comment       0x0000000000000048       0x12 nameServer.o
 .comment       0x000000000000005a       0x12 taskDescriptor.o
 .comment       0x000000000000006c       0x12 userFunction.o
 .comment       0x000000000000007e       0x12 contextSwitch.o
 .comment       0x0000000000000090       0x12 syscall.o
 .comment       0x00000000000000a2       0x12 bwio.o
 .comment       0x00000000000000b4       0x12 wrapper.o
 .comment       0x00000000000000c6       0x12 ioServer.o

.debug_line     0x0000000000000000      0x14f
 .debug_line    0x0000000000000000       0x86 /u/wbcowan/gnuarm-4.0.2/lib/gcc/arm-elf/4.0.2/libgcc.a(_udivsi3.o)
 .debug_line    0x0000000000000086       0x6f /u/wbcowan/gnuarm-4.0.2/lib/gcc/arm-elf/4.0.2/libgcc.a(_umodsi3.o)
 .debug_line    0x00000000000000f5       0x5a /u/wbcowan/gnuarm-4.0.2/lib/gcc/arm-elf/4.0.2/libgcc.a(_dvmd_tls.o)

.debug_info     0x0000000000000000      0x153
 .debug_info    0x0000000000000000       0x71 /u/wbcowan/gnuarm-4.0.2/lib/gcc/arm-elf/4.0.2/libgcc.a(_udivsi3.o)
 .debug_info    0x0000000000000071       0x71 /u/wbcowan/gnuarm-4.0.2/lib/gcc/arm-elf/4.0.2/libgcc.a(_umodsi3.o)
 .debug_info    0x00000000000000e2       0x71 /u/wbcowan/gnuarm-4.0.2/lib/gcc/arm-elf/4.0.2/libgcc.a(_dvmd_tls.o)

.debug_abbrev   0x0000000000000000       0x3c
 .debug_abbrev  0x0000000000000000       0x14 /u/wbcowan/gnuarm-4.0.2/lib/gcc/arm-elf/4.0.2/libgcc.a(_udivsi3.o)
 .debug_abbrev  0x0000000000000014       0x14 /u/wbcowan/gnuarm-4.0.2/lib/gcc/arm-elf/4.0.2/libgcc.a(_umodsi3.o)
 .debug_abbrev  0x0000000000000028       0x14 /u/wbcowan/gnuarm-4.0.2/lib/gcc/arm-elf/4.0.2/libgcc.a(_dvmd_tls.o)

.debug_aranges  0x0000000000000000       0x60
 .debug_aranges
                0x0000000000000000       0x20 /u/wbcowan/gnuarm-4.0.2/lib/gcc/arm-elf/4.0.2/libgcc.a(_udivsi3.o)
 .debug_aranges
                0x0000000000000020       0x20 /u/wbcowan/gnuarm-4.0.2/lib/gcc/arm-elf/4.0.2/libgcc.a(_umodsi3.o)
 .debug_aranges
                0x0000000000000040       0x20 /u/wbcowan/gnuarm-4.0.2/lib/gcc/arm-elf/4.0.2/libgcc.a(_dvmd_tls.o)
