Archive member included because of file (symbol)

/u/wbcowan/gnuarm-4.0.2/lib/gcc/arm-elf/4.0.2/libgcc.a(_udivsi3.o)
                              kernel.o (__udivsi3)
/u/wbcowan/gnuarm-4.0.2/lib/gcc/arm-elf/4.0.2/libgcc.a(_umodsi3.o)
                              kernel.o (__umodsi3)
/u/wbcowan/gnuarm-4.0.2/lib/gcc/arm-elf/4.0.2/libgcc.a(_dvmd_tls.o)
                              /u/wbcowan/gnuarm-4.0.2/lib/gcc/arm-elf/4.0.2/libgcc.a(_udivsi3.o) (__div0)

Memory Configuration

Name             Origin             Length             Attributes
ram              0x0000000000000000 0x0000000002000000
rom              0x0000000060000000 0x0000000000800000
*default*        0x0000000000000000 0xffffffffffffffff

Linker script and memory map


data            0x0000000000000000        0x0
                0x0000000000000000                _DataStart = .
 *(.data)
                0x0000000000000000                _DataEnd = .

bss             0x0000000000000000        0x0
                0x0000000000000000                _BssStart = .
 *(.bss)
                0x0000000000000000                _BssEnd = .

text            0x0000000000000000     0x4198
 *(.text)
 .text          0x0000000000000000      0x764 kernel.o
                0x0000000000000000                main
 .text          0x0000000000000764      0x314 ClockServer.o
                0x0000000000000854                clockNotifier
                0x0000000000000764                add_wtid
                0x00000000000008b0                clockServer
 .text          0x0000000000000a78      0x1d4 helper.o
                0x0000000000000a78                myMemCpy
                0x0000000000000b78                reverse
                0x0000000000000c28                memcpy
                0x0000000000000b1c                myStrcmp
                0x0000000000000bb4                myItoa
                0x0000000000000a9c                myAtoi
 .text          0x0000000000000c4c      0x59c kernelFunction.o
                0x0000000000000ffc                handle_block
                0x0000000000000c4c                handle
                0x0000000000000d60                handle_msg_passing
 .text          0x00000000000011e8      0x12c nameServer.o
                0x00000000000011e8                nameServer
 .text          0x0000000000001314      0x194 taskDescriptor.o
                0x0000000000001314                schedule
                0x0000000000001478                getTaskDes
                0x00000000000013ec                pq_delete
                0x0000000000001358                pq_insert
                0x0000000000001394                pq_movetoend
 .text          0x00000000000014a8      0x220 userFunction.o
                0x00000000000014b8                user
                0x00000000000014a8                idle
                0x000000000000157c                first
 .text          0x00000000000016c8      0x47c contextSwitch.o
                0x00000000000016c8                activate
                0x0000000000001904                initialize
 .text          0x0000000000001b44      0x2b0 syscall.o
                0x0000000000001b44                Send
                0x0000000000001d44                MyParentTid
                0x0000000000001d74                Pass
                0x0000000000001cb8                Create
                0x0000000000001dac                AwaitEvent
                0x0000000000001bd8                Receive
                0x0000000000001c48                Reply
                0x0000000000001d14                MyTid
                0x0000000000001d90                Exit
 .text          0x0000000000001df4      0x824 wrapper.o
                0x000000000000218c                putw
                0x0000000000001e90                Getc
                0x0000000000001f10                Putc
                0x0000000000002140                putstr
                0x00000000000023bc                i2a
                0x00000000000023d8                format
                0x0000000000001e48                WhoIs
                0x0000000000002594                setspeed
                0x0000000000002558                setfifo
                0x0000000000002098                myc2x
                0x00000000000020b8                putx
                0x0000000000002040                DelayUntil
                0x00000000000022e0                ui2a
                0x0000000000002288                a2i
                0x0000000000002248                a2d
                0x0000000000002538                Printf
                0x0000000000001df4                RegisterAs
                0x0000000000001fec                Delay
                0x0000000000001f98                Time
                0x00000000000020fc                putr
 .text          0x0000000000002618      0xc6c ioServer.o
                0x00000000000031e0                COM2PutNotifier
                0x0000000000002910                COM1PutServer
                0x0000000000002e0c                COM2PutServer
                0x00000000000030bc                COM1PutNotifier
                0x0000000000002618                COM1GetServer
                0x0000000000002b14                COM2GetServer
                0x0000000000003160                COM2GetNotifier
                0x0000000000003038                COM1GetNotifier
 .text          0x0000000000003284      0xc54 bwio.o
                0x00000000000035fc                bwputr
                0x0000000000003b68                bwi2a
                0x0000000000003284                bwsetfifo
                0x0000000000003458                bwputc
                0x00000000000038b8                bwa2d
                0x000000000000334c                bwsetspeed
                0x000000000000351c                c2x
                0x0000000000003960                bwa2i
                0x0000000000003800                bwgetc
                0x0000000000003a24                bwui2a
                0x0000000000003bcc                bwformat
                0x00000000000036f8                bwputw
                0x0000000000003ea0                bwprintf
                0x000000000000357c                bwputx
                0x000000000000367c                bwputstr
 .text          0x0000000000003ed8      0x110 /u/wbcowan/gnuarm-4.0.2/lib/gcc/arm-elf/4.0.2/libgcc.a(_udivsi3.o)
                0x0000000000003ed8                __udivsi3
                0x0000000000003fd0                __aeabi_uidivmod
 .text          0x0000000000003fe8       0xcc /u/wbcowan/gnuarm-4.0.2/lib/gcc/arm-elf/4.0.2/libgcc.a(_umodsi3.o)
                0x0000000000003fe8                __umodsi3
 .text          0x00000000000040b4        0x4 /u/wbcowan/gnuarm-4.0.2/lib/gcc/arm-elf/4.0.2/libgcc.a(_dvmd_tls.o)
                0x00000000000040b4                __aeabi_ldiv0
                0x00000000000040b4                __div0
                0x00000000000040b4                __aeabi_idiv0
 *(.got)
 .got           0x00000000000040b8       0x28 kernel.o
 *(.got.plt)
 .got.plt       0x00000000000040e0        0xc kernel.o
                0x00000000000040e0                _GLOBAL_OFFSET_TABLE_
 *(.rodata)
 .rodata        0x00000000000040ec       0x18 kernel.o
 .rodata        0x0000000000004104        0x8 userFunction.o
 .rodata        0x000000000000410c       0x40 ioServer.o
 *(.rodata.str1.4)
 .rodata.str1.4
                0x000000000000414c        0xc ClockServer.o
 .rodata.str1.4
                0x0000000000004158       0x3e wrapper.o
                                         0x4c (size before relaxing)
 *(.glue_7)
 *fill*         0x0000000000004196        0x2 00
 *(.glue_7t)

.rel.dyn
LOAD kernel.o
LOAD ClockServer.o
LOAD helper.o
LOAD kernelFunction.o
LOAD nameServer.o
LOAD taskDescriptor.o
LOAD userFunction.o
LOAD contextSwitch.o
LOAD syscall.o
LOAD wrapper.o
LOAD ioServer.o
LOAD bwio.o
LOAD /u/wbcowan/gnuarm-4.0.2/lib/gcc/arm-elf/4.0.2/libgcc.a
OUTPUT(kernel.elf elf32-littlearm)

.comment        0x0000000000000000       0xd8
 .comment       0x0000000000000000       0x12 kernel.o
 .comment       0x0000000000000012       0x12 ClockServer.o
 .comment       0x0000000000000024       0x12 helper.o
 .comment       0x0000000000000036       0x12 kernelFunction.o
 .comment       0x0000000000000048       0x12 nameServer.o
 .comment       0x000000000000005a       0x12 taskDescriptor.o
 .comment       0x000000000000006c       0x12 userFunction.o
 .comment       0x000000000000007e       0x12 contextSwitch.o
 .comment       0x0000000000000090       0x12 syscall.o
 .comment       0x00000000000000a2       0x12 wrapper.o
 .comment       0x00000000000000b4       0x12 ioServer.o
 .comment       0x00000000000000c6       0x12 bwio.o

.debug_line     0x0000000000000000      0x14f
 .debug_line    0x0000000000000000       0x86 /u/wbcowan/gnuarm-4.0.2/lib/gcc/arm-elf/4.0.2/libgcc.a(_udivsi3.o)
 .debug_line    0x0000000000000086       0x6f /u/wbcowan/gnuarm-4.0.2/lib/gcc/arm-elf/4.0.2/libgcc.a(_umodsi3.o)
 .debug_line    0x00000000000000f5       0x5a /u/wbcowan/gnuarm-4.0.2/lib/gcc/arm-elf/4.0.2/libgcc.a(_dvmd_tls.o)

.debug_info     0x0000000000000000      0x153
 .debug_info    0x0000000000000000       0x71 /u/wbcowan/gnuarm-4.0.2/lib/gcc/arm-elf/4.0.2/libgcc.a(_udivsi3.o)
 .debug_info    0x0000000000000071       0x71 /u/wbcowan/gnuarm-4.0.2/lib/gcc/arm-elf/4.0.2/libgcc.a(_umodsi3.o)
 .debug_info    0x00000000000000e2       0x71 /u/wbcowan/gnuarm-4.0.2/lib/gcc/arm-elf/4.0.2/libgcc.a(_dvmd_tls.o)

.debug_abbrev   0x0000000000000000       0x3c
 .debug_abbrev  0x0000000000000000       0x14 /u/wbcowan/gnuarm-4.0.2/lib/gcc/arm-elf/4.0.2/libgcc.a(_udivsi3.o)
 .debug_abbrev  0x0000000000000014       0x14 /u/wbcowan/gnuarm-4.0.2/lib/gcc/arm-elf/4.0.2/libgcc.a(_umodsi3.o)
 .debug_abbrev  0x0000000000000028       0x14 /u/wbcowan/gnuarm-4.0.2/lib/gcc/arm-elf/4.0.2/libgcc.a(_dvmd_tls.o)

.debug_aranges  0x0000000000000000       0x60
 .debug_aranges
                0x0000000000000000       0x20 /u/wbcowan/gnuarm-4.0.2/lib/gcc/arm-elf/4.0.2/libgcc.a(_udivsi3.o)
 .debug_aranges
                0x0000000000000020       0x20 /u/wbcowan/gnuarm-4.0.2/lib/gcc/arm-elf/4.0.2/libgcc.a(_umodsi3.o)
 .debug_aranges
                0x0000000000000040       0x20 /u/wbcowan/gnuarm-4.0.2/lib/gcc/arm-elf/4.0.2/libgcc.a(_dvmd_tls.o)
