Archive member included because of file (symbol)

/u/wbcowan/gnuarm-4.0.2/lib/gcc/arm-elf/4.0.2/libgcc.a(_udivsi3.o)
                              kernel.o (__udivsi3)
/u/wbcowan/gnuarm-4.0.2/lib/gcc/arm-elf/4.0.2/libgcc.a(_umodsi3.o)
                              kernel.o (__umodsi3)
/u/wbcowan/gnuarm-4.0.2/lib/gcc/arm-elf/4.0.2/libgcc.a(_dvmd_tls.o)
                              /u/wbcowan/gnuarm-4.0.2/lib/gcc/arm-elf/4.0.2/libgcc.a(_udivsi3.o) (__div0)

Memory Configuration

Name             Origin             Length             Attributes
ram              0x0000000000000000 0x0000000002000000
rom              0x0000000060000000 0x0000000000800000
*default*        0x0000000000000000 0xffffffffffffffff

Linker script and memory map


data            0x0000000000000000        0x0
                0x0000000000000000                _DataStart = .
 *(.data)
                0x0000000000000000                _DataEnd = .

bss             0x0000000000000000        0x0
                0x0000000000000000                _BssStart = .
 *(.bss)
                0x0000000000000000                _BssEnd = .

text            0x0000000000000000     0x4198
 *(.text)
 .text          0x0000000000000000      0x784 kernel.o
                0x0000000000000000                main
 .text          0x0000000000000784      0x310 ClockServer.o
                0x0000000000000874                clockNotifier
                0x0000000000000784                add_wtid
                0x00000000000008b8                clockServer
 .text          0x0000000000000a94      0x1d4 helper.o
                0x0000000000000a94                myMemCpy
                0x0000000000000b94                reverse
                0x0000000000000c44                memcpy
                0x0000000000000b38                myStrcmp
                0x0000000000000bd0                myItoa
                0x0000000000000ab8                myAtoi
 .text          0x0000000000000c68      0x5bc kernelFunction.o
                0x0000000000001030                handle_block
                0x0000000000000c68                handle
                0x0000000000000d88                handle_msg_passing
 .text          0x0000000000001224      0x12c nameServer.o
                0x0000000000001224                nameServer
 .text          0x0000000000001350      0x194 taskDescriptor.o
                0x0000000000001350                schedule
                0x00000000000014b4                getTaskDes
                0x0000000000001428                pq_delete
                0x0000000000001394                pq_insert
                0x00000000000013d0                pq_movetoend
 .text          0x00000000000014e4      0x1d4 userFunction.o
                0x00000000000014f4                user
                0x00000000000014e4                idle
                0x0000000000001638                first
 .text          0x00000000000016b8      0x478 contextSwitch.o
                0x00000000000016b8                activate
                0x000000000000191c                initialize
 .text          0x0000000000001b30      0x2b0 syscall.o
                0x0000000000001b30                Send
                0x0000000000001d30                MyParentTid
                0x0000000000001d60                Pass
                0x0000000000001ca4                Create
                0x0000000000001d98                AwaitEvent
                0x0000000000001bc4                Receive
                0x0000000000001c34                Reply
                0x0000000000001d00                MyTid
                0x0000000000001d7c                Exit
 .text          0x0000000000001de0      0x824 wrapper.o
                0x0000000000002178                putw
                0x0000000000001e7c                Getc
                0x0000000000001efc                Putc
                0x000000000000212c                putstr
                0x00000000000023a8                i2a
                0x00000000000023c4                format
                0x0000000000001e34                WhoIs
                0x0000000000002580                setspeed
                0x0000000000002544                setfifo
                0x0000000000002084                myc2x
                0x00000000000020a4                putx
                0x000000000000202c                DelayUntil
                0x00000000000022cc                ui2a
                0x0000000000002274                a2i
                0x0000000000002234                a2d
                0x0000000000002524                Printf
                0x0000000000001de0                RegisterAs
                0x0000000000001fd8                Delay
                0x0000000000001f84                Time
                0x00000000000020e8                putr
 .text          0x0000000000002604      0xc68 ioServer.o
                0x00000000000031e4                COM2PutNotifier
                0x00000000000028fc                COM1PutServer
                0x0000000000002df8                COM2PutServer
                0x00000000000030c0                COM1PutNotifier
                0x0000000000002604                COM1GetServer
                0x0000000000002b00                COM2GetServer
                0x0000000000003164                COM2GetNotifier
                0x000000000000303c                COM1GetNotifier
 .text          0x000000000000326c      0xc54 bwio.o
                0x00000000000035e4                bwputr
                0x0000000000003b50                bwi2a
                0x000000000000326c                bwsetfifo
                0x0000000000003440                bwputc
                0x00000000000038a0                bwa2d
                0x0000000000003334                bwsetspeed
                0x0000000000003504                c2x
                0x0000000000003948                bwa2i
                0x00000000000037e8                bwgetc
                0x0000000000003a0c                bwui2a
                0x0000000000003bb4                bwformat
                0x00000000000036e0                bwputw
                0x0000000000003e88                bwprintf
                0x0000000000003564                bwputx
                0x0000000000003664                bwputstr
 .text          0x0000000000003ec0      0x110 /u/wbcowan/gnuarm-4.0.2/lib/gcc/arm-elf/4.0.2/libgcc.a(_udivsi3.o)
                0x0000000000003ec0                __udivsi3
                0x0000000000003fb8                __aeabi_uidivmod
 .text          0x0000000000003fd0       0xcc /u/wbcowan/gnuarm-4.0.2/lib/gcc/arm-elf/4.0.2/libgcc.a(_umodsi3.o)
                0x0000000000003fd0                __umodsi3
 .text          0x000000000000409c        0x4 /u/wbcowan/gnuarm-4.0.2/lib/gcc/arm-elf/4.0.2/libgcc.a(_dvmd_tls.o)
                0x000000000000409c                __aeabi_ldiv0
                0x000000000000409c                __div0
                0x000000000000409c                __aeabi_idiv0
 *(.got)
 .got           0x00000000000040a0       0x1c kernel.o
 *(.got.plt)
 .got.plt       0x00000000000040bc        0xc kernel.o
                0x00000000000040bc                _GLOBAL_OFFSET_TABLE_
 *(.rodata)
 .rodata        0x00000000000040c8       0x18 kernel.o
 .rodata        0x00000000000040e0       0x2c userFunction.o
 .rodata        0x000000000000410c       0x40 ioServer.o
 *(.rodata.str1.4)
 .rodata.str1.4
                0x000000000000414c        0xc ClockServer.o
 .rodata.str1.4
                0x0000000000004158       0x3e wrapper.o
                                         0x4c (size before relaxing)
 *(.glue_7)
 *fill*         0x0000000000004196        0x2 00
 *(.glue_7t)

.rel.dyn
LOAD kernel.o
LOAD ClockServer.o
LOAD helper.o
LOAD kernelFunction.o
LOAD nameServer.o
LOAD taskDescriptor.o
LOAD userFunction.o
LOAD contextSwitch.o
LOAD syscall.o
LOAD wrapper.o
LOAD ioServer.o
LOAD bwio.o
LOAD /u/wbcowan/gnuarm-4.0.2/lib/gcc/arm-elf/4.0.2/libgcc.a
OUTPUT(kernel.elf elf32-littlearm)

.comment        0x0000000000000000       0xd8
 .comment       0x0000000000000000       0x12 kernel.o
 .comment       0x0000000000000012       0x12 ClockServer.o
 .comment       0x0000000000000024       0x12 helper.o
 .comment       0x0000000000000036       0x12 kernelFunction.o
 .comment       0x0000000000000048       0x12 nameServer.o
 .comment       0x000000000000005a       0x12 taskDescriptor.o
 .comment       0x000000000000006c       0x12 userFunction.o
 .comment       0x000000000000007e       0x12 contextSwitch.o
 .comment       0x0000000000000090       0x12 syscall.o
 .comment       0x00000000000000a2       0x12 wrapper.o
 .comment       0x00000000000000b4       0x12 ioServer.o
 .comment       0x00000000000000c6       0x12 bwio.o

.debug_line     0x0000000000000000      0x14f
 .debug_line    0x0000000000000000       0x86 /u/wbcowan/gnuarm-4.0.2/lib/gcc/arm-elf/4.0.2/libgcc.a(_udivsi3.o)
 .debug_line    0x0000000000000086       0x6f /u/wbcowan/gnuarm-4.0.2/lib/gcc/arm-elf/4.0.2/libgcc.a(_umodsi3.o)
 .debug_line    0x00000000000000f5       0x5a /u/wbcowan/gnuarm-4.0.2/lib/gcc/arm-elf/4.0.2/libgcc.a(_dvmd_tls.o)

.debug_info     0x0000000000000000      0x153
 .debug_info    0x0000000000000000       0x71 /u/wbcowan/gnuarm-4.0.2/lib/gcc/arm-elf/4.0.2/libgcc.a(_udivsi3.o)
 .debug_info    0x0000000000000071       0x71 /u/wbcowan/gnuarm-4.0.2/lib/gcc/arm-elf/4.0.2/libgcc.a(_umodsi3.o)
 .debug_info    0x00000000000000e2       0x71 /u/wbcowan/gnuarm-4.0.2/lib/gcc/arm-elf/4.0.2/libgcc.a(_dvmd_tls.o)

.debug_abbrev   0x0000000000000000       0x3c
 .debug_abbrev  0x0000000000000000       0x14 /u/wbcowan/gnuarm-4.0.2/lib/gcc/arm-elf/4.0.2/libgcc.a(_udivsi3.o)
 .debug_abbrev  0x0000000000000014       0x14 /u/wbcowan/gnuarm-4.0.2/lib/gcc/arm-elf/4.0.2/libgcc.a(_umodsi3.o)
 .debug_abbrev  0x0000000000000028       0x14 /u/wbcowan/gnuarm-4.0.2/lib/gcc/arm-elf/4.0.2/libgcc.a(_dvmd_tls.o)

.debug_aranges  0x0000000000000000       0x60
 .debug_aranges
                0x0000000000000000       0x20 /u/wbcowan/gnuarm-4.0.2/lib/gcc/arm-elf/4.0.2/libgcc.a(_udivsi3.o)
 .debug_aranges
                0x0000000000000020       0x20 /u/wbcowan/gnuarm-4.0.2/lib/gcc/arm-elf/4.0.2/libgcc.a(_umodsi3.o)
 .debug_aranges
                0x0000000000000040       0x20 /u/wbcowan/gnuarm-4.0.2/lib/gcc/arm-elf/4.0.2/libgcc.a(_dvmd_tls.o)
