Archive member included because of file (symbol)

/u/wbcowan/gnuarm-4.0.2/lib/gcc/arm-elf/4.0.2/libgcc.a(_udivsi3.o)
                              kernel.o (__udivsi3)
/u/wbcowan/gnuarm-4.0.2/lib/gcc/arm-elf/4.0.2/libgcc.a(_umodsi3.o)
                              kernel.o (__umodsi3)
/u/wbcowan/gnuarm-4.0.2/lib/gcc/arm-elf/4.0.2/libgcc.a(_dvmd_tls.o)
                              /u/wbcowan/gnuarm-4.0.2/lib/gcc/arm-elf/4.0.2/libgcc.a(_udivsi3.o) (__div0)

Memory Configuration

Name             Origin             Length             Attributes
ram              0x0000000000000000 0x0000000002000000
rom              0x0000000060000000 0x0000000000800000
*default*        0x0000000000000000 0xffffffffffffffff

Linker script and memory map


data            0x0000000000000000        0x0
                0x0000000000000000                _DataStart = .
 *(.data)
                0x0000000000000000                _DataEnd = .

bss             0x0000000000000000        0x0
                0x0000000000000000                _BssStart = .
 *(.bss)
                0x0000000000000000                _BssEnd = .

text            0x0000000000000000     0x4678
 *(.text)
 .text          0x0000000000000000      0x7b0 kernel.o
                0x0000000000000000                main
 .text          0x00000000000007b0      0x310 ClockServer.o
                0x00000000000008a0                clockNotifier
                0x00000000000007b0                add_wtid
                0x00000000000008e4                clockServer
 .text          0x0000000000000ac0      0x1d4 helper.o
                0x0000000000000ac0                myMemCpy
                0x0000000000000bc0                reverse
                0x0000000000000c70                memcpy
                0x0000000000000b64                myStrcmp
                0x0000000000000bfc                myItoa
                0x0000000000000ae4                myAtoi
 .text          0x0000000000000c94      0x5f4 kernelFunction.o
                0x000000000000105c                handle_block
                0x0000000000000c94                handle
                0x0000000000000db4                handle_msg_passing
 .text          0x0000000000001288      0x12c nameServer.o
                0x0000000000001288                nameServer
 .text          0x00000000000013b4      0x194 taskDescriptor.o
                0x00000000000013b4                schedule
                0x0000000000001518                getTaskDes
                0x000000000000148c                pq_delete
                0x00000000000013f8                pq_insert
                0x0000000000001434                pq_movetoend
 .text          0x0000000000001548      0x11c userFunction.o
                0x000000000000154c                user
                0x0000000000001548                idle
                0x00000000000015ac                first
 .text          0x0000000000001664      0x4d0 contextSwitch.o
                0x0000000000001664                activate
                0x00000000000018c8                initialize
 .text          0x0000000000001b34      0x2b0 syscall.o
                0x0000000000001b34                Send
                0x0000000000001d34                MyParentTid
                0x0000000000001d64                Pass
                0x0000000000001ca8                Create
                0x0000000000001d9c                AwaitEvent
                0x0000000000001bc8                Receive
                0x0000000000001c38                Reply
                0x0000000000001d04                MyTid
                0x0000000000001d80                Exit
 .text          0x0000000000001de4      0x824 wrapper.o
                0x000000000000217c                putw
                0x0000000000001e80                Getc
                0x0000000000001f00                Putc
                0x0000000000002130                putstr
                0x00000000000023ac                i2a
                0x00000000000023c8                format
                0x0000000000001e38                WhoIs
                0x0000000000002584                setspeed
                0x0000000000002548                setfifo
                0x0000000000002088                myc2x
                0x00000000000020a8                putx
                0x0000000000002030                DelayUntil
                0x00000000000022d0                ui2a
                0x0000000000002278                a2i
                0x0000000000002238                a2d
                0x0000000000002528                Printf
                0x0000000000001de4                RegisterAs
                0x0000000000001fdc                Delay
                0x0000000000001f88                Time
                0x00000000000020ec                putr
 .text          0x0000000000002608      0xc64 ioServer.o
                0x00000000000031e4                COM2PutNotifier
                0x00000000000028e8                COM1PutServer
                0x0000000000002dd4                COM2PutServer
                0x0000000000003050                COM1PutNotifier
                0x0000000000002608                COM1GetServer
                0x0000000000002af4                COM2GetServer
                0x0000000000003180                COM2GetNotifier
                0x0000000000002fe8                COM1GetNotifier
 .text          0x000000000000326c      0x41c train.o
                0x0000000000003554                timer
                0x000000000000326c                init
 .text          0x0000000000003688      0xc54 bwio.o
                0x0000000000003a00                bwputr
                0x0000000000003f6c                bwi2a
                0x0000000000003688                bwsetfifo
                0x000000000000385c                bwputc
                0x0000000000003cbc                bwa2d
                0x0000000000003750                bwsetspeed
                0x0000000000003920                c2x
                0x0000000000003d64                bwa2i
                0x0000000000003c04                bwgetc
                0x0000000000003e28                bwui2a
                0x0000000000003fd0                bwformat
                0x0000000000003afc                bwputw
                0x00000000000042a4                bwprintf
                0x0000000000003980                bwputx
                0x0000000000003a80                bwputstr
 .text          0x00000000000042dc      0x110 /u/wbcowan/gnuarm-4.0.2/lib/gcc/arm-elf/4.0.2/libgcc.a(_udivsi3.o)
                0x00000000000042dc                __udivsi3
                0x00000000000043d4                __aeabi_uidivmod
 .text          0x00000000000043ec       0xcc /u/wbcowan/gnuarm-4.0.2/lib/gcc/arm-elf/4.0.2/libgcc.a(_umodsi3.o)
                0x00000000000043ec                __umodsi3
 .text          0x00000000000044b8        0x4 /u/wbcowan/gnuarm-4.0.2/lib/gcc/arm-elf/4.0.2/libgcc.a(_dvmd_tls.o)
                0x00000000000044b8                __aeabi_ldiv0
                0x00000000000044b8                __div0
                0x00000000000044b8                __aeabi_idiv0
 *(.got)
 .got           0x00000000000044bc       0x3c kernel.o
 *(.got.plt)
 .got.plt       0x00000000000044f8        0xc kernel.o
                0x00000000000044f8                _GLOBAL_OFFSET_TABLE_
 *(.rodata)
 .rodata        0x0000000000004504       0x18 kernel.o
 .rodata        0x000000000000451c       0x40 ioServer.o
 .rodata        0x000000000000455c       0xd0 train.o
 *(.rodata.str1.4)
 .rodata.str1.4
                0x000000000000462c        0xc ClockServer.o
 .rodata.str1.4
                0x0000000000004638       0x3e wrapper.o
                                         0x4c (size before relaxing)
 *(.glue_7)
 *fill*         0x0000000000004676        0x2 00
 *(.glue_7t)

.rel.dyn
LOAD kernel.o
LOAD ClockServer.o
LOAD helper.o
LOAD kernelFunction.o
LOAD nameServer.o
LOAD taskDescriptor.o
LOAD userFunction.o
LOAD contextSwitch.o
LOAD syscall.o
LOAD wrapper.o
LOAD ioServer.o
LOAD train.o
LOAD bwio.o
LOAD /u/wbcowan/gnuarm-4.0.2/lib/gcc/arm-elf/4.0.2/libgcc.a
OUTPUT(kernel.elf elf32-littlearm)

.comment        0x0000000000000000       0xea
 .comment       0x0000000000000000       0x12 kernel.o
 .comment       0x0000000000000012       0x12 ClockServer.o
 .comment       0x0000000000000024       0x12 helper.o
 .comment       0x0000000000000036       0x12 kernelFunction.o
 .comment       0x0000000000000048       0x12 nameServer.o
 .comment       0x000000000000005a       0x12 taskDescriptor.o
 .comment       0x000000000000006c       0x12 userFunction.o
 .comment       0x000000000000007e       0x12 contextSwitch.o
 .comment       0x0000000000000090       0x12 syscall.o
 .comment       0x00000000000000a2       0x12 wrapper.o
 .comment       0x00000000000000b4       0x12 ioServer.o
 .comment       0x00000000000000c6       0x12 train.o
 .comment       0x00000000000000d8       0x12 bwio.o

.debug_line     0x0000000000000000      0x14f
 .debug_line    0x0000000000000000       0x86 /u/wbcowan/gnuarm-4.0.2/lib/gcc/arm-elf/4.0.2/libgcc.a(_udivsi3.o)
 .debug_line    0x0000000000000086       0x6f /u/wbcowan/gnuarm-4.0.2/lib/gcc/arm-elf/4.0.2/libgcc.a(_umodsi3.o)
 .debug_line    0x00000000000000f5       0x5a /u/wbcowan/gnuarm-4.0.2/lib/gcc/arm-elf/4.0.2/libgcc.a(_dvmd_tls.o)

.debug_info     0x0000000000000000      0x153
 .debug_info    0x0000000000000000       0x71 /u/wbcowan/gnuarm-4.0.2/lib/gcc/arm-elf/4.0.2/libgcc.a(_udivsi3.o)
 .debug_info    0x0000000000000071       0x71 /u/wbcowan/gnuarm-4.0.2/lib/gcc/arm-elf/4.0.2/libgcc.a(_umodsi3.o)
 .debug_info    0x00000000000000e2       0x71 /u/wbcowan/gnuarm-4.0.2/lib/gcc/arm-elf/4.0.2/libgcc.a(_dvmd_tls.o)

.debug_abbrev   0x0000000000000000       0x3c
 .debug_abbrev  0x0000000000000000       0x14 /u/wbcowan/gnuarm-4.0.2/lib/gcc/arm-elf/4.0.2/libgcc.a(_udivsi3.o)
 .debug_abbrev  0x0000000000000014       0x14 /u/wbcowan/gnuarm-4.0.2/lib/gcc/arm-elf/4.0.2/libgcc.a(_umodsi3.o)
 .debug_abbrev  0x0000000000000028       0x14 /u/wbcowan/gnuarm-4.0.2/lib/gcc/arm-elf/4.0.2/libgcc.a(_dvmd_tls.o)

.debug_aranges  0x0000000000000000       0x60
 .debug_aranges
                0x0000000000000000       0x20 /u/wbcowan/gnuarm-4.0.2/lib/gcc/arm-elf/4.0.2/libgcc.a(_udivsi3.o)
 .debug_aranges
                0x0000000000000020       0x20 /u/wbcowan/gnuarm-4.0.2/lib/gcc/arm-elf/4.0.2/libgcc.a(_umodsi3.o)
 .debug_aranges
                0x0000000000000040       0x20 /u/wbcowan/gnuarm-4.0.2/lib/gcc/arm-elf/4.0.2/libgcc.a(_dvmd_tls.o)
