Archive member included because of file (symbol)

/u/wbcowan/gnuarm-4.0.2/lib/gcc/arm-elf/4.0.2/libgcc.a(_udivsi3.o)
                              wrapper.o (__udivsi3)
/u/wbcowan/gnuarm-4.0.2/lib/gcc/arm-elf/4.0.2/libgcc.a(_divsi3.o)
                              train.o (__divsi3)
/u/wbcowan/gnuarm-4.0.2/lib/gcc/arm-elf/4.0.2/libgcc.a(_umodsi3.o)
                              wrapper.o (__umodsi3)
/u/wbcowan/gnuarm-4.0.2/lib/gcc/arm-elf/4.0.2/libgcc.a(_modsi3.o)
                              train.o (__modsi3)
/u/wbcowan/gnuarm-4.0.2/lib/gcc/arm-elf/4.0.2/libgcc.a(_dvmd_tls.o)
                              /u/wbcowan/gnuarm-4.0.2/lib/gcc/arm-elf/4.0.2/libgcc.a(_udivsi3.o) (__div0)

Memory Configuration

Name             Origin             Length             Attributes
ram              0x0000000000000000 0x0000000002000000
rom              0x0000000060000000 0x0000000000800000
*default*        0x0000000000000000 0xffffffffffffffff

Linker script and memory map


data            0x0000000000000000        0x0
                0x0000000000000000                _DataStart = .
 *(.data)
                0x0000000000000000                _DataEnd = .

bss             0x0000000000000000        0x0
                0x0000000000000000                _BssStart = .
 *(.bss)
                0x0000000000000000                _BssEnd = .

text            0x0000000000000000     0x5710
 *(.text)
 .text          0x0000000000000000      0x6a0 kernel.o
                0x0000000000000000                main
 .text          0x00000000000006a0      0x330 ClockServer.o
                0x0000000000000790                clockNotifier
                0x00000000000006a0                add_wtid
                0x00000000000007d4                clockServer
 .text          0x00000000000009d0      0x1d4 helper.o
                0x00000000000009d0                myMemCpy
                0x0000000000000ad0                reverse
                0x0000000000000b80                memcpy
                0x0000000000000a74                myStrcmp
                0x0000000000000b0c                myItoa
                0x00000000000009f4                myAtoi
 .text          0x0000000000000ba4      0x678 kernelFunction.o
                0x0000000000000f6c                handle_block
                0x0000000000000ba4                handle
                0x0000000000000cc4                handle_msg_passing
 .text          0x000000000000121c      0x12c nameServer.o
                0x000000000000121c                nameServer
 .text          0x0000000000001348      0x194 taskDescriptor.o
                0x0000000000001348                schedule
                0x00000000000014ac                getTaskDes
                0x0000000000001420                pq_delete
                0x000000000000138c                pq_insert
                0x00000000000013c8                pq_movetoend
 .text          0x00000000000014dc      0x11c userFunction.o
                0x00000000000014e0                user
                0x00000000000014dc                idle
                0x0000000000001540                first
 .text          0x00000000000015f8      0x4e4 contextSwitch.o
                0x00000000000015f8                activate
                0x000000000000185c                initialize
 .text          0x0000000000001adc      0x67c command.o
                0x0000000000001b48                parse_digit3
                0x0000000000001fd8                parse_command
                0x0000000000001eb4                parse_arg3
                0x0000000000001bd0                parse_arg1
                0x0000000000001adc                parse_digit1
                0x0000000000001af8                parse_digit2
                0x0000000000001c6c                parse_arg2
 .text          0x0000000000002158      0x310 syscall.o
                0x0000000000002158                Send
                0x0000000000002358                MyParentTid
                0x0000000000002388                Pass
                0x00000000000022cc                Create
                0x00000000000023c0                AwaitEvent
                0x00000000000021ec                Receive
                0x000000000000225c                Reply
                0x0000000000002328                MyTid
                0x0000000000002438                KExit
                0x00000000000023a4                Exit
                0x0000000000002408                IdlePct
 .text          0x0000000000002468      0x8f0 wrapper.o
                0x000000000000283c                putw
                0x0000000000002504                Getc
                0x0000000000002584                Putc
                0x00000000000027e8                putstr
                0x0000000000002a7c                i2a
                0x0000000000002a98                format
                0x00000000000024bc                WhoIs
                0x0000000000002cd4                setspeed
                0x0000000000002c98                setfifo
                0x0000000000002728                myc2x
                0x0000000000002748                putx
                0x00000000000026b4                DelayUntil
                0x00000000000029a0                ui2a
                0x0000000000002948                a2i
                0x0000000000002908                a2d
                0x0000000000002c0c                Printf
                0x0000000000002468                RegisterAs
                0x0000000000002660                Delay
                0x000000000000270c                Insert
                0x000000000000260c                Time
                0x0000000000002798                putr
 .text          0x0000000000002d58      0xbf4 ioServer.o
                0x0000000000003744                Courier1
                0x00000000000036d8                COM2PutNotifier
                0x0000000000002fa4                COM1PutServer
                0x0000000000003848                Courier2
                0x00000000000033d4                COM2PutServer
                0x0000000000003610                COM1PutNotifier
                0x0000000000002d58                COM1GetServer
                0x0000000000003188                COM2GetServer
                0x000000000000367c                COM2GetNotifier
                0x00000000000035b8                COM1GetNotifier
 .text          0x000000000000394c      0xa48 train.o
                0x0000000000003bf4                timer
                0x0000000000003d0c                sensorData
                0x000000000000394c                init
                0x0000000000003fc0                trainCommunication
 .text          0x0000000000004394      0xc54 bwio.o
                0x000000000000470c                bwputr
                0x0000000000004c78                bwi2a
                0x0000000000004394                bwsetfifo
                0x0000000000004568                bwputc
                0x00000000000049c8                bwa2d
                0x000000000000445c                bwsetspeed
                0x000000000000462c                c2x
                0x0000000000004a70                bwa2i
                0x0000000000004910                bwgetc
                0x0000000000004b34                bwui2a
                0x0000000000004cdc                bwformat
                0x0000000000004808                bwputw
                0x0000000000004fb0                bwprintf
                0x000000000000468c                bwputx
                0x000000000000478c                bwputstr
 .text          0x0000000000004fe8      0x110 /u/wbcowan/gnuarm-4.0.2/lib/gcc/arm-elf/4.0.2/libgcc.a(_udivsi3.o)
                0x0000000000004fe8                __udivsi3
                0x00000000000050e0                __aeabi_uidivmod
 .text          0x00000000000050f8      0x140 /u/wbcowan/gnuarm-4.0.2/lib/gcc/arm-elf/4.0.2/libgcc.a(_divsi3.o)
                0x00000000000050f8                __divsi3
                0x0000000000005220                __aeabi_idivmod
 .text          0x0000000000005238       0xcc /u/wbcowan/gnuarm-4.0.2/lib/gcc/arm-elf/4.0.2/libgcc.a(_umodsi3.o)
                0x0000000000005238                __umodsi3
 .text          0x0000000000005304       0xe4 /u/wbcowan/gnuarm-4.0.2/lib/gcc/arm-elf/4.0.2/libgcc.a(_modsi3.o)
                0x0000000000005304                __modsi3
 .text          0x00000000000053e8        0x4 /u/wbcowan/gnuarm-4.0.2/lib/gcc/arm-elf/4.0.2/libgcc.a(_dvmd_tls.o)
                0x00000000000053e8                __aeabi_ldiv0
                0x00000000000053e8                __div0
                0x00000000000053e8                __aeabi_idiv0
 *(.got)
 .got           0x00000000000053ec       0x4c ClockServer.o
 *(.got.plt)
 .got.plt       0x0000000000005438        0xc ClockServer.o
                0x0000000000005438                _GLOBAL_OFFSET_TABLE_
 *(.rodata)
 *(.rodata.str1.4)
 .rodata.str1.4
                0x0000000000005444        0xc ClockServer.o
 .rodata.str1.4
                0x0000000000005450       0x55 wrapper.o
                                         0x64 (size before relaxing)
 .rodata.str1.4
                0x00000000000054a5        0x0 ioServer.o
                                         0x58 (size before relaxing)
 *fill*         0x00000000000054a5        0x3 00
 .rodata.str1.4
                0x00000000000054a8      0x267 train.o
                                        0x26c (size before relaxing)
 *(.glue_7)
 *fill*         0x000000000000570f        0x1 00
 *(.glue_7t)

.rel.dyn
LOAD kernel.o
LOAD ClockServer.o
LOAD helper.o
LOAD kernelFunction.o
LOAD nameServer.o
LOAD taskDescriptor.o
LOAD userFunction.o
LOAD contextSwitch.o
LOAD command.o
LOAD syscall.o
LOAD wrapper.o
LOAD ioServer.o
LOAD train.o
LOAD bwio.o
LOAD /u/wbcowan/gnuarm-4.0.2/lib/gcc/arm-elf/4.0.2/libgcc.a
OUTPUT(kernel.elf elf32-littlearm)

.comment        0x0000000000000000       0xfc
 .comment       0x0000000000000000       0x12 kernel.o
 .comment       0x0000000000000012       0x12 ClockServer.o
 .comment       0x0000000000000024       0x12 helper.o
 .comment       0x0000000000000036       0x12 kernelFunction.o
 .comment       0x0000000000000048       0x12 nameServer.o
 .comment       0x000000000000005a       0x12 taskDescriptor.o
 .comment       0x000000000000006c       0x12 userFunction.o
 .comment       0x000000000000007e       0x12 contextSwitch.o
 .comment       0x0000000000000090       0x12 command.o
 .comment       0x00000000000000a2       0x12 syscall.o
 .comment       0x00000000000000b4       0x12 wrapper.o
 .comment       0x00000000000000c6       0x12 ioServer.o
 .comment       0x00000000000000d8       0x12 train.o
 .comment       0x00000000000000ea       0x12 bwio.o

.debug_line     0x0000000000000000      0x256
 .debug_line    0x0000000000000000       0x86 /u/wbcowan/gnuarm-4.0.2/lib/gcc/arm-elf/4.0.2/libgcc.a(_udivsi3.o)
 .debug_line    0x0000000000000086       0x92 /u/wbcowan/gnuarm-4.0.2/lib/gcc/arm-elf/4.0.2/libgcc.a(_divsi3.o)
 .debug_line    0x0000000000000118       0x6f /u/wbcowan/gnuarm-4.0.2/lib/gcc/arm-elf/4.0.2/libgcc.a(_umodsi3.o)
 .debug_line    0x0000000000000187       0x75 /u/wbcowan/gnuarm-4.0.2/lib/gcc/arm-elf/4.0.2/libgcc.a(_modsi3.o)
 .debug_line    0x00000000000001fc       0x5a /u/wbcowan/gnuarm-4.0.2/lib/gcc/arm-elf/4.0.2/libgcc.a(_dvmd_tls.o)

.debug_info     0x0000000000000000      0x235
 .debug_info    0x0000000000000000       0x71 /u/wbcowan/gnuarm-4.0.2/lib/gcc/arm-elf/4.0.2/libgcc.a(_udivsi3.o)
 .debug_info    0x0000000000000071       0x71 /u/wbcowan/gnuarm-4.0.2/lib/gcc/arm-elf/4.0.2/libgcc.a(_divsi3.o)
 .debug_info    0x00000000000000e2       0x71 /u/wbcowan/gnuarm-4.0.2/lib/gcc/arm-elf/4.0.2/libgcc.a(_umodsi3.o)
 .debug_info    0x0000000000000153       0x71 /u/wbcowan/gnuarm-4.0.2/lib/gcc/arm-elf/4.0.2/libgcc.a(_modsi3.o)
 .debug_info    0x00000000000001c4       0x71 /u/wbcowan/gnuarm-4.0.2/lib/gcc/arm-elf/4.0.2/libgcc.a(_dvmd_tls.o)

.debug_abbrev   0x0000000000000000       0x64
 .debug_abbrev  0x0000000000000000       0x14 /u/wbcowan/gnuarm-4.0.2/lib/gcc/arm-elf/4.0.2/libgcc.a(_udivsi3.o)
 .debug_abbrev  0x0000000000000014       0x14 /u/wbcowan/gnuarm-4.0.2/lib/gcc/arm-elf/4.0.2/libgcc.a(_divsi3.o)
 .debug_abbrev  0x0000000000000028       0x14 /u/wbcowan/gnuarm-4.0.2/lib/gcc/arm-elf/4.0.2/libgcc.a(_umodsi3.o)
 .debug_abbrev  0x000000000000003c       0x14 /u/wbcowan/gnuarm-4.0.2/lib/gcc/arm-elf/4.0.2/libgcc.a(_modsi3.o)
 .debug_abbrev  0x0000000000000050       0x14 /u/wbcowan/gnuarm-4.0.2/lib/gcc/arm-elf/4.0.2/libgcc.a(_dvmd_tls.o)

.debug_aranges  0x0000000000000000       0xa0
 .debug_aranges
                0x0000000000000000       0x20 /u/wbcowan/gnuarm-4.0.2/lib/gcc/arm-elf/4.0.2/libgcc.a(_udivsi3.o)
 .debug_aranges
                0x0000000000000020       0x20 /u/wbcowan/gnuarm-4.0.2/lib/gcc/arm-elf/4.0.2/libgcc.a(_divsi3.o)
 .debug_aranges
                0x0000000000000040       0x20 /u/wbcowan/gnuarm-4.0.2/lib/gcc/arm-elf/4.0.2/libgcc.a(_umodsi3.o)
 .debug_aranges
                0x0000000000000060       0x20 /u/wbcowan/gnuarm-4.0.2/lib/gcc/arm-elf/4.0.2/libgcc.a(_modsi3.o)
 .debug_aranges
                0x0000000000000080       0x20 /u/wbcowan/gnuarm-4.0.2/lib/gcc/arm-elf/4.0.2/libgcc.a(_dvmd_tls.o)
