Archive member included because of file (symbol)

/u/wbcowan/gnuarm-4.0.2/lib/gcc/arm-elf/4.0.2/libgcc.a(_udivsi3.o)
                              wrapper.o (__udivsi3)
/u/wbcowan/gnuarm-4.0.2/lib/gcc/arm-elf/4.0.2/libgcc.a(_divsi3.o)
                              train.o (__divsi3)
/u/wbcowan/gnuarm-4.0.2/lib/gcc/arm-elf/4.0.2/libgcc.a(_umodsi3.o)
                              wrapper.o (__umodsi3)
/u/wbcowan/gnuarm-4.0.2/lib/gcc/arm-elf/4.0.2/libgcc.a(_modsi3.o)
                              train.o (__modsi3)
/u/wbcowan/gnuarm-4.0.2/lib/gcc/arm-elf/4.0.2/libgcc.a(_dvmd_tls.o)
                              /u/wbcowan/gnuarm-4.0.2/lib/gcc/arm-elf/4.0.2/libgcc.a(_udivsi3.o) (__div0)

Memory Configuration

Name             Origin             Length             Attributes
ram              0x0000000000000000 0x0000000002000000
rom              0x0000000060000000 0x0000000000800000
*default*        0x0000000000000000 0xffffffffffffffff

Linker script and memory map


data            0x0000000000000000        0x0
                0x0000000000000000                _DataStart = .
 *(.data)
                0x0000000000000000                _DataEnd = .

bss             0x0000000000000000        0x0
                0x0000000000000000                _BssStart = .
 *(.bss)
                0x0000000000000000                _BssEnd = .

text            0x0000000000000000     0xf560
 *(.text)
 .text          0x0000000000000000      0x6c4 kernel.o
                0x0000000000000000                main
 .text          0x00000000000006c4      0x330 ClockServer.o
                0x00000000000007b4                clockNotifier
                0x00000000000006c4                add_wtid
                0x00000000000007f8                clockServer
 .text          0x00000000000009f4      0x1d4 helper.o
                0x00000000000009f4                myMemCpy
                0x0000000000000af4                reverse
                0x0000000000000ba4                memcpy
                0x0000000000000a98                myStrcmp
                0x0000000000000b30                myItoa
                0x0000000000000a18                myAtoi
 .text          0x0000000000000bc8      0x68c kernelFunction.o
                0x0000000000000f9c                handle_block
                0x0000000000000bc8                handle
                0x0000000000000cf4                handle_msg_passing
 .text          0x0000000000001254      0x12c nameServer.o
                0x0000000000001254                nameServer
 .text          0x0000000000001380      0x194 taskDescriptor.o
                0x0000000000001380                schedule
                0x00000000000014e4                getTaskDes
                0x0000000000001458                pq_delete
                0x00000000000013c4                pq_insert
                0x0000000000001400                pq_movetoend
 .text          0x0000000000001514      0x11c userFunction.o
                0x0000000000001518                user
                0x0000000000001514                idle
                0x0000000000001578                first
 .text          0x0000000000001630      0x534 contextSwitch.o
                0x0000000000001630                activate
                0x00000000000018b0                initialize
 .text          0x0000000000001b64      0x938 command.o
                0x0000000000001bd0                parse_digit3
                0x00000000000021e0                parse_command
                0x0000000000001f3c                parse_arg3
                0x0000000000001c58                parse_arg1
                0x0000000000001b64                parse_digit1
                0x0000000000001b80                parse_digit2
                0x0000000000001cf4                parse_arg2
                0x0000000000002060                parse_arg4
 .text          0x000000000000249c      0x310 syscall.o
                0x000000000000249c                Send
                0x000000000000269c                MyParentTid
                0x00000000000026cc                Pass
                0x0000000000002610                Create
                0x0000000000002704                AwaitEvent
                0x0000000000002530                Receive
                0x00000000000025a0                Reply
                0x000000000000266c                MyTid
                0x000000000000277c                KExit
                0x00000000000026e8                Exit
                0x000000000000274c                IdlePct
 .text          0x00000000000027ac      0x8f0 wrapper.o
                0x0000000000002b80                putw
                0x0000000000002848                Getc
                0x00000000000028c8                Putc
                0x0000000000002b2c                putstr
                0x0000000000002dc0                i2a
                0x0000000000002ddc                format
                0x0000000000002800                WhoIs
                0x0000000000003018                setspeed
                0x0000000000002fdc                setfifo
                0x0000000000002a6c                myc2x
                0x0000000000002a8c                putx
                0x00000000000029f8                DelayUntil
                0x0000000000002ce4                ui2a
                0x0000000000002c8c                a2i
                0x0000000000002c4c                a2d
                0x0000000000002f50                Printf
                0x00000000000027ac                RegisterAs
                0x00000000000029a4                Delay
                0x0000000000002a50                Insert
                0x0000000000002950                Time
                0x0000000000002adc                putr
 .text          0x000000000000309c      0xc2c ioServer.o
                0x0000000000003ac0                Courier1
                0x0000000000003a54                COM2PutNotifier
                0x0000000000003300                COM1PutServer
                0x0000000000003bc4                Courier2
                0x000000000000374c                COM2PutServer
                0x000000000000398c                COM1PutNotifier
                0x000000000000309c                COM1GetServer
                0x00000000000034e8                COM2GetServer
                0x00000000000039f8                COM2GetNotifier
                0x0000000000003934                COM1GetNotifier
 .text          0x0000000000003cc8      0xaf8 train.o
                0x0000000000003f5c                timer
                0x0000000000004074                sensorData
                0x0000000000003cc8                init
                0x0000000000004348                trainCommunication
 .text          0x00000000000047c0     0x777c track_data.o
                0x0000000000008408                init_trackb
                0x00000000000047e4                init_tracka
 .text          0x000000000000bf3c     0x1ba8 coordinator.o
                0x000000000000c26c                train_location_display_timer
                0x000000000000c540                Coordinator
                0x000000000000c2b4                train_location_display
                0x000000000000bf3c                trainController
                0x000000000000da08                randomDest
 .text          0x000000000000dae4      0x918 graph.o
                0x000000000000dcb8                findPathDist
                0x000000000000df20                Dijkstra
                0x000000000000db68                find_nxt_merge
                0x000000000000dd5c                find_nxt_node
                0x000000000000dbec                find_nxt_sensor
                0x000000000000dae4                find_node_in_dist
                0x000000000000dc70                minDist
                0x000000000000de5c                find_dist_to_next_sensor
                0x000000000000e170                getSwitchPath
                0x000000000000dee4                find_track_node
 .text          0x000000000000e3fc      0x55c reserve.o
                0x000000000000e48c                reserve_track
                0x000000000000e8b0                stop_train
                0x000000000000e920                reverse_train
                0x000000000000e3fc                clear_reserve_arr
                0x000000000000e8e8                resume_train
 .text          0x000000000000e958      0x110 /u/wbcowan/gnuarm-4.0.2/lib/gcc/arm-elf/4.0.2/libgcc.a(_udivsi3.o)
                0x000000000000e958                __udivsi3
                0x000000000000ea50                __aeabi_uidivmod
 .text          0x000000000000ea68      0x140 /u/wbcowan/gnuarm-4.0.2/lib/gcc/arm-elf/4.0.2/libgcc.a(_divsi3.o)
                0x000000000000ea68                __divsi3
                0x000000000000eb90                __aeabi_idivmod
 .text          0x000000000000eba8       0xcc /u/wbcowan/gnuarm-4.0.2/lib/gcc/arm-elf/4.0.2/libgcc.a(_umodsi3.o)
                0x000000000000eba8                __umodsi3
 .text          0x000000000000ec74       0xe4 /u/wbcowan/gnuarm-4.0.2/lib/gcc/arm-elf/4.0.2/libgcc.a(_modsi3.o)
                0x000000000000ec74                __modsi3
 .text          0x000000000000ed58        0x4 /u/wbcowan/gnuarm-4.0.2/lib/gcc/arm-elf/4.0.2/libgcc.a(_dvmd_tls.o)
                0x000000000000ed58                __aeabi_ldiv0
                0x000000000000ed58                __div0
                0x000000000000ed58                __aeabi_idiv0
 *(.got)
 .got           0x000000000000ed5c       0x5c ClockServer.o
 *(.got.plt)
 .got.plt       0x000000000000edb8        0xc ClockServer.o
                0x000000000000edb8                _GLOBAL_OFFSET_TABLE_
 *(.rodata)
 *(.rodata.str1.4)
 .rodata.str1.4
                0x000000000000edc4        0xc ClockServer.o
 .rodata.str1.4
                0x000000000000edd0       0x55 wrapper.o
                                         0x64 (size before relaxing)
 .rodata.str1.4
                0x000000000000ee25        0x0 ioServer.o
                                         0x58 (size before relaxing)
 *fill*         0x000000000000ee25        0x3 00
 .rodata.str1.4
                0x000000000000ee28      0x247 train.o
                                        0x250 (size before relaxing)
 *fill*         0x000000000000f06f        0x1 00
 .rodata.str1.4
                0x000000000000f070      0x2ad track_data.o
                                        0x2b0 (size before relaxing)
 *fill*         0x000000000000f31d        0x3 00
 .rodata.str1.4
                0x000000000000f320      0x223 coordinator.o
                                        0x234 (size before relaxing)
 *fill*         0x000000000000f543        0x1 00
 .rodata.str1.4
                0x000000000000f544       0x1b reserve.o
                                         0x5c (size before relaxing)
 *(.glue_7)
 *fill*         0x000000000000f55f        0x1 00
 *(.glue_7t)

.rel.dyn
LOAD kernel.o
LOAD ClockServer.o
LOAD helper.o
LOAD kernelFunction.o
LOAD nameServer.o
LOAD taskDescriptor.o
LOAD userFunction.o
LOAD contextSwitch.o
LOAD command.o
LOAD syscall.o
LOAD wrapper.o
LOAD ioServer.o
LOAD train.o
LOAD track_data.o
LOAD coordinator.o
LOAD graph.o
LOAD reserve.o
LOAD /u/wbcowan/gnuarm-4.0.2/lib/gcc/arm-elf/4.0.2/libgcc.a
OUTPUT(kernel.elf elf32-littlearm)

.comment        0x0000000000000000      0x132
 .comment       0x0000000000000000       0x12 kernel.o
 .comment       0x0000000000000012       0x12 ClockServer.o
 .comment       0x0000000000000024       0x12 helper.o
 .comment       0x0000000000000036       0x12 kernelFunction.o
 .comment       0x0000000000000048       0x12 nameServer.o
 .comment       0x000000000000005a       0x12 taskDescriptor.o
 .comment       0x000000000000006c       0x12 userFunction.o
 .comment       0x000000000000007e       0x12 contextSwitch.o
 .comment       0x0000000000000090       0x12 command.o
 .comment       0x00000000000000a2       0x12 syscall.o
 .comment       0x00000000000000b4       0x12 wrapper.o
 .comment       0x00000000000000c6       0x12 ioServer.o
 .comment       0x00000000000000d8       0x12 train.o
 .comment       0x00000000000000ea       0x12 track_data.o
 .comment       0x00000000000000fc       0x12 coordinator.o
 .comment       0x000000000000010e       0x12 graph.o
 .comment       0x0000000000000120       0x12 reserve.o

.debug_line     0x0000000000000000      0x256
 .debug_line    0x0000000000000000       0x86 /u/wbcowan/gnuarm-4.0.2/lib/gcc/arm-elf/4.0.2/libgcc.a(_udivsi3.o)
 .debug_line    0x0000000000000086       0x92 /u/wbcowan/gnuarm-4.0.2/lib/gcc/arm-elf/4.0.2/libgcc.a(_divsi3.o)
 .debug_line    0x0000000000000118       0x6f /u/wbcowan/gnuarm-4.0.2/lib/gcc/arm-elf/4.0.2/libgcc.a(_umodsi3.o)
 .debug_line    0x0000000000000187       0x75 /u/wbcowan/gnuarm-4.0.2/lib/gcc/arm-elf/4.0.2/libgcc.a(_modsi3.o)
 .debug_line    0x00000000000001fc       0x5a /u/wbcowan/gnuarm-4.0.2/lib/gcc/arm-elf/4.0.2/libgcc.a(_dvmd_tls.o)

.debug_info     0x0000000000000000      0x235
 .debug_info    0x0000000000000000       0x71 /u/wbcowan/gnuarm-4.0.2/lib/gcc/arm-elf/4.0.2/libgcc.a(_udivsi3.o)
 .debug_info    0x0000000000000071       0x71 /u/wbcowan/gnuarm-4.0.2/lib/gcc/arm-elf/4.0.2/libgcc.a(_divsi3.o)
 .debug_info    0x00000000000000e2       0x71 /u/wbcowan/gnuarm-4.0.2/lib/gcc/arm-elf/4.0.2/libgcc.a(_umodsi3.o)
 .debug_info    0x0000000000000153       0x71 /u/wbcowan/gnuarm-4.0.2/lib/gcc/arm-elf/4.0.2/libgcc.a(_modsi3.o)
 .debug_info    0x00000000000001c4       0x71 /u/wbcowan/gnuarm-4.0.2/lib/gcc/arm-elf/4.0.2/libgcc.a(_dvmd_tls.o)

.debug_abbrev   0x0000000000000000       0x64
 .debug_abbrev  0x0000000000000000       0x14 /u/wbcowan/gnuarm-4.0.2/lib/gcc/arm-elf/4.0.2/libgcc.a(_udivsi3.o)
 .debug_abbrev  0x0000000000000014       0x14 /u/wbcowan/gnuarm-4.0.2/lib/gcc/arm-elf/4.0.2/libgcc.a(_divsi3.o)
 .debug_abbrev  0x0000000000000028       0x14 /u/wbcowan/gnuarm-4.0.2/lib/gcc/arm-elf/4.0.2/libgcc.a(_umodsi3.o)
 .debug_abbrev  0x000000000000003c       0x14 /u/wbcowan/gnuarm-4.0.2/lib/gcc/arm-elf/4.0.2/libgcc.a(_modsi3.o)
 .debug_abbrev  0x0000000000000050       0x14 /u/wbcowan/gnuarm-4.0.2/lib/gcc/arm-elf/4.0.2/libgcc.a(_dvmd_tls.o)

.debug_aranges  0x0000000000000000       0xa0
 .debug_aranges
                0x0000000000000000       0x20 /u/wbcowan/gnuarm-4.0.2/lib/gcc/arm-elf/4.0.2/libgcc.a(_udivsi3.o)
 .debug_aranges
                0x0000000000000020       0x20 /u/wbcowan/gnuarm-4.0.2/lib/gcc/arm-elf/4.0.2/libgcc.a(_divsi3.o)
 .debug_aranges
                0x0000000000000040       0x20 /u/wbcowan/gnuarm-4.0.2/lib/gcc/arm-elf/4.0.2/libgcc.a(_umodsi3.o)
 .debug_aranges
                0x0000000000000060       0x20 /u/wbcowan/gnuarm-4.0.2/lib/gcc/arm-elf/4.0.2/libgcc.a(_modsi3.o)
 .debug_aranges
                0x0000000000000080       0x20 /u/wbcowan/gnuarm-4.0.2/lib/gcc/arm-elf/4.0.2/libgcc.a(_dvmd_tls.o)
