Archive member included because of file (symbol)

/u/wbcowan/gnuarm-4.0.2/lib/gcc/arm-elf/4.0.2/libgcc.a(_udivsi3.o)
                              kernel.o (__udivsi3)
/u/wbcowan/gnuarm-4.0.2/lib/gcc/arm-elf/4.0.2/libgcc.a(_umodsi3.o)
                              kernel.o (__umodsi3)
/u/wbcowan/gnuarm-4.0.2/lib/gcc/arm-elf/4.0.2/libgcc.a(_dvmd_tls.o)
                              /u/wbcowan/gnuarm-4.0.2/lib/gcc/arm-elf/4.0.2/libgcc.a(_udivsi3.o) (__div0)

Memory Configuration

Name             Origin             Length             Attributes
ram              0x0000000000000000 0x0000000002000000
rom              0x0000000060000000 0x0000000000800000
*default*        0x0000000000000000 0xffffffffffffffff

Linker script and memory map


data            0x0000000000000000        0x0
                0x0000000000000000                _DataStart = .
 *(.data)
                0x0000000000000000                _DataEnd = .

bss             0x0000000000000000        0x0
                0x0000000000000000                _BssStart = .
 *(.bss)
                0x0000000000000000                _BssEnd = .

text            0x0000000000000000     0x305c
 *(.text)
 .text          0x0000000000000000      0x780 kernel.o
                0x0000000000000000                main
 .text          0x0000000000000780      0x414 ClockServer.o
                0x0000000000000970                clockNotifier
                0x0000000000000880                add_wtid
                0x00000000000009cc                clockServer
                0x0000000000000828                DelayUntil
                0x00000000000007d4                Delay
                0x0000000000000780                Time
 .text          0x0000000000000b94      0x1d4 helper.o
                0x0000000000000b94                myMemCpy
                0x0000000000000c94                reverse
                0x0000000000000d44                memcpy
                0x0000000000000c38                myStrcmp
                0x0000000000000cd0                myItoa
                0x0000000000000bb8                myAtoi
 .text          0x0000000000000d68      0x504 kernelFunction.o
                0x0000000000001118                handle_block
                0x0000000000000d68                handle
                0x0000000000000e7c                handle_msg_passing
 .text          0x000000000000126c      0x1bc nameServer.o
                0x000000000000126c                nameServer
 .text          0x0000000000001428      0x194 taskDescriptor.o
                0x0000000000001428                schedule
                0x000000000000158c                getTaskDes
                0x0000000000001500                pq_delete
                0x000000000000146c                pq_insert
                0x00000000000014a8                pq_movetoend
 .text          0x00000000000015bc      0x224 userFunction.o
                0x00000000000015bc                idle
                0x000000000000166c                send_task
                0x00000000000015c0                client
                0x000000000000170c                receive_and_reply_task
                0x000000000000175c                first
 .text          0x00000000000017e0      0x48c contextSwitch.o
                0x00000000000017e0                activate
                0x0000000000001a70                initialize
 .text          0x0000000000001c6c      0x444 syscall.o
                0x0000000000001c6c                Send
                0x0000000000001e6c                MyParentTid
                0x0000000000001e9c                Pass
                0x0000000000001fa4                WhoIs
                0x0000000000001de0                Create
                0x0000000000002068                AwaitEvent
                0x0000000000001d00                Receive
                0x0000000000001d70                Reply
                0x0000000000001e3c                MyTid
                0x0000000000001eb8                Exit
                0x0000000000001ed4                RegisterAs
 .text          0x00000000000020b0      0xc54 bwio.o
                0x0000000000002428                bwputr
                0x0000000000002994                bwi2a
                0x00000000000020b0                bwsetfifo
                0x0000000000002284                bwputc
                0x00000000000026e4                bwa2d
                0x0000000000002178                bwsetspeed
                0x0000000000002348                c2x
                0x000000000000278c                bwa2i
                0x000000000000262c                bwgetc
                0x0000000000002850                bwui2a
                0x00000000000029f8                bwformat
                0x0000000000002524                bwputw
                0x0000000000002ccc                bwprintf
                0x00000000000023a8                bwputx
                0x00000000000024a8                bwputstr
 .text          0x0000000000002d04      0x110 /u/wbcowan/gnuarm-4.0.2/lib/gcc/arm-elf/4.0.2/libgcc.a(_udivsi3.o)
                0x0000000000002d04                __udivsi3
                0x0000000000002dfc                __aeabi_uidivmod
 .text          0x0000000000002e14       0xcc /u/wbcowan/gnuarm-4.0.2/lib/gcc/arm-elf/4.0.2/libgcc.a(_umodsi3.o)
                0x0000000000002e14                __umodsi3
 .text          0x0000000000002ee0        0x4 /u/wbcowan/gnuarm-4.0.2/lib/gcc/arm-elf/4.0.2/libgcc.a(_dvmd_tls.o)
                0x0000000000002ee0                __aeabi_ldiv0
                0x0000000000002ee0                __div0
                0x0000000000002ee0                __aeabi_idiv0
 *(.got)
 .got           0x0000000000002ee4        0xc kernel.o
 *(.got.plt)
 .got.plt       0x0000000000002ef0        0xc kernel.o
                0x0000000000002ef0                _GLOBAL_OFFSET_TABLE_
 *(.rodata)
 .rodata        0x0000000000002efc       0x4c kernel.o
 .rodata        0x0000000000002f48       0x34 syscall.o
 *(.rodata.str1.4)
 .rodata.str1.4
                0x0000000000002f7c        0xc ClockServer.o
 .rodata.str1.4
                0x0000000000002f88       0x37 nameServer.o
                                         0x38 (size before relaxing)
 *fill*         0x0000000000002fbf        0x1 00
 .rodata.str1.4
                0x0000000000002fc0       0x9a userFunction.o
                                         0x9c (size before relaxing)
 *(.glue_7)
 *fill*         0x000000000000305a        0x2 00
 *(.glue_7t)

.rel.dyn
LOAD kernel.o
LOAD ClockServer.o
LOAD helper.o
LOAD kernelFunction.o
LOAD nameServer.o
LOAD taskDescriptor.o
LOAD userFunction.o
LOAD contextSwitch.o
LOAD syscall.o
LOAD bwio.o
LOAD /u/wbcowan/gnuarm-4.0.2/lib/gcc/arm-elf/4.0.2/libgcc.a
OUTPUT(kernel.elf elf32-littlearm)

.comment        0x0000000000000000       0xb4
 .comment       0x0000000000000000       0x12 kernel.o
 .comment       0x0000000000000012       0x12 ClockServer.o
 .comment       0x0000000000000024       0x12 helper.o
 .comment       0x0000000000000036       0x12 kernelFunction.o
 .comment       0x0000000000000048       0x12 nameServer.o
 .comment       0x000000000000005a       0x12 taskDescriptor.o
 .comment       0x000000000000006c       0x12 userFunction.o
 .comment       0x000000000000007e       0x12 contextSwitch.o
 .comment       0x0000000000000090       0x12 syscall.o
 .comment       0x00000000000000a2       0x12 bwio.o

.debug_line     0x0000000000000000      0x14f
 .debug_line    0x0000000000000000       0x86 /u/wbcowan/gnuarm-4.0.2/lib/gcc/arm-elf/4.0.2/libgcc.a(_udivsi3.o)
 .debug_line    0x0000000000000086       0x6f /u/wbcowan/gnuarm-4.0.2/lib/gcc/arm-elf/4.0.2/libgcc.a(_umodsi3.o)
 .debug_line    0x00000000000000f5       0x5a /u/wbcowan/gnuarm-4.0.2/lib/gcc/arm-elf/4.0.2/libgcc.a(_dvmd_tls.o)

.debug_info     0x0000000000000000      0x153
 .debug_info    0x0000000000000000       0x71 /u/wbcowan/gnuarm-4.0.2/lib/gcc/arm-elf/4.0.2/libgcc.a(_udivsi3.o)
 .debug_info    0x0000000000000071       0x71 /u/wbcowan/gnuarm-4.0.2/lib/gcc/arm-elf/4.0.2/libgcc.a(_umodsi3.o)
 .debug_info    0x00000000000000e2       0x71 /u/wbcowan/gnuarm-4.0.2/lib/gcc/arm-elf/4.0.2/libgcc.a(_dvmd_tls.o)

.debug_abbrev   0x0000000000000000       0x3c
 .debug_abbrev  0x0000000000000000       0x14 /u/wbcowan/gnuarm-4.0.2/lib/gcc/arm-elf/4.0.2/libgcc.a(_udivsi3.o)
 .debug_abbrev  0x0000000000000014       0x14 /u/wbcowan/gnuarm-4.0.2/lib/gcc/arm-elf/4.0.2/libgcc.a(_umodsi3.o)
 .debug_abbrev  0x0000000000000028       0x14 /u/wbcowan/gnuarm-4.0.2/lib/gcc/arm-elf/4.0.2/libgcc.a(_dvmd_tls.o)

.debug_aranges  0x0000000000000000       0x60
 .debug_aranges
                0x0000000000000000       0x20 /u/wbcowan/gnuarm-4.0.2/lib/gcc/arm-elf/4.0.2/libgcc.a(_udivsi3.o)
 .debug_aranges
                0x0000000000000020       0x20 /u/wbcowan/gnuarm-4.0.2/lib/gcc/arm-elf/4.0.2/libgcc.a(_umodsi3.o)
 .debug_aranges
                0x0000000000000040       0x20 /u/wbcowan/gnuarm-4.0.2/lib/gcc/arm-elf/4.0.2/libgcc.a(_dvmd_tls.o)
