Archive member included because of file (symbol)

/u/wbcowan/gnuarm-4.0.2/lib/gcc/arm-elf/4.0.2/libgcc.a(_udivsi3.o)
                              kernel.o (__udivsi3)
/u/wbcowan/gnuarm-4.0.2/lib/gcc/arm-elf/4.0.2/libgcc.a(_umodsi3.o)
                              wrapper.o (__umodsi3)
/u/wbcowan/gnuarm-4.0.2/lib/gcc/arm-elf/4.0.2/libgcc.a(_dvmd_tls.o)
                              /u/wbcowan/gnuarm-4.0.2/lib/gcc/arm-elf/4.0.2/libgcc.a(_udivsi3.o) (__div0)

Memory Configuration

Name             Origin             Length             Attributes
ram              0x0000000000000000 0x0000000002000000
rom              0x0000000060000000 0x0000000000800000
*default*        0x0000000000000000 0xffffffffffffffff

Linker script and memory map


data            0x0000000000000000        0x0
                0x0000000000000000                _DataStart = .
 *(.data)
                0x0000000000000000                _DataEnd = .

bss             0x0000000000000000        0x0
                0x0000000000000000                _BssStart = .
 *(.bss)
                0x0000000000000000                _BssEnd = .

text            0x0000000000000000     0x5f4c
 *(.text)
 .text          0x0000000000000000      0x758 kernel.o
                0x0000000000000000                main
 .text          0x0000000000000758      0x310 ClockServer.o
                0x0000000000000848                clockNotifier
                0x0000000000000758                add_wtid
                0x000000000000088c                clockServer
 .text          0x0000000000000a68      0x1d4 helper.o
                0x0000000000000a68                myMemCpy
                0x0000000000000b68                reverse
                0x0000000000000c18                memcpy
                0x0000000000000b0c                myStrcmp
                0x0000000000000ba4                myItoa
                0x0000000000000a8c                myAtoi
 .text          0x0000000000000c3c      0x614 kernelFunction.o
                0x0000000000001004                handle_block
                0x0000000000000c3c                handle
                0x0000000000000d5c                handle_msg_passing
 .text          0x0000000000001250      0x12c nameServer.o
                0x0000000000001250                nameServer
 .text          0x000000000000137c      0x194 taskDescriptor.o
                0x000000000000137c                schedule
                0x00000000000014e0                getTaskDes
                0x0000000000001454                pq_delete
                0x00000000000013c0                pq_insert
                0x00000000000013fc                pq_movetoend
 .text          0x0000000000001510      0x11c userFunction.o
                0x0000000000001514                user
                0x0000000000001510                idle
                0x0000000000001574                first
 .text          0x000000000000162c      0x4f8 contextSwitch.o
                0x000000000000162c                activate
                0x0000000000001890                initialize
 .text          0x0000000000001b24      0xa1c command.o
                0x0000000000001c78                parse_digit3
                0x000000000000232c                parse_command
                0x0000000000002094                parse_arg3
                0x0000000000001da0                parse_arg1
                0x0000000000001b24                parse_digit1
                0x0000000000001ba4                parse_digit2
                0x0000000000001ec0                parse_arg2
 .text          0x0000000000002540      0x310 syscall.o
                0x0000000000002540                Send
                0x0000000000002740                MyParentTid
                0x0000000000002770                Pass
                0x00000000000026b4                Create
                0x00000000000027a8                AwaitEvent
                0x00000000000025d4                Receive
                0x0000000000002644                Reply
                0x0000000000002710                MyTid
                0x0000000000002820                KExit
                0x000000000000278c                Exit
                0x00000000000027f0                IdlePct
 .text          0x0000000000002850      0x8e8 wrapper.o
                0x0000000000002c20                putw
                0x00000000000028ec                Getc
                0x000000000000296c                Putc
                0x0000000000002bcc                putstr
                0x0000000000002e60                i2a
                0x0000000000002e7c                format
                0x00000000000028a4                WhoIs
                0x00000000000030b4                setspeed
                0x0000000000003078                setfifo
                0x0000000000002b0c                myc2x
                0x0000000000002b2c                putx
                0x0000000000002a9c                DelayUntil
                0x0000000000002d84                ui2a
                0x0000000000002d2c                a2i
                0x0000000000002cec                a2d
                0x0000000000002ff0                Printf
                0x0000000000002850                RegisterAs
                0x0000000000002a48                Delay
                0x0000000000002af4                Insert
                0x00000000000029f4                Time
                0x0000000000002b7c                putr
 .text          0x0000000000003138      0xf3c ioServer.o
                0x0000000000003dfc                Courier1
                0x0000000000003d74                COM2PutNotifier
                0x0000000000003418                COM1PutServer
                0x0000000000003f38                Courier2
                0x0000000000003930                COM2PutServer
                0x0000000000003bd8                COM1PutNotifier
                0x0000000000003138                COM1GetServer
                0x0000000000003650                COM2GetServer
                0x0000000000003d10                COM2GetNotifier
                0x0000000000003b70                COM1GetNotifier
 .text          0x0000000000004074      0xd74 train.o
                0x00000000000043a4                timer
                0x00000000000044d8                sensorData
                0x0000000000004074                init
                0x0000000000004890                trainCommunication
 .text          0x0000000000004de8      0xc54 bwio.o
                0x0000000000005160                bwputr
                0x00000000000056cc                bwi2a
                0x0000000000004de8                bwsetfifo
                0x0000000000004fbc                bwputc
                0x000000000000541c                bwa2d
                0x0000000000004eb0                bwsetspeed
                0x0000000000005080                c2x
                0x00000000000054c4                bwa2i
                0x0000000000005364                bwgetc
                0x0000000000005588                bwui2a
                0x0000000000005730                bwformat
                0x000000000000525c                bwputw
                0x0000000000005a04                bwprintf
                0x00000000000050e0                bwputx
                0x00000000000051e0                bwputstr
 .text          0x0000000000005a3c      0x110 /u/wbcowan/gnuarm-4.0.2/lib/gcc/arm-elf/4.0.2/libgcc.a(_udivsi3.o)
                0x0000000000005a3c                __udivsi3
                0x0000000000005b34                __aeabi_uidivmod
 .text          0x0000000000005b4c       0xcc /u/wbcowan/gnuarm-4.0.2/lib/gcc/arm-elf/4.0.2/libgcc.a(_umodsi3.o)
                0x0000000000005b4c                __umodsi3
 .text          0x0000000000005c18        0x4 /u/wbcowan/gnuarm-4.0.2/lib/gcc/arm-elf/4.0.2/libgcc.a(_dvmd_tls.o)
                0x0000000000005c18                __aeabi_ldiv0
                0x0000000000005c18                __div0
                0x0000000000005c18                __aeabi_idiv0
 *(.got)
 .got           0x0000000000005c1c       0x4c ClockServer.o
 *(.got.plt)
 .got.plt       0x0000000000005c68        0xc ClockServer.o
                0x0000000000005c68                _GLOBAL_OFFSET_TABLE_
 *(.rodata)
 .rodata        0x0000000000005c74       0x58 ioServer.o
 .rodata        0x0000000000005ccc      0x21c train.o
 *(.rodata.str1.4)
 .rodata.str1.4
                0x0000000000005ee8        0xc ClockServer.o
 .rodata.str1.4
                0x0000000000005ef4       0x55 wrapper.o
                                         0x64 (size before relaxing)
 *(.glue_7)
 *fill*         0x0000000000005f49        0x3 00
 *(.glue_7t)

.rel.dyn
LOAD kernel.o
LOAD ClockServer.o
LOAD helper.o
LOAD kernelFunction.o
LOAD nameServer.o
LOAD taskDescriptor.o
LOAD userFunction.o
LOAD contextSwitch.o
LOAD command.o
LOAD syscall.o
LOAD wrapper.o
LOAD ioServer.o
LOAD train.o
LOAD bwio.o
LOAD /u/wbcowan/gnuarm-4.0.2/lib/gcc/arm-elf/4.0.2/libgcc.a
OUTPUT(kernel.elf elf32-littlearm)

.comment        0x0000000000000000       0xfc
 .comment       0x0000000000000000       0x12 kernel.o
 .comment       0x0000000000000012       0x12 ClockServer.o
 .comment       0x0000000000000024       0x12 helper.o
 .comment       0x0000000000000036       0x12 kernelFunction.o
 .comment       0x0000000000000048       0x12 nameServer.o
 .comment       0x000000000000005a       0x12 taskDescriptor.o
 .comment       0x000000000000006c       0x12 userFunction.o
 .comment       0x000000000000007e       0x12 contextSwitch.o
 .comment       0x0000000000000090       0x12 command.o
 .comment       0x00000000000000a2       0x12 syscall.o
 .comment       0x00000000000000b4       0x12 wrapper.o
 .comment       0x00000000000000c6       0x12 ioServer.o
 .comment       0x00000000000000d8       0x12 train.o
 .comment       0x00000000000000ea       0x12 bwio.o

.debug_line     0x0000000000000000      0x14f
 .debug_line    0x0000000000000000       0x86 /u/wbcowan/gnuarm-4.0.2/lib/gcc/arm-elf/4.0.2/libgcc.a(_udivsi3.o)
 .debug_line    0x0000000000000086       0x6f /u/wbcowan/gnuarm-4.0.2/lib/gcc/arm-elf/4.0.2/libgcc.a(_umodsi3.o)
 .debug_line    0x00000000000000f5       0x5a /u/wbcowan/gnuarm-4.0.2/lib/gcc/arm-elf/4.0.2/libgcc.a(_dvmd_tls.o)

.debug_info     0x0000000000000000      0x153
 .debug_info    0x0000000000000000       0x71 /u/wbcowan/gnuarm-4.0.2/lib/gcc/arm-elf/4.0.2/libgcc.a(_udivsi3.o)
 .debug_info    0x0000000000000071       0x71 /u/wbcowan/gnuarm-4.0.2/lib/gcc/arm-elf/4.0.2/libgcc.a(_umodsi3.o)
 .debug_info    0x00000000000000e2       0x71 /u/wbcowan/gnuarm-4.0.2/lib/gcc/arm-elf/4.0.2/libgcc.a(_dvmd_tls.o)

.debug_abbrev   0x0000000000000000       0x3c
 .debug_abbrev  0x0000000000000000       0x14 /u/wbcowan/gnuarm-4.0.2/lib/gcc/arm-elf/4.0.2/libgcc.a(_udivsi3.o)
 .debug_abbrev  0x0000000000000014       0x14 /u/wbcowan/gnuarm-4.0.2/lib/gcc/arm-elf/4.0.2/libgcc.a(_umodsi3.o)
 .debug_abbrev  0x0000000000000028       0x14 /u/wbcowan/gnuarm-4.0.2/lib/gcc/arm-elf/4.0.2/libgcc.a(_dvmd_tls.o)

.debug_aranges  0x0000000000000000       0x60
 .debug_aranges
                0x0000000000000000       0x20 /u/wbcowan/gnuarm-4.0.2/lib/gcc/arm-elf/4.0.2/libgcc.a(_udivsi3.o)
 .debug_aranges
                0x0000000000000020       0x20 /u/wbcowan/gnuarm-4.0.2/lib/gcc/arm-elf/4.0.2/libgcc.a(_umodsi3.o)
 .debug_aranges
                0x0000000000000040       0x20 /u/wbcowan/gnuarm-4.0.2/lib/gcc/arm-elf/4.0.2/libgcc.a(_dvmd_tls.o)
