Archive member included because of file (symbol)

/u/wbcowan/gnuarm-4.0.2/lib/gcc/arm-elf/4.0.2/libgcc.a(_udivsi3.o)
                              wrapper.o (__udivsi3)
/u/wbcowan/gnuarm-4.0.2/lib/gcc/arm-elf/4.0.2/libgcc.a(_divsi3.o)
                              train.o (__divsi3)
/u/wbcowan/gnuarm-4.0.2/lib/gcc/arm-elf/4.0.2/libgcc.a(_umodsi3.o)
                              wrapper.o (__umodsi3)
/u/wbcowan/gnuarm-4.0.2/lib/gcc/arm-elf/4.0.2/libgcc.a(_dvmd_tls.o)
                              /u/wbcowan/gnuarm-4.0.2/lib/gcc/arm-elf/4.0.2/libgcc.a(_udivsi3.o) (__div0)

Memory Configuration

Name             Origin             Length             Attributes
ram              0x0000000000000000 0x0000000002000000
rom              0x0000000060000000 0x0000000000800000
*default*        0x0000000000000000 0xffffffffffffffff

Linker script and memory map


data            0x0000000000000000        0x0
                0x0000000000000000                _DataStart = .
 *(.data)
                0x0000000000000000                _DataEnd = .

bss             0x0000000000000000        0x0
                0x0000000000000000                _BssStart = .
 *(.bss)
                0x0000000000000000                _BssEnd = .

text            0x0000000000000000     0x5ff8
 *(.text)
 .text          0x0000000000000000      0x6cc kernel.o
                0x0000000000000000                main
 .text          0x00000000000006cc      0x330 ClockServer.o
                0x00000000000007bc                clockNotifier
                0x00000000000006cc                add_wtid
                0x0000000000000800                clockServer
 .text          0x00000000000009fc      0x1d4 helper.o
                0x00000000000009fc                myMemCpy
                0x0000000000000afc                reverse
                0x0000000000000bac                memcpy
                0x0000000000000aa0                myStrcmp
                0x0000000000000b38                myItoa
                0x0000000000000a20                myAtoi
 .text          0x0000000000000bd0      0x67c kernelFunction.o
                0x0000000000000f98                handle_block
                0x0000000000000bd0                handle
                0x0000000000000cf0                handle_msg_passing
 .text          0x000000000000124c      0x12c nameServer.o
                0x000000000000124c                nameServer
 .text          0x0000000000001378      0x194 taskDescriptor.o
                0x0000000000001378                schedule
                0x00000000000014dc                getTaskDes
                0x0000000000001450                pq_delete
                0x00000000000013bc                pq_insert
                0x00000000000013f8                pq_movetoend
 .text          0x000000000000150c      0x11c userFunction.o
                0x0000000000001510                user
                0x000000000000150c                idle
                0x0000000000001570                first
 .text          0x0000000000001628      0x4d0 contextSwitch.o
                0x0000000000001628                activate
                0x000000000000188c                initialize
 .text          0x0000000000001af8      0xa1c command.o
                0x0000000000001c4c                parse_digit3
                0x0000000000002300                parse_command
                0x0000000000002068                parse_arg3
                0x0000000000001d74                parse_arg1
                0x0000000000001af8                parse_digit1
                0x0000000000001b78                parse_digit2
                0x0000000000001e94                parse_arg2
 .text          0x0000000000002514      0x310 syscall.o
                0x0000000000002514                Send
                0x0000000000002714                MyParentTid
                0x0000000000002744                Pass
                0x0000000000002688                Create
                0x000000000000277c                AwaitEvent
                0x00000000000025a8                Receive
                0x0000000000002618                Reply
                0x00000000000026e4                MyTid
                0x00000000000027f4                KExit
                0x0000000000002760                Exit
                0x00000000000027c4                IdlePct
 .text          0x0000000000002824      0x8f0 wrapper.o
                0x0000000000002bf8                putw
                0x00000000000028c0                Getc
                0x0000000000002940                Putc
                0x0000000000002ba4                putstr
                0x0000000000002e38                i2a
                0x0000000000002e54                format
                0x0000000000002878                WhoIs
                0x0000000000003090                setspeed
                0x0000000000003054                setfifo
                0x0000000000002ae4                myc2x
                0x0000000000002b04                putx
                0x0000000000002a70                DelayUntil
                0x0000000000002d5c                ui2a
                0x0000000000002d04                a2i
                0x0000000000002cc4                a2d
                0x0000000000002fc8                Printf
                0x0000000000002824                RegisterAs
                0x0000000000002a1c                Delay
                0x0000000000002ac8                Insert
                0x00000000000029c8                Time
                0x0000000000002b54                putr
 .text          0x0000000000003114      0xe5c ioServer.o
                0x0000000000003cf8                Courier1
                0x0000000000003c70                COM2PutNotifier
                0x00000000000033f4                COM1PutServer
                0x0000000000003e34                Courier2
                0x00000000000038f8                COM2PutServer
                0x0000000000003b84                COM1PutNotifier
                0x0000000000003114                COM1GetServer
                0x0000000000003618                COM2GetServer
                0x0000000000003c0c                COM2GetNotifier
                0x0000000000003b1c                COM1GetNotifier
 .text          0x0000000000003f70      0xdd4 train.o
                0x0000000000004294                timer
                0x0000000000004424                sensorData
                0x0000000000003f70                init
                0x00000000000047f4                trainCommunication
 .text          0x0000000000004d44      0xc54 bwio.o
                0x00000000000050bc                bwputr
                0x0000000000005628                bwi2a
                0x0000000000004d44                bwsetfifo
                0x0000000000004f18                bwputc
                0x0000000000005378                bwa2d
                0x0000000000004e0c                bwsetspeed
                0x0000000000004fdc                c2x
                0x0000000000005420                bwa2i
                0x00000000000052c0                bwgetc
                0x00000000000054e4                bwui2a
                0x000000000000568c                bwformat
                0x00000000000051b8                bwputw
                0x0000000000005960                bwprintf
                0x000000000000503c                bwputx
                0x000000000000513c                bwputstr
 .text          0x0000000000005998      0x110 /u/wbcowan/gnuarm-4.0.2/lib/gcc/arm-elf/4.0.2/libgcc.a(_udivsi3.o)
                0x0000000000005998                __udivsi3
                0x0000000000005a90                __aeabi_uidivmod
 .text          0x0000000000005aa8      0x140 /u/wbcowan/gnuarm-4.0.2/lib/gcc/arm-elf/4.0.2/libgcc.a(_divsi3.o)
                0x0000000000005aa8                __divsi3
                0x0000000000005bd0                __aeabi_idivmod
 .text          0x0000000000005be8       0xcc /u/wbcowan/gnuarm-4.0.2/lib/gcc/arm-elf/4.0.2/libgcc.a(_umodsi3.o)
                0x0000000000005be8                __umodsi3
 .text          0x0000000000005cb4        0x4 /u/wbcowan/gnuarm-4.0.2/lib/gcc/arm-elf/4.0.2/libgcc.a(_dvmd_tls.o)
                0x0000000000005cb4                __aeabi_ldiv0
                0x0000000000005cb4                __div0
                0x0000000000005cb4                __aeabi_idiv0
 *(.got)
 .got           0x0000000000005cb8       0x4c ClockServer.o
 *(.got.plt)
 .got.plt       0x0000000000005d04        0xc ClockServer.o
                0x0000000000005d04                _GLOBAL_OFFSET_TABLE_
 *(.rodata)
 .rodata        0x0000000000005d10       0x58 ioServer.o
 .rodata        0x0000000000005d68      0x22c train.o
 *(.rodata.str1.4)
 .rodata.str1.4
                0x0000000000005f94        0xc ClockServer.o
 .rodata.str1.4
                0x0000000000005fa0       0x55 wrapper.o
                                         0x64 (size before relaxing)
 *(.glue_7)
 *fill*         0x0000000000005ff5        0x3 00
 *(.glue_7t)

.rel.dyn
LOAD kernel.o
LOAD ClockServer.o
LOAD helper.o
LOAD kernelFunction.o
LOAD nameServer.o
LOAD taskDescriptor.o
LOAD userFunction.o
LOAD contextSwitch.o
LOAD command.o
LOAD syscall.o
LOAD wrapper.o
LOAD ioServer.o
LOAD train.o
LOAD bwio.o
LOAD /u/wbcowan/gnuarm-4.0.2/lib/gcc/arm-elf/4.0.2/libgcc.a
OUTPUT(kernel.elf elf32-littlearm)

.comment        0x0000000000000000       0xfc
 .comment       0x0000000000000000       0x12 kernel.o
 .comment       0x0000000000000012       0x12 ClockServer.o
 .comment       0x0000000000000024       0x12 helper.o
 .comment       0x0000000000000036       0x12 kernelFunction.o
 .comment       0x0000000000000048       0x12 nameServer.o
 .comment       0x000000000000005a       0x12 taskDescriptor.o
 .comment       0x000000000000006c       0x12 userFunction.o
 .comment       0x000000000000007e       0x12 contextSwitch.o
 .comment       0x0000000000000090       0x12 command.o
 .comment       0x00000000000000a2       0x12 syscall.o
 .comment       0x00000000000000b4       0x12 wrapper.o
 .comment       0x00000000000000c6       0x12 ioServer.o
 .comment       0x00000000000000d8       0x12 train.o
 .comment       0x00000000000000ea       0x12 bwio.o

.debug_line     0x0000000000000000      0x1e1
 .debug_line    0x0000000000000000       0x86 /u/wbcowan/gnuarm-4.0.2/lib/gcc/arm-elf/4.0.2/libgcc.a(_udivsi3.o)
 .debug_line    0x0000000000000086       0x92 /u/wbcowan/gnuarm-4.0.2/lib/gcc/arm-elf/4.0.2/libgcc.a(_divsi3.o)
 .debug_line    0x0000000000000118       0x6f /u/wbcowan/gnuarm-4.0.2/lib/gcc/arm-elf/4.0.2/libgcc.a(_umodsi3.o)
 .debug_line    0x0000000000000187       0x5a /u/wbcowan/gnuarm-4.0.2/lib/gcc/arm-elf/4.0.2/libgcc.a(_dvmd_tls.o)

.debug_info     0x0000000000000000      0x1c4
 .debug_info    0x0000000000000000       0x71 /u/wbcowan/gnuarm-4.0.2/lib/gcc/arm-elf/4.0.2/libgcc.a(_udivsi3.o)
 .debug_info    0x0000000000000071       0x71 /u/wbcowan/gnuarm-4.0.2/lib/gcc/arm-elf/4.0.2/libgcc.a(_divsi3.o)
 .debug_info    0x00000000000000e2       0x71 /u/wbcowan/gnuarm-4.0.2/lib/gcc/arm-elf/4.0.2/libgcc.a(_umodsi3.o)
 .debug_info    0x0000000000000153       0x71 /u/wbcowan/gnuarm-4.0.2/lib/gcc/arm-elf/4.0.2/libgcc.a(_dvmd_tls.o)

.debug_abbrev   0x0000000000000000       0x50
 .debug_abbrev  0x0000000000000000       0x14 /u/wbcowan/gnuarm-4.0.2/lib/gcc/arm-elf/4.0.2/libgcc.a(_udivsi3.o)
 .debug_abbrev  0x0000000000000014       0x14 /u/wbcowan/gnuarm-4.0.2/lib/gcc/arm-elf/4.0.2/libgcc.a(_divsi3.o)
 .debug_abbrev  0x0000000000000028       0x14 /u/wbcowan/gnuarm-4.0.2/lib/gcc/arm-elf/4.0.2/libgcc.a(_umodsi3.o)
 .debug_abbrev  0x000000000000003c       0x14 /u/wbcowan/gnuarm-4.0.2/lib/gcc/arm-elf/4.0.2/libgcc.a(_dvmd_tls.o)

.debug_aranges  0x0000000000000000       0x80
 .debug_aranges
                0x0000000000000000       0x20 /u/wbcowan/gnuarm-4.0.2/lib/gcc/arm-elf/4.0.2/libgcc.a(_udivsi3.o)
 .debug_aranges
                0x0000000000000020       0x20 /u/wbcowan/gnuarm-4.0.2/lib/gcc/arm-elf/4.0.2/libgcc.a(_divsi3.o)
 .debug_aranges
                0x0000000000000040       0x20 /u/wbcowan/gnuarm-4.0.2/lib/gcc/arm-elf/4.0.2/libgcc.a(_umodsi3.o)
 .debug_aranges
                0x0000000000000060       0x20 /u/wbcowan/gnuarm-4.0.2/lib/gcc/arm-elf/4.0.2/libgcc.a(_dvmd_tls.o)
