Archive member included because of file (symbol)

/u/wbcowan/gnuarm-4.0.2/lib/gcc/arm-elf/4.0.2/libgcc.a(_udivsi3.o)
                              kernel.o (__udivsi3)
/u/wbcowan/gnuarm-4.0.2/lib/gcc/arm-elf/4.0.2/libgcc.a(_umodsi3.o)
                              kernel.o (__umodsi3)
/u/wbcowan/gnuarm-4.0.2/lib/gcc/arm-elf/4.0.2/libgcc.a(_dvmd_tls.o)
                              /u/wbcowan/gnuarm-4.0.2/lib/gcc/arm-elf/4.0.2/libgcc.a(_udivsi3.o) (__div0)

Memory Configuration

Name             Origin             Length             Attributes
ram              0x0000000000000000 0x0000000002000000
rom              0x0000000060000000 0x0000000000800000
*default*        0x0000000000000000 0xffffffffffffffff

Linker script and memory map


data            0x0000000000000000        0x0
                0x0000000000000000                _DataStart = .
 *(.data)
                0x0000000000000000                _DataEnd = .

bss             0x0000000000000000        0x0
                0x0000000000000000                _BssStart = .
 *(.bss)
                0x0000000000000000                _BssEnd = .

text            0x0000000000000000     0x399c
 *(.text)
 .text          0x0000000000000000      0x780 kernel.o
                0x0000000000000000                main
 .text          0x0000000000000780      0x314 ClockServer.o
                0x0000000000000870                clockNotifier
                0x0000000000000780                add_wtid
                0x00000000000008cc                clockServer
 .text          0x0000000000000a94      0x1d4 helper.o
                0x0000000000000a94                myMemCpy
                0x0000000000000b94                reverse
                0x0000000000000c44                memcpy
                0x0000000000000b38                myStrcmp
                0x0000000000000bd0                myItoa
                0x0000000000000ab8                myAtoi
 .text          0x0000000000000c68      0x56c kernelFunction.o
                0x0000000000001018                handle_block
                0x0000000000000c68                handle
                0x0000000000000d7c                handle_msg_passing
 .text          0x00000000000011d4      0x1bc nameServer.o
                0x00000000000011d4                nameServer
 .text          0x0000000000001390      0x194 taskDescriptor.o
                0x0000000000001390                schedule
                0x00000000000014f4                getTaskDes
                0x0000000000001468                pq_delete
                0x00000000000013d4                pq_insert
                0x0000000000001410                pq_movetoend
 .text          0x0000000000001524       0xf4 userFunction.o
                0x0000000000001528                user
                0x0000000000001524                idle
                0x0000000000001560                first
 .text          0x0000000000001618      0x510 contextSwitch.o
                0x0000000000001618                activate
                0x00000000000018c0                initialize
 .text          0x0000000000001b28      0x2b0 syscall.o
                0x0000000000001b28                Send
                0x0000000000001d28                MyParentTid
                0x0000000000001d58                Pass
                0x0000000000001c9c                Create
                0x0000000000001d90                AwaitEvent
                0x0000000000001bbc                Receive
                0x0000000000001c2c                Reply
                0x0000000000001cf8                MyTid
                0x0000000000001d74                Exit
 .text          0x0000000000001dd8      0xc54 bwio.o
                0x0000000000002150                bwputr
                0x00000000000026bc                bwi2a
                0x0000000000001dd8                bwsetfifo
                0x0000000000001fac                bwputc
                0x000000000000240c                bwa2d
                0x0000000000001ea0                bwsetspeed
                0x0000000000002070                c2x
                0x00000000000024b4                bwa2i
                0x0000000000002354                bwgetc
                0x0000000000002578                bwui2a
                0x0000000000002720                bwformat
                0x000000000000224c                bwputw
                0x00000000000029f4                bwprintf
                0x00000000000020d0                bwputx
                0x00000000000021d0                bwputstr
 .text          0x0000000000002a2c      0x324 wrapper.o
                0x0000000000002b48                Getc
                0x0000000000002bc8                Putc
                0x0000000000002ac0                WhoIs
                0x0000000000002cf8                DelayUntil
                0x0000000000002a2c                RegisterAs
                0x0000000000002ca4                Delay
                0x0000000000002c50                Time
 .text          0x0000000000002d50      0x844 ioServer.o
                0x00000000000034c8                COM2PutNotifier
                0x0000000000002f50                COM1PutServer
                0x00000000000032c0                COM2PutServer
                0x0000000000002d50                COM1GetServer
                0x00000000000030c0                COM2GetServer
 .text          0x0000000000003594      0x110 /u/wbcowan/gnuarm-4.0.2/lib/gcc/arm-elf/4.0.2/libgcc.a(_udivsi3.o)
                0x0000000000003594                __udivsi3
                0x000000000000368c                __aeabi_uidivmod
 .text          0x00000000000036a4       0xcc /u/wbcowan/gnuarm-4.0.2/lib/gcc/arm-elf/4.0.2/libgcc.a(_umodsi3.o)
                0x00000000000036a4                __umodsi3
 .text          0x0000000000003770        0x4 /u/wbcowan/gnuarm-4.0.2/lib/gcc/arm-elf/4.0.2/libgcc.a(_dvmd_tls.o)
                0x0000000000003770                __aeabi_ldiv0
                0x0000000000003770                __div0
                0x0000000000003770                __aeabi_idiv0
 *(.got)
 .got           0x0000000000003774       0x20 kernel.o
 *(.got.plt)
 .got.plt       0x0000000000003794        0xc kernel.o
                0x0000000000003794                _GLOBAL_OFFSET_TABLE_
 *(.rodata)
 .rodata        0x00000000000037a0       0x4c kernel.o
 *(.rodata.str1.4)
 .rodata.str1.4
                0x00000000000037ec        0xc ClockServer.o
 .rodata.str1.4
                0x00000000000037f8       0x37 nameServer.o
                                         0x38 (size before relaxing)
 *fill*         0x000000000000382f        0x1 00
 .rodata.str1.4
                0x0000000000003830       0x19 userFunction.o
                                         0x1c (size before relaxing)
 *fill*         0x0000000000003849        0x3 00
 .rodata.str1.4
                0x000000000000384c       0x72 wrapper.o
                                         0x80 (size before relaxing)
 *fill*         0x00000000000038be        0x2 00
 .rodata.str1.4
                0x00000000000038c0       0xda ioServer.o
                                        0x11c (size before relaxing)
 *(.glue_7)
 *fill*         0x000000000000399a        0x2 00
 *(.glue_7t)

.rel.dyn
LOAD kernel.o
LOAD ClockServer.o
LOAD helper.o
LOAD kernelFunction.o
LOAD nameServer.o
LOAD taskDescriptor.o
LOAD userFunction.o
LOAD contextSwitch.o
LOAD syscall.o
LOAD bwio.o
LOAD wrapper.o
LOAD ioServer.o
LOAD /u/wbcowan/gnuarm-4.0.2/lib/gcc/arm-elf/4.0.2/libgcc.a
OUTPUT(kernel.elf elf32-littlearm)

.comment        0x0000000000000000       0xd8
 .comment       0x0000000000000000       0x12 kernel.o
 .comment       0x0000000000000012       0x12 ClockServer.o
 .comment       0x0000000000000024       0x12 helper.o
 .comment       0x0000000000000036       0x12 kernelFunction.o
 .comment       0x0000000000000048       0x12 nameServer.o
 .comment       0x000000000000005a       0x12 taskDescriptor.o
 .comment       0x000000000000006c       0x12 userFunction.o
 .comment       0x000000000000007e       0x12 contextSwitch.o
 .comment       0x0000000000000090       0x12 syscall.o
 .comment       0x00000000000000a2       0x12 bwio.o
 .comment       0x00000000000000b4       0x12 wrapper.o
 .comment       0x00000000000000c6       0x12 ioServer.o

.debug_line     0x0000000000000000      0x14f
 .debug_line    0x0000000000000000       0x86 /u/wbcowan/gnuarm-4.0.2/lib/gcc/arm-elf/4.0.2/libgcc.a(_udivsi3.o)
 .debug_line    0x0000000000000086       0x6f /u/wbcowan/gnuarm-4.0.2/lib/gcc/arm-elf/4.0.2/libgcc.a(_umodsi3.o)
 .debug_line    0x00000000000000f5       0x5a /u/wbcowan/gnuarm-4.0.2/lib/gcc/arm-elf/4.0.2/libgcc.a(_dvmd_tls.o)

.debug_info     0x0000000000000000      0x153
 .debug_info    0x0000000000000000       0x71 /u/wbcowan/gnuarm-4.0.2/lib/gcc/arm-elf/4.0.2/libgcc.a(_udivsi3.o)
 .debug_info    0x0000000000000071       0x71 /u/wbcowan/gnuarm-4.0.2/lib/gcc/arm-elf/4.0.2/libgcc.a(_umodsi3.o)
 .debug_info    0x00000000000000e2       0x71 /u/wbcowan/gnuarm-4.0.2/lib/gcc/arm-elf/4.0.2/libgcc.a(_dvmd_tls.o)

.debug_abbrev   0x0000000000000000       0x3c
 .debug_abbrev  0x0000000000000000       0x14 /u/wbcowan/gnuarm-4.0.2/lib/gcc/arm-elf/4.0.2/libgcc.a(_udivsi3.o)
 .debug_abbrev  0x0000000000000014       0x14 /u/wbcowan/gnuarm-4.0.2/lib/gcc/arm-elf/4.0.2/libgcc.a(_umodsi3.o)
 .debug_abbrev  0x0000000000000028       0x14 /u/wbcowan/gnuarm-4.0.2/lib/gcc/arm-elf/4.0.2/libgcc.a(_dvmd_tls.o)

.debug_aranges  0x0000000000000000       0x60
 .debug_aranges
                0x0000000000000000       0x20 /u/wbcowan/gnuarm-4.0.2/lib/gcc/arm-elf/4.0.2/libgcc.a(_udivsi3.o)
 .debug_aranges
                0x0000000000000020       0x20 /u/wbcowan/gnuarm-4.0.2/lib/gcc/arm-elf/4.0.2/libgcc.a(_umodsi3.o)
 .debug_aranges
                0x0000000000000040       0x20 /u/wbcowan/gnuarm-4.0.2/lib/gcc/arm-elf/4.0.2/libgcc.a(_dvmd_tls.o)
