Archive member included because of file (symbol)

../lib/libbwio.a(bwio.o)      kernel.o (bwsetfifo)
/u/wbcowan/gnuarm-4.0.2/lib/gcc/arm-elf/4.0.2/libgcc.a(_udivsi3.o)
                              kernel.o (__udivsi3)
/u/wbcowan/gnuarm-4.0.2/lib/gcc/arm-elf/4.0.2/libgcc.a(_umodsi3.o)
                              kernel.o (__umodsi3)
/u/wbcowan/gnuarm-4.0.2/lib/gcc/arm-elf/4.0.2/libgcc.a(_dvmd_tls.o)
                              /u/wbcowan/gnuarm-4.0.2/lib/gcc/arm-elf/4.0.2/libgcc.a(_udivsi3.o) (__div0)

Memory Configuration

Name             Origin             Length             Attributes
ram              0x0000000000000000 0x0000000002000000
rom              0x0000000060000000 0x0000000000800000
*default*        0x0000000000000000 0xffffffffffffffff

Linker script and memory map


data            0x0000000000000000        0x0
                0x0000000000000000                _DataStart = .
 *(.data)
                0x0000000000000000                _DataEnd = .

bss             0x0000000000000000        0x0
                0x0000000000000000                _BssStart = .
 *(.bss)
                0x0000000000000000                _BssEnd = .

text            0x0000000000000000     0x41bc
 *(.text)
 .text          0x0000000000000000     0x3260 kernel.o
                0x0000000000000900                Send
                0x00000000000004cc                myMemCpy
                0x0000000000001300                clockNotifier
                0x0000000000000714                reverse
                0x0000000000001140                add_wtid
                0x0000000000002820                handle_block
                0x0000000000000b00                MyParentTid
                0x0000000000000b30                Pass
                0x0000000000001f90                memcpy
                0x0000000000001370                clockServer
                0x0000000000000c38                WhoIs
                0x0000000000000a74                Create
                0x0000000000000cfc                AwaitEvent
                0x0000000000000000                schedule
                0x0000000000000994                Receive
                0x0000000000000a04                Reply
                0x0000000000000ad0                MyTid
                0x0000000000000694                myStrcmp
                0x0000000000001928                activate
                0x0000000000000b4c                Exit
                0x0000000000001620                idle
                0x0000000000001db0                handle
                0x0000000000000d44                nameServer
                0x0000000000001630                client
                0x00000000000010c0                DelayUntil
                0x00000000000007cc                myItoa
                0x0000000000002adc                main
                0x0000000000000550                myAtoi
                0x0000000000000428                getTaskDes
                0x0000000000000b68                RegisterAs
                0x0000000000001040                Delay
                0x0000000000001714                first
                0x0000000000000fc4                Time
                0x000000000000201c                handle_msg_passing
                0x0000000000001bb8                initialize
                0x00000000000002ac                pq_delete
                0x00000000000000bc                pq_insert
                0x00000000000001a4                pq_movetoend
 .text          0x0000000000003260      0xc54 ../lib/libbwio.a(bwio.o)
                0x00000000000035d8                bwputr
                0x0000000000003b44                bwi2a
                0x0000000000003260                bwsetfifo
                0x0000000000003434                bwputc
                0x0000000000003894                bwa2d
                0x0000000000003328                bwsetspeed
                0x00000000000034f8                c2x
                0x000000000000393c                bwa2i
                0x00000000000037dc                bwgetc
                0x0000000000003a00                bwui2a
                0x0000000000003ba8                bwformat
                0x00000000000036d4                bwputw
                0x0000000000003e7c                bwprintf
                0x0000000000003558                bwputx
                0x0000000000003658                bwputstr
 .text          0x0000000000003eb4      0x110 /u/wbcowan/gnuarm-4.0.2/lib/gcc/arm-elf/4.0.2/libgcc.a(_udivsi3.o)
                0x0000000000003eb4                __udivsi3
                0x0000000000003fac                __aeabi_uidivmod
 .text          0x0000000000003fc4       0xcc /u/wbcowan/gnuarm-4.0.2/lib/gcc/arm-elf/4.0.2/libgcc.a(_umodsi3.o)
                0x0000000000003fc4                __umodsi3
 .text          0x0000000000004090        0x4 /u/wbcowan/gnuarm-4.0.2/lib/gcc/arm-elf/4.0.2/libgcc.a(_dvmd_tls.o)
                0x0000000000004090                __aeabi_ldiv0
                0x0000000000004090                __div0
                0x0000000000004090                __aeabi_idiv0
 *(.got)
 .got           0x0000000000004094       0x18 kernel.o
 *(.got.plt)
 .got.plt       0x00000000000040ac        0xc kernel.o
                0x00000000000040ac                _GLOBAL_OFFSET_TABLE_
 *(.rodata)
 .rodata        0x00000000000040b8      0x104 kernel.o
 *(.rodata.str1.4)
 *(.glue_7)
 *(.glue_7t)

.rel.dyn
LOAD kernel.o
LOAD ../lib/libbwio.a
LOAD /u/wbcowan/gnuarm-4.0.2/lib/gcc/arm-elf/4.0.2/libgcc.a
OUTPUT(kernel.elf elf32-littlearm)

.comment        0x0000000000000000       0x24
 .comment       0x0000000000000000       0x12 kernel.o
 .comment       0x0000000000000012       0x12 ../lib/libbwio.a(bwio.o)

.debug_line     0x0000000000000000      0x14f
 .debug_line    0x0000000000000000       0x86 /u/wbcowan/gnuarm-4.0.2/lib/gcc/arm-elf/4.0.2/libgcc.a(_udivsi3.o)
 .debug_line    0x0000000000000086       0x6f /u/wbcowan/gnuarm-4.0.2/lib/gcc/arm-elf/4.0.2/libgcc.a(_umodsi3.o)
 .debug_line    0x00000000000000f5       0x5a /u/wbcowan/gnuarm-4.0.2/lib/gcc/arm-elf/4.0.2/libgcc.a(_dvmd_tls.o)

.debug_info     0x0000000000000000      0x153
 .debug_info    0x0000000000000000       0x71 /u/wbcowan/gnuarm-4.0.2/lib/gcc/arm-elf/4.0.2/libgcc.a(_udivsi3.o)
 .debug_info    0x0000000000000071       0x71 /u/wbcowan/gnuarm-4.0.2/lib/gcc/arm-elf/4.0.2/libgcc.a(_umodsi3.o)
 .debug_info    0x00000000000000e2       0x71 /u/wbcowan/gnuarm-4.0.2/lib/gcc/arm-elf/4.0.2/libgcc.a(_dvmd_tls.o)

.debug_abbrev   0x0000000000000000       0x3c
 .debug_abbrev  0x0000000000000000       0x14 /u/wbcowan/gnuarm-4.0.2/lib/gcc/arm-elf/4.0.2/libgcc.a(_udivsi3.o)
 .debug_abbrev  0x0000000000000014       0x14 /u/wbcowan/gnuarm-4.0.2/lib/gcc/arm-elf/4.0.2/libgcc.a(_umodsi3.o)
 .debug_abbrev  0x0000000000000028       0x14 /u/wbcowan/gnuarm-4.0.2/lib/gcc/arm-elf/4.0.2/libgcc.a(_dvmd_tls.o)

.debug_aranges  0x0000000000000000       0x60
 .debug_aranges
                0x0000000000000000       0x20 /u/wbcowan/gnuarm-4.0.2/lib/gcc/arm-elf/4.0.2/libgcc.a(_udivsi3.o)
 .debug_aranges
                0x0000000000000020       0x20 /u/wbcowan/gnuarm-4.0.2/lib/gcc/arm-elf/4.0.2/libgcc.a(_umodsi3.o)
 .debug_aranges
                0x0000000000000040       0x20 /u/wbcowan/gnuarm-4.0.2/lib/gcc/arm-elf/4.0.2/libgcc.a(_dvmd_tls.o)
