Archive member included because of file (symbol)

/u/wbcowan/gnuarm-4.0.2/lib/gcc/arm-elf/4.0.2/libgcc.a(_udivsi3.o)
                              wrapper.o (__udivsi3)
/u/wbcowan/gnuarm-4.0.2/lib/gcc/arm-elf/4.0.2/libgcc.a(_divsi3.o)
                              train.o (__divsi3)
/u/wbcowan/gnuarm-4.0.2/lib/gcc/arm-elf/4.0.2/libgcc.a(_umodsi3.o)
                              wrapper.o (__umodsi3)
/u/wbcowan/gnuarm-4.0.2/lib/gcc/arm-elf/4.0.2/libgcc.a(_modsi3.o)
                              train.o (__modsi3)
/u/wbcowan/gnuarm-4.0.2/lib/gcc/arm-elf/4.0.2/libgcc.a(_dvmd_tls.o)
                              /u/wbcowan/gnuarm-4.0.2/lib/gcc/arm-elf/4.0.2/libgcc.a(_udivsi3.o) (__div0)

Memory Configuration

Name             Origin             Length             Attributes
ram              0x0000000000000000 0x0000000002000000
rom              0x0000000060000000 0x0000000000800000
*default*        0x0000000000000000 0xffffffffffffffff

Linker script and memory map


data            0x0000000000000000        0x0
                0x0000000000000000                _DataStart = .
 *(.data)
                0x0000000000000000                _DataEnd = .

bss             0x0000000000000000        0x0
                0x0000000000000000                _BssStart = .
 *(.bss)
                0x0000000000000000                _BssEnd = .

text            0x0000000000000000    0x13328
 *(.text)
 .text          0x0000000000000000      0x6c4 kernel.o
                0x0000000000000000                main
 .text          0x00000000000006c4      0x330 ClockServer.o
                0x00000000000007b4                clockNotifier
                0x00000000000006c4                add_wtid
                0x00000000000007f8                clockServer
 .text          0x00000000000009f4      0x1d4 helper.o
                0x00000000000009f4                myMemCpy
                0x0000000000000af4                reverse
                0x0000000000000ba4                memcpy
                0x0000000000000a98                myStrcmp
                0x0000000000000b30                myItoa
                0x0000000000000a18                myAtoi
 .text          0x0000000000000bc8      0x6d0 kernelFunction.o
                0x0000000000000f90                handle_block
                0x0000000000000bc8                handle
                0x0000000000000ce8                handle_msg_passing
 .text          0x0000000000001298      0x12c nameServer.o
                0x0000000000001298                nameServer
 .text          0x00000000000013c4      0x194 taskDescriptor.o
                0x00000000000013c4                schedule
                0x0000000000001528                getTaskDes
                0x000000000000149c                pq_delete
                0x0000000000001408                pq_insert
                0x0000000000001444                pq_movetoend
 .text          0x0000000000001558      0x11c userFunction.o
                0x000000000000155c                user
                0x0000000000001558                idle
                0x00000000000015bc                first
 .text          0x0000000000001674      0x4e4 contextSwitch.o
                0x0000000000001674                activate
                0x00000000000018d8                initialize
 .text          0x0000000000001b58      0x8c4 command.o
                0x0000000000001bc4                parse_digit3
                0x00000000000021d0                parse_command
                0x0000000000001f30                parse_arg3
                0x0000000000001c4c                parse_arg1
                0x0000000000001b58                parse_digit1
                0x0000000000001b74                parse_digit2
                0x0000000000001ce8                parse_arg2
                0x0000000000002054                parse_arg4
 .text          0x000000000000241c      0x310 syscall.o
                0x000000000000241c                Send
                0x000000000000261c                MyParentTid
                0x000000000000264c                Pass
                0x0000000000002590                Create
                0x0000000000002684                AwaitEvent
                0x00000000000024b0                Receive
                0x0000000000002520                Reply
                0x00000000000025ec                MyTid
                0x00000000000026fc                KExit
                0x0000000000002668                Exit
                0x00000000000026cc                IdlePct
 .text          0x000000000000272c      0x8f0 wrapper.o
                0x0000000000002b00                putw
                0x00000000000027c8                Getc
                0x0000000000002848                Putc
                0x0000000000002aac                putstr
                0x0000000000002d40                i2a
                0x0000000000002d5c                format
                0x0000000000002780                WhoIs
                0x0000000000002f98                setspeed
                0x0000000000002f5c                setfifo
                0x00000000000029ec                myc2x
                0x0000000000002a0c                putx
                0x0000000000002978                DelayUntil
                0x0000000000002c64                ui2a
                0x0000000000002c0c                a2i
                0x0000000000002bcc                a2d
                0x0000000000002ed0                Printf
                0x000000000000272c                RegisterAs
                0x0000000000002924                Delay
                0x00000000000029d0                Insert
                0x00000000000028d0                Time
                0x0000000000002a5c                putr
 .text          0x000000000000301c      0xc2c ioServer.o
                0x0000000000003a40                Courier1
                0x00000000000039d4                COM2PutNotifier
                0x0000000000003280                COM1PutServer
                0x0000000000003b44                Courier2
                0x00000000000036cc                COM2PutServer
                0x000000000000390c                COM1PutNotifier
                0x000000000000301c                COM1GetServer
                0x0000000000003468                COM2GetServer
                0x0000000000003978                COM2GetNotifier
                0x00000000000038b4                COM1GetNotifier
 .text          0x0000000000003c48     0x10a8 train.o
                0x0000000000003f68                timer
                0x0000000000004158                sensorData
                0x0000000000003c48                init
                0x0000000000004684                trainCommunication
 .text          0x0000000000004cf0      0xc54 bwio.o
                0x0000000000005068                bwputr
                0x00000000000055d4                bwi2a
                0x0000000000004cf0                bwsetfifo
                0x0000000000004ec4                bwputc
                0x0000000000005324                bwa2d
                0x0000000000004db8                bwsetspeed
                0x0000000000004f88                c2x
                0x00000000000053cc                bwa2i
                0x000000000000526c                bwgetc
                0x0000000000005490                bwui2a
                0x0000000000005638                bwformat
                0x0000000000005164                bwputw
                0x000000000000590c                bwprintf
                0x0000000000004fe8                bwputx
                0x00000000000050e8                bwputstr
 .text          0x0000000000005944     0xc6b8 track_data.o
                0x000000000000bd08                init_trackb
                0x00000000000059b0                init_tracka
                0x0000000000011e80                nameEqual
 .text          0x0000000000011ffc      0x8c8 coordinator.o
                0x0000000000011ffc                findPathDist
                0x0000000000012308                Coordinator
                0x0000000000012218                trainController
                0x00000000000120a0                find_nxt_node
                0x0000000000012194                find_dist_to_next_sensor
                0x00000000000122b4                find_track_node
 .text          0x00000000000128c4      0x110 /u/wbcowan/gnuarm-4.0.2/lib/gcc/arm-elf/4.0.2/libgcc.a(_udivsi3.o)
                0x00000000000128c4                __udivsi3
                0x00000000000129bc                __aeabi_uidivmod
 .text          0x00000000000129d4      0x140 /u/wbcowan/gnuarm-4.0.2/lib/gcc/arm-elf/4.0.2/libgcc.a(_divsi3.o)
                0x00000000000129d4                __divsi3
                0x0000000000012afc                __aeabi_idivmod
 .text          0x0000000000012b14       0xcc /u/wbcowan/gnuarm-4.0.2/lib/gcc/arm-elf/4.0.2/libgcc.a(_umodsi3.o)
                0x0000000000012b14                __umodsi3
 .text          0x0000000000012be0       0xe4 /u/wbcowan/gnuarm-4.0.2/lib/gcc/arm-elf/4.0.2/libgcc.a(_modsi3.o)
                0x0000000000012be0                __modsi3
 .text          0x0000000000012cc4        0x4 /u/wbcowan/gnuarm-4.0.2/lib/gcc/arm-elf/4.0.2/libgcc.a(_dvmd_tls.o)
                0x0000000000012cc4                __aeabi_ldiv0
                0x0000000000012cc4                __div0
                0x0000000000012cc4                __aeabi_idiv0
 *(.got)
 .got           0x0000000000012cc8       0x54 ClockServer.o
 *(.got.plt)
 .got.plt       0x0000000000012d1c        0xc ClockServer.o
                0x0000000000012d1c                _GLOBAL_OFFSET_TABLE_
 *(.rodata)
 .rodata        0x0000000000012d28      0x284 train.o
 .rodata        0x0000000000012fac      0x2b0 track_data.o
 *(.rodata.str1.4)
 .rodata.str1.4
                0x000000000001325c        0xc ClockServer.o
 .rodata.str1.4
                0x0000000000013268       0x55 wrapper.o
                                         0x64 (size before relaxing)
 .rodata.str1.4
                0x00000000000132bd        0x0 ioServer.o
                                         0x58 (size before relaxing)
 *fill*         0x00000000000132bd        0x3 00
 .rodata.str1.4
                0x00000000000132c0       0x65 coordinator.o
                                         0x68 (size before relaxing)
 *(.glue_7)
 *fill*         0x0000000000013325        0x3 00
 *(.glue_7t)

.rel.dyn
LOAD kernel.o
LOAD ClockServer.o
LOAD helper.o
LOAD kernelFunction.o
LOAD nameServer.o
LOAD taskDescriptor.o
LOAD userFunction.o
LOAD contextSwitch.o
LOAD command.o
LOAD syscall.o
LOAD wrapper.o
LOAD ioServer.o
LOAD train.o
LOAD bwio.o
LOAD track_data.o
LOAD coordinator.o
LOAD /u/wbcowan/gnuarm-4.0.2/lib/gcc/arm-elf/4.0.2/libgcc.a
OUTPUT(kernel.elf elf32-littlearm)

.comment        0x0000000000000000      0x120
 .comment       0x0000000000000000       0x12 kernel.o
 .comment       0x0000000000000012       0x12 ClockServer.o
 .comment       0x0000000000000024       0x12 helper.o
 .comment       0x0000000000000036       0x12 kernelFunction.o
 .comment       0x0000000000000048       0x12 nameServer.o
 .comment       0x000000000000005a       0x12 taskDescriptor.o
 .comment       0x000000000000006c       0x12 userFunction.o
 .comment       0x000000000000007e       0x12 contextSwitch.o
 .comment       0x0000000000000090       0x12 command.o
 .comment       0x00000000000000a2       0x12 syscall.o
 .comment       0x00000000000000b4       0x12 wrapper.o
 .comment       0x00000000000000c6       0x12 ioServer.o
 .comment       0x00000000000000d8       0x12 train.o
 .comment       0x00000000000000ea       0x12 bwio.o
 .comment       0x00000000000000fc       0x12 track_data.o
 .comment       0x000000000000010e       0x12 coordinator.o

.debug_line     0x0000000000000000      0x256
 .debug_line    0x0000000000000000       0x86 /u/wbcowan/gnuarm-4.0.2/lib/gcc/arm-elf/4.0.2/libgcc.a(_udivsi3.o)
 .debug_line    0x0000000000000086       0x92 /u/wbcowan/gnuarm-4.0.2/lib/gcc/arm-elf/4.0.2/libgcc.a(_divsi3.o)
 .debug_line    0x0000000000000118       0x6f /u/wbcowan/gnuarm-4.0.2/lib/gcc/arm-elf/4.0.2/libgcc.a(_umodsi3.o)
 .debug_line    0x0000000000000187       0x75 /u/wbcowan/gnuarm-4.0.2/lib/gcc/arm-elf/4.0.2/libgcc.a(_modsi3.o)
 .debug_line    0x00000000000001fc       0x5a /u/wbcowan/gnuarm-4.0.2/lib/gcc/arm-elf/4.0.2/libgcc.a(_dvmd_tls.o)

.debug_info     0x0000000000000000      0x235
 .debug_info    0x0000000000000000       0x71 /u/wbcowan/gnuarm-4.0.2/lib/gcc/arm-elf/4.0.2/libgcc.a(_udivsi3.o)
 .debug_info    0x0000000000000071       0x71 /u/wbcowan/gnuarm-4.0.2/lib/gcc/arm-elf/4.0.2/libgcc.a(_divsi3.o)
 .debug_info    0x00000000000000e2       0x71 /u/wbcowan/gnuarm-4.0.2/lib/gcc/arm-elf/4.0.2/libgcc.a(_umodsi3.o)
 .debug_info    0x0000000000000153       0x71 /u/wbcowan/gnuarm-4.0.2/lib/gcc/arm-elf/4.0.2/libgcc.a(_modsi3.o)
 .debug_info    0x00000000000001c4       0x71 /u/wbcowan/gnuarm-4.0.2/lib/gcc/arm-elf/4.0.2/libgcc.a(_dvmd_tls.o)

.debug_abbrev   0x0000000000000000       0x64
 .debug_abbrev  0x0000000000000000       0x14 /u/wbcowan/gnuarm-4.0.2/lib/gcc/arm-elf/4.0.2/libgcc.a(_udivsi3.o)
 .debug_abbrev  0x0000000000000014       0x14 /u/wbcowan/gnuarm-4.0.2/lib/gcc/arm-elf/4.0.2/libgcc.a(_divsi3.o)
 .debug_abbrev  0x0000000000000028       0x14 /u/wbcowan/gnuarm-4.0.2/lib/gcc/arm-elf/4.0.2/libgcc.a(_umodsi3.o)
 .debug_abbrev  0x000000000000003c       0x14 /u/wbcowan/gnuarm-4.0.2/lib/gcc/arm-elf/4.0.2/libgcc.a(_modsi3.o)
 .debug_abbrev  0x0000000000000050       0x14 /u/wbcowan/gnuarm-4.0.2/lib/gcc/arm-elf/4.0.2/libgcc.a(_dvmd_tls.o)

.debug_aranges  0x0000000000000000       0xa0
 .debug_aranges
                0x0000000000000000       0x20 /u/wbcowan/gnuarm-4.0.2/lib/gcc/arm-elf/4.0.2/libgcc.a(_udivsi3.o)
 .debug_aranges
                0x0000000000000020       0x20 /u/wbcowan/gnuarm-4.0.2/lib/gcc/arm-elf/4.0.2/libgcc.a(_divsi3.o)
 .debug_aranges
                0x0000000000000040       0x20 /u/wbcowan/gnuarm-4.0.2/lib/gcc/arm-elf/4.0.2/libgcc.a(_umodsi3.o)
 .debug_aranges
                0x0000000000000060       0x20 /u/wbcowan/gnuarm-4.0.2/lib/gcc/arm-elf/4.0.2/libgcc.a(_modsi3.o)
 .debug_aranges
                0x0000000000000080       0x20 /u/wbcowan/gnuarm-4.0.2/lib/gcc/arm-elf/4.0.2/libgcc.a(_dvmd_tls.o)
