Archive member included because of file (symbol)

/u/wbcowan/gnuarm-4.0.2/lib/gcc/arm-elf/4.0.2/libgcc.a(_udivsi3.o)
                              kernel.o (__udivsi3)
/u/wbcowan/gnuarm-4.0.2/lib/gcc/arm-elf/4.0.2/libgcc.a(_umodsi3.o)
                              kernel.o (__umodsi3)
/u/wbcowan/gnuarm-4.0.2/lib/gcc/arm-elf/4.0.2/libgcc.a(_dvmd_tls.o)
                              /u/wbcowan/gnuarm-4.0.2/lib/gcc/arm-elf/4.0.2/libgcc.a(_udivsi3.o) (__div0)

Memory Configuration

Name             Origin             Length             Attributes
ram              0x0000000000000000 0x0000000002000000
rom              0x0000000060000000 0x0000000000800000
*default*        0x0000000000000000 0xffffffffffffffff

Linker script and memory map


data            0x0000000000000000        0x0
                0x0000000000000000                _DataStart = .
 *(.data)
                0x0000000000000000                _DataEnd = .

bss             0x0000000000000000        0x0
                0x0000000000000000                _BssStart = .
 *(.bss)
                0x0000000000000000                _BssEnd = .

text            0x0000000000000000     0x5f18
 *(.text)
 .text          0x0000000000000000      0x7d4 kernel.o
                0x0000000000000000                main
 .text          0x00000000000007d4      0x310 ClockServer.o
                0x00000000000008c4                clockNotifier
                0x00000000000007d4                add_wtid
                0x0000000000000908                clockServer
 .text          0x0000000000000ae4      0x1d4 helper.o
                0x0000000000000ae4                myMemCpy
                0x0000000000000be4                reverse
                0x0000000000000c94                memcpy
                0x0000000000000b88                myStrcmp
                0x0000000000000c20                myItoa
                0x0000000000000b08                myAtoi
 .text          0x0000000000000cb8      0x614 kernelFunction.o
                0x0000000000001080                handle_block
                0x0000000000000cb8                handle
                0x0000000000000dd8                handle_msg_passing
 .text          0x00000000000012cc      0x12c nameServer.o
                0x00000000000012cc                nameServer
 .text          0x00000000000013f8      0x194 taskDescriptor.o
                0x00000000000013f8                schedule
                0x000000000000155c                getTaskDes
                0x00000000000014d0                pq_delete
                0x000000000000143c                pq_insert
                0x0000000000001478                pq_movetoend
 .text          0x000000000000158c      0x11c userFunction.o
                0x0000000000001590                user
                0x000000000000158c                idle
                0x00000000000015f0                first
 .text          0x00000000000016a8      0x4f8 contextSwitch.o
                0x00000000000016a8                activate
                0x000000000000190c                initialize
 .text          0x0000000000001ba0      0xa1c command.o
                0x0000000000001cf4                parse_digit3
                0x00000000000023a8                parse_command
                0x0000000000002110                parse_arg3
                0x0000000000001e1c                parse_arg1
                0x0000000000001ba0                parse_digit1
                0x0000000000001c20                parse_digit2
                0x0000000000001f3c                parse_arg2
 .text          0x00000000000025bc      0x2b0 syscall.o
                0x00000000000025bc                Send
                0x00000000000027bc                MyParentTid
                0x00000000000027ec                Pass
                0x0000000000002730                Create
                0x0000000000002824                AwaitEvent
                0x0000000000002650                Receive
                0x00000000000026c0                Reply
                0x000000000000278c                MyTid
                0x0000000000002808                Exit
 .text          0x000000000000286c      0x8e8 wrapper.o
                0x0000000000002c3c                putw
                0x0000000000002908                Getc
                0x0000000000002988                Putc
                0x0000000000002be8                putstr
                0x0000000000002e7c                i2a
                0x0000000000002e98                format
                0x00000000000028c0                WhoIs
                0x00000000000030d0                setspeed
                0x0000000000003094                setfifo
                0x0000000000002b28                myc2x
                0x0000000000002b48                putx
                0x0000000000002ab8                DelayUntil
                0x0000000000002da0                ui2a
                0x0000000000002d48                a2i
                0x0000000000002d08                a2d
                0x000000000000300c                Printf
                0x000000000000286c                RegisterAs
                0x0000000000002a64                Delay
                0x0000000000002b10                Insert
                0x0000000000002a10                Time
                0x0000000000002b98                putr
 .text          0x0000000000003154      0xf3c ioServer.o
                0x0000000000003e18                Courier1
                0x0000000000003d90                COM2PutNotifier
                0x0000000000003434                COM1PutServer
                0x0000000000003f54                Courier2
                0x000000000000394c                COM2PutServer
                0x0000000000003bf4                COM1PutNotifier
                0x0000000000003154                COM1GetServer
                0x000000000000366c                COM2GetServer
                0x0000000000003d2c                COM2GetNotifier
                0x0000000000003b8c                COM1GetNotifier
 .text          0x0000000000004090      0xd24 train.o
                0x00000000000043c0                timer
                0x00000000000044f4                sensorData
                0x0000000000004090                init
                0x00000000000048ac                trainCommunication
 .text          0x0000000000004db4      0xc54 bwio.o
                0x000000000000512c                bwputr
                0x0000000000005698                bwi2a
                0x0000000000004db4                bwsetfifo
                0x0000000000004f88                bwputc
                0x00000000000053e8                bwa2d
                0x0000000000004e7c                bwsetspeed
                0x000000000000504c                c2x
                0x0000000000005490                bwa2i
                0x0000000000005330                bwgetc
                0x0000000000005554                bwui2a
                0x00000000000056fc                bwformat
                0x0000000000005228                bwputw
                0x00000000000059d0                bwprintf
                0x00000000000050ac                bwputx
                0x00000000000051ac                bwputstr
 .text          0x0000000000005a08      0x110 /u/wbcowan/gnuarm-4.0.2/lib/gcc/arm-elf/4.0.2/libgcc.a(_udivsi3.o)
                0x0000000000005a08                __udivsi3
                0x0000000000005b00                __aeabi_uidivmod
 .text          0x0000000000005b18       0xcc /u/wbcowan/gnuarm-4.0.2/lib/gcc/arm-elf/4.0.2/libgcc.a(_umodsi3.o)
                0x0000000000005b18                __umodsi3
 .text          0x0000000000005be4        0x4 /u/wbcowan/gnuarm-4.0.2/lib/gcc/arm-elf/4.0.2/libgcc.a(_dvmd_tls.o)
                0x0000000000005be4                __aeabi_ldiv0
                0x0000000000005be4                __div0
                0x0000000000005be4                __aeabi_idiv0
 *(.got)
 .got           0x0000000000005be8       0x4c kernel.o
 *(.got.plt)
 .got.plt       0x0000000000005c34        0xc kernel.o
                0x0000000000005c34                _GLOBAL_OFFSET_TABLE_
 *(.rodata)
 .rodata        0x0000000000005c40       0x18 kernel.o
 .rodata        0x0000000000005c58       0x58 ioServer.o
 .rodata        0x0000000000005cb0      0x204 train.o
 *(.rodata.str1.4)
 .rodata.str1.4
                0x0000000000005eb4        0xc ClockServer.o
 .rodata.str1.4
                0x0000000000005ec0       0x55 wrapper.o
                                         0x64 (size before relaxing)
 *(.glue_7)
 *fill*         0x0000000000005f15        0x3 00
 *(.glue_7t)

.rel.dyn
LOAD kernel.o
LOAD ClockServer.o
LOAD helper.o
LOAD kernelFunction.o
LOAD nameServer.o
LOAD taskDescriptor.o
LOAD userFunction.o
LOAD contextSwitch.o
LOAD command.o
LOAD syscall.o
LOAD wrapper.o
LOAD ioServer.o
LOAD train.o
LOAD bwio.o
LOAD /u/wbcowan/gnuarm-4.0.2/lib/gcc/arm-elf/4.0.2/libgcc.a
OUTPUT(kernel.elf elf32-littlearm)

.comment        0x0000000000000000       0xfc
 .comment       0x0000000000000000       0x12 kernel.o
 .comment       0x0000000000000012       0x12 ClockServer.o
 .comment       0x0000000000000024       0x12 helper.o
 .comment       0x0000000000000036       0x12 kernelFunction.o
 .comment       0x0000000000000048       0x12 nameServer.o
 .comment       0x000000000000005a       0x12 taskDescriptor.o
 .comment       0x000000000000006c       0x12 userFunction.o
 .comment       0x000000000000007e       0x12 contextSwitch.o
 .comment       0x0000000000000090       0x12 command.o
 .comment       0x00000000000000a2       0x12 syscall.o
 .comment       0x00000000000000b4       0x12 wrapper.o
 .comment       0x00000000000000c6       0x12 ioServer.o
 .comment       0x00000000000000d8       0x12 train.o
 .comment       0x00000000000000ea       0x12 bwio.o

.debug_line     0x0000000000000000      0x14f
 .debug_line    0x0000000000000000       0x86 /u/wbcowan/gnuarm-4.0.2/lib/gcc/arm-elf/4.0.2/libgcc.a(_udivsi3.o)
 .debug_line    0x0000000000000086       0x6f /u/wbcowan/gnuarm-4.0.2/lib/gcc/arm-elf/4.0.2/libgcc.a(_umodsi3.o)
 .debug_line    0x00000000000000f5       0x5a /u/wbcowan/gnuarm-4.0.2/lib/gcc/arm-elf/4.0.2/libgcc.a(_dvmd_tls.o)

.debug_info     0x0000000000000000      0x153
 .debug_info    0x0000000000000000       0x71 /u/wbcowan/gnuarm-4.0.2/lib/gcc/arm-elf/4.0.2/libgcc.a(_udivsi3.o)
 .debug_info    0x0000000000000071       0x71 /u/wbcowan/gnuarm-4.0.2/lib/gcc/arm-elf/4.0.2/libgcc.a(_umodsi3.o)
 .debug_info    0x00000000000000e2       0x71 /u/wbcowan/gnuarm-4.0.2/lib/gcc/arm-elf/4.0.2/libgcc.a(_dvmd_tls.o)

.debug_abbrev   0x0000000000000000       0x3c
 .debug_abbrev  0x0000000000000000       0x14 /u/wbcowan/gnuarm-4.0.2/lib/gcc/arm-elf/4.0.2/libgcc.a(_udivsi3.o)
 .debug_abbrev  0x0000000000000014       0x14 /u/wbcowan/gnuarm-4.0.2/lib/gcc/arm-elf/4.0.2/libgcc.a(_umodsi3.o)
 .debug_abbrev  0x0000000000000028       0x14 /u/wbcowan/gnuarm-4.0.2/lib/gcc/arm-elf/4.0.2/libgcc.a(_dvmd_tls.o)

.debug_aranges  0x0000000000000000       0x60
 .debug_aranges
                0x0000000000000000       0x20 /u/wbcowan/gnuarm-4.0.2/lib/gcc/arm-elf/4.0.2/libgcc.a(_udivsi3.o)
 .debug_aranges
                0x0000000000000020       0x20 /u/wbcowan/gnuarm-4.0.2/lib/gcc/arm-elf/4.0.2/libgcc.a(_umodsi3.o)
 .debug_aranges
                0x0000000000000040       0x20 /u/wbcowan/gnuarm-4.0.2/lib/gcc/arm-elf/4.0.2/libgcc.a(_dvmd_tls.o)
